Archive member included to satisfy reference by file (symbol)

/opt/homebrew/Cellar/arm-none-eabi-gcc@8/8.5.0_2/lib/arm-none-eabi-gcc/8/gcc/arm-none-eabi/8.5.0/thumb/v6-m/nofp/libgcc.a(_thumb1_case_sqi.o)
                              .build/obj_cannonkeys_instant65_hrm/protocol/chibios/usb_main.o (__gnu_thumb1_case_sqi)
/opt/homebrew/Cellar/arm-none-eabi-gcc@8/8.5.0_2/lib/arm-none-eabi-gcc/8/gcc/arm-none-eabi/8.5.0/thumb/v6-m/nofp/libgcc.a(_thumb1_case_uqi.o)
                              .build/obj_cannonkeys_instant65_hrm/quantum/keymap_introspection.o (__gnu_thumb1_case_uqi)
/opt/homebrew/Cellar/arm-none-eabi-gcc@8/8.5.0_2/lib/arm-none-eabi-gcc/8/gcc/arm-none-eabi/8.5.0/thumb/v6-m/nofp/libgcc.a(_thumb1_case_uhi.o)
                              .build/obj_cannonkeys_instant65_hrm/quantum/keymap_introspection.o (__gnu_thumb1_case_uhi)
/opt/homebrew/Cellar/arm-none-eabi-gcc@8/8.5.0_2/lib/arm-none-eabi-gcc/8/gcc/arm-none-eabi/8.5.0/thumb/v6-m/nofp/libgcc.a(_udivsi3.o)
                              .build/obj_cannonkeys_instant65_hrm/quantum/quantum.o (__aeabi_uidiv)
/opt/homebrew/Cellar/arm-none-eabi-gcc@8/8.5.0_2/lib/arm-none-eabi-gcc/8/gcc/arm-none-eabi/8.5.0/thumb/v6-m/nofp/libgcc.a(_divsi3.o)
                              .build/obj_cannonkeys_instant65_hrm/quantum/color.o (__aeabi_idiv)
/opt/homebrew/Cellar/arm-none-eabi-gcc@8/8.5.0_2/lib/arm-none-eabi-gcc/8/gcc/arm-none-eabi/8.5.0/thumb/v6-m/nofp/libgcc.a(_dvmd_tls.o)
                              /opt/homebrew/Cellar/arm-none-eabi-gcc@8/8.5.0_2/lib/arm-none-eabi-gcc/8/gcc/arm-none-eabi/8.5.0/thumb/v6-m/nofp/libgcc.a(_udivsi3.o) (__aeabi_idiv0)
/opt/homebrew/Cellar/arm-none-eabi-gcc@8/8.5.0_2/lib/arm-none-eabi-gcc/8/gcc/arm-none-eabi/8.5.0/thumb/v6-m/nofp/libgcc.a(_aeabi_ldivmod.o)
                              .build/obj_cannonkeys_instant65_hrm/quantum/action.o (__aeabi_ldivmod)
/opt/homebrew/Cellar/arm-none-eabi-gcc@8/8.5.0_2/lib/arm-none-eabi-gcc/8/gcc/arm-none-eabi/8.5.0/thumb/v6-m/nofp/libgcc.a(_aeabi_uldivmod.o)
                              .build/obj_cannonkeys_instant65_hrm/quantum/action.o (__aeabi_uldivmod)
/opt/homebrew/Cellar/arm-none-eabi-gcc@8/8.5.0_2/lib/arm-none-eabi-gcc/8/gcc/arm-none-eabi/8.5.0/thumb/v6-m/nofp/libgcc.a(_muldi3.o)
                              .build/obj_cannonkeys_instant65_hrm/quantum/action.o (__aeabi_lmul)
/opt/homebrew/Cellar/arm-none-eabi-gcc@8/8.5.0_2/lib/arm-none-eabi-gcc/8/gcc/arm-none-eabi/8.5.0/thumb/v6-m/nofp/libgcc.a(_udivmoddi4.o)
                              /opt/homebrew/Cellar/arm-none-eabi-gcc@8/8.5.0_2/lib/arm-none-eabi-gcc/8/gcc/arm-none-eabi/8.5.0/thumb/v6-m/nofp/libgcc.a(_aeabi_uldivmod.o) (__udivmoddi4)
/opt/homebrew/Cellar/arm-none-eabi-gcc@8/8.5.0_2/lib/arm-none-eabi-gcc/8/gcc/arm-none-eabi/8.5.0/thumb/v6-m/nofp/libgcc.a(bpabi.o)
                              /opt/homebrew/Cellar/arm-none-eabi-gcc@8/8.5.0_2/lib/arm-none-eabi-gcc/8/gcc/arm-none-eabi/8.5.0/thumb/v6-m/nofp/libgcc.a(_aeabi_ldivmod.o) (__gnu_ldivmod_helper)
/opt/homebrew/Cellar/arm-none-eabi-gcc@8/8.5.0_2/lib/arm-none-eabi-gcc/8/gcc/arm-none-eabi/8.5.0/thumb/v6-m/nofp/libgcc.a(_clzdi2.o)
                              /opt/homebrew/Cellar/arm-none-eabi-gcc@8/8.5.0_2/lib/arm-none-eabi-gcc/8/gcc/arm-none-eabi/8.5.0/thumb/v6-m/nofp/libgcc.a(_udivmoddi4.o) (__clzdi2)
/opt/homebrew/Cellar/arm-none-eabi-gcc@8/8.5.0_2/lib/arm-none-eabi-gcc/8/gcc/arm-none-eabi/8.5.0/thumb/v6-m/nofp/libgcc.a(_divdi3.o)
                              /opt/homebrew/Cellar/arm-none-eabi-gcc@8/8.5.0_2/lib/arm-none-eabi-gcc/8/gcc/arm-none-eabi/8.5.0/thumb/v6-m/nofp/libgcc.a(bpabi.o) (__divdi3)
/opt/homebrew/Cellar/arm-none-eabi-gcc@8/8.5.0_2/lib/arm-none-eabi-gcc/8/gcc/arm-none-eabi/8.5.0/thumb/v6-m/nofp/libgcc.a(_clzsi2.o)
                              /opt/homebrew/Cellar/arm-none-eabi-gcc@8/8.5.0_2/lib/arm-none-eabi-gcc/8/gcc/arm-none-eabi/8.5.0/thumb/v6-m/nofp/libgcc.a(_clzdi2.o) (__clzsi2)
/opt/homebrew/Cellar/arm-none-eabi-gcc@8/8.5.0_2/lib/arm-none-eabi-gcc/8/gcc/arm-none-eabi/8.5.0/../../../../../../arm-none-eabi/lib/thumb/v6-m/nofp/libg_nano.a(lib_a-abort.o)
                              .build/obj_cannonkeys_instant65_hrm/lib/chibios/os/various/syscalls.o (abort)
/opt/homebrew/Cellar/arm-none-eabi-gcc@8/8.5.0_2/lib/arm-none-eabi-gcc/8/gcc/arm-none-eabi/8.5.0/../../../../../../arm-none-eabi/lib/thumb/v6-m/nofp/libg_nano.a(lib_a-ctype_.o)
                              .build/obj_cannonkeys_instant65_hrm/quantum/send_string/send_string.o (_ctype_)
/opt/homebrew/Cellar/arm-none-eabi-gcc@8/8.5.0_2/lib/arm-none-eabi-gcc/8/gcc/arm-none-eabi/8.5.0/../../../../../../arm-none-eabi/lib/thumb/v6-m/nofp/libg_nano.a(lib_a-errno.o)
                              .build/obj_cannonkeys_instant65_hrm/platforms/chibios/syscall-fallbacks.o (__errno)
/opt/homebrew/Cellar/arm-none-eabi-gcc@8/8.5.0_2/lib/arm-none-eabi-gcc/8/gcc/arm-none-eabi/8.5.0/../../../../../../arm-none-eabi/lib/thumb/v6-m/nofp/libg_nano.a(lib_a-impure.o)
[...]
Memory Configuration

Name             Origin             Length             Attributes
flash0           0x08000000         0x00020000         xr
flash1           0x00000000         0x00000000         xr
flash2           0x00000000         0x00000000         xr
flash3           0x00000000         0x00000000         xr
flash4           0x00000000         0x00000000         xr
flash5           0x00000000         0x00000000         xr
flash6           0x00000000         0x00000000         xr
flash7           0x00000000         0x00000000         xr
ram0             0x20000000         0x00004000         xw
ram1             0x00000000         0x00000000         xw
ram2             0x00000000         0x00000000         xw
ram3             0x00000000         0x00000000         xw
ram4             0x00000000         0x00000000         xw
ram5             0x00000000         0x00000000         xw
ram6             0x00000000         0x00000000         xw
ram7             0x00000000         0x00000000         xw
*default*        0x00000000         0xffffffff

Linker script and memory map

LOAD .build/obj_cannonkeys_instant65_hrm/.build/obj_cannonkeys_instant65_hrm/src/default_keyboard.o
LOAD .build/obj_cannonkeys_instant65_hrm/quantum/keymap_introspection.o
LOAD .build/obj_cannonkeys_instant65_hrm/quantum/quantum.o
LOAD .build/obj_cannonkeys_instant65_hrm/quantum/bitwise.o
LOAD .build/obj_cannonkeys_instant65_hrm/quantum/led.o
LOAD .build/obj_cannonkeys_instant65_hrm/quantum/action.o
LOAD .build/obj_cannonkeys_instant65_hrm/quantum/action_layer.o
LOAD .build/obj_cannonkeys_instant65_hrm/quantum/action_tapping.o
LOAD .build/obj_cannonkeys_instant65_hrm/quantum/action_util.o
LOAD .build/obj_cannonkeys_instant65_hrm/quantum/eeconfig.o
LOAD .build/obj_cannonkeys_instant65_hrm/quantum/keyboard.o
LOAD .build/obj_cannonkeys_instant65_hrm/quantum/keymap_common.o
LOAD .build/obj_cannonkeys_instant65_hrm/quantum/keycode_config.o
LOAD .build/obj_cannonkeys_instant65_hrm/quantum/sync_timer.o
LOAD .build/obj_cannonkeys_instant65_hrm/quantum/logging/debug.o
LOAD .build/obj_cannonkeys_instant65_hrm/quantum/logging/sendchar.o
LOAD .build/obj_cannonkeys_instant65_hrm/quantum/logging/print.o
LOAD .build/obj_cannonkeys_instant65_hrm/quantum/matrix_common.o
LOAD .build/obj_cannonkeys_instant65_hrm/quantum/matrix.o
LOAD .build/obj_cannonkeys_instant65_hrm/quantum/debounce/sym_defer_g.o
LOAD .build/obj_cannonkeys_instant65_hrm/quantum/main.o
LOAD .build/obj_cannonkeys_instant65_hrm/printf.o
LOAD .build/obj_cannonkeys_instant65_hrm/eeprom_driver.o
LOAD .build/obj_cannonkeys_instant65_hrm/eeprom_legacy_emulated_flash.o
LOAD .build/obj_cannonkeys_instant65_hrm/legacy_flash_ops.o
LOAD .build/obj_cannonkeys_instant65_hrm/quantum/color.o
LOAD .build/obj_cannonkeys_instant65_hrm/quantum/rgblight/rgblight.o
LOAD .build/obj_cannonkeys_instant65_hrm/quantum/rgblight/rgblight_drivers.o
LOAD .build/obj_cannonkeys_instant65_hrm/quantum/process_keycode/process_rgb.o
LOAD .build/obj_cannonkeys_instant65_hrm/quantum/backlight/backlight.o
LOAD .build/obj_cannonkeys_instant65_hrm/quantum/process_keycode/process_backlight.o
LOAD .build/obj_cannonkeys_instant65_hrm/quantum/backlight/backlight_driver_common.o
LOAD .build/obj_cannonkeys_instant65_hrm/platforms/chibios/drivers/backlight_pwm.o
LOAD .build/obj_cannonkeys_instant65_hrm/quantum/led_tables.o
LOAD .build/obj_cannonkeys_instant65_hrm/ws2812_spi.o
LOAD .build/obj_cannonkeys_instant65_hrm/quantum/bootmagic/bootmagic.o
LOAD .build/obj_cannonkeys_instant65_hrm/quantum/command.o
LOAD .build/obj_cannonkeys_instant65_hrm/quantum/deferred_exec.o
LOAD .build/obj_cannonkeys_instant65_hrm/quantum/dynamic_keymap.o
LOAD .build/obj_cannonkeys_instant65_hrm/quantum/process_keycode/process_grave_esc.o
LOAD .build/obj_cannonkeys_instant65_hrm/quantum/process_keycode/process_magic.o
LOAD .build/obj_cannonkeys_instant65_hrm/quantum/mousekey.o
LOAD .build/obj_cannonkeys_instant65_hrm/quantum/send_string/send_string.o
LOAD .build/obj_cannonkeys_instant65_hrm/quantum/process_keycode/process_space_cadet.o
LOAD .build/obj_cannonkeys_instant65_hrm/quantum/process_keycode/process_tri_layer.o
LOAD .build/obj_cannonkeys_instant65_hrm/quantum/tri_layer.o
LOAD .build/obj_cannonkeys_instant65_hrm/quantum/via.o
LOAD .build/obj_cannonkeys_instant65_hrm/protocol/host.o
LOAD .build/obj_cannonkeys_instant65_hrm/protocol/report.o
LOAD .build/obj_cannonkeys_instant65_hrm/protocol/usb_device_state.o
LOAD .build/obj_cannonkeys_instant65_hrm/protocol/usb_util.o
LOAD .build/obj_cannonkeys_instant65_hrm/platforms/suspend.o
LOAD .build/obj_cannonkeys_instant65_hrm/platforms/synchronization_util.o
LOAD .build/obj_cannonkeys_instant65_hrm/platforms/timer.o
LOAD .build/obj_cannonkeys_instant65_hrm/platforms/chibios/hardware_id.o
LOAD .build/obj_cannonkeys_instant65_hrm/platforms/chibios/platform.o
LOAD .build/obj_cannonkeys_instant65_hrm/platforms/chibios/suspend.o
LOAD .build/obj_cannonkeys_instant65_hrm/platforms/chibios/timer.o
LOAD .build/obj_cannonkeys_instant65_hrm/platforms/chibios/bootloaders/stm32_dfu.o
LOAD .build/obj_cannonkeys_instant65_hrm/./lib/chibios/os/common/startup/ARMCMx/compilers/GCC/crt0_v6m.o
LOAD .build/obj_cannonkeys_instant65_hrm/./lib/chibios/os/common/startup/ARMCMx/compilers/GCC/vectors.o
LOAD .build/obj_cannonkeys_instant65_hrm/./lib/chibios/os/common/ports/ARMv6-M/compilers/GCC/chcoreasm.o
LOAD .build/obj_cannonkeys_instant65_hrm/protocol/chibios/usb_main.o
LOAD .build/obj_cannonkeys_instant65_hrm/protocol/chibios/chibios.o
LOAD .build/obj_cannonkeys_instant65_hrm/usb_descriptor.o
LOAD .build/obj_cannonkeys_instant65_hrm/protocol/chibios/usb_driver.o
LOAD .build/obj_cannonkeys_instant65_hrm/protocol/chibios/usb_endpoints.o
LOAD .build/obj_cannonkeys_instant65_hrm/protocol/chibios/usb_report_handling.o
LOAD .build/obj_cannonkeys_instant65_hrm/protocol/chibios/usb_util.o
LOAD .build/obj_cannonkeys_instant65_hrm/lib/chibios/os/common/startup/ARMCMx/compilers/GCC/crt1.o
LOAD .build/obj_cannonkeys_instant65_hrm/lib/chibios/os/rt/src/chsys.o
LOAD .build/obj_cannonkeys_instant65_hrm/lib/chibios/os/rt/src/chrfcu.o
LOAD .build/obj_cannonkeys_instant65_hrm/lib/chibios/os/rt/src/chdebug.o
LOAD .build/obj_cannonkeys_instant65_hrm/lib/chibios/os/rt/src/chtrace.o
LOAD .build/obj_cannonkeys_instant65_hrm/lib/chibios/os/rt/src/chvt.o
LOAD .build/obj_cannonkeys_instant65_hrm/lib/chibios/os/rt/src/chschd.o
LOAD .build/obj_cannonkeys_instant65_hrm/lib/chibios/os/rt/src/chinstances.o
LOAD .build/obj_cannonkeys_instant65_hrm/lib/chibios/os/rt/src/chthreads.o
LOAD .build/obj_cannonkeys_instant65_hrm/lib/chibios/os/rt/src/chtm.o
LOAD .build/obj_cannonkeys_instant65_hrm/lib/chibios/os/rt/src/chstats.o
LOAD .build/obj_cannonkeys_instant65_hrm/lib/chibios/os/rt/src/chregistry.o
LOAD .build/obj_cannonkeys_instant65_hrm/lib/chibios/os/rt/src/chsem.o
LOAD .build/obj_cannonkeys_instant65_hrm/lib/chibios/os/rt/src/chmtx.o
LOAD .build/obj_cannonkeys_instant65_hrm/lib/chibios/os/rt/src/chcond.o
LOAD .build/obj_cannonkeys_instant65_hrm/lib/chibios/os/rt/src/chevents.o
LOAD .build/obj_cannonkeys_instant65_hrm/lib/chibios/os/rt/src/chmsg.o
LOAD .build/obj_cannonkeys_instant65_hrm/lib/chibios/os/rt/src/chdynamic.o
LOAD .build/obj_cannonkeys_instant65_hrm/lib/chibios/os/common/ports/ARMv6-M/chcore.o
LOAD .build/obj_cannonkeys_instant65_hrm/lib/chibios/os/hal/osal/rt-nil/osal.o
LOAD .build/obj_cannonkeys_instant65_hrm/lib/chibios/os/oslib/src/chmboxes.o
LOAD .build/obj_cannonkeys_instant65_hrm/lib/chibios/os/oslib/src/chmemcore.o
LOAD .build/obj_cannonkeys_instant65_hrm/lib/chibios/os/oslib/src/chmemheaps.o
LOAD .build/obj_cannonkeys_instant65_hrm/lib/chibios/os/oslib/src/chmempools.o
LOAD .build/obj_cannonkeys_instant65_hrm/lib/chibios/os/oslib/src/chpipes.o
LOAD .build/obj_cannonkeys_instant65_hrm/lib/chibios/os/oslib/src/chobjcaches.o
LOAD .build/obj_cannonkeys_instant65_hrm/lib/chibios/os/oslib/src/chdelegates.o
LOAD .build/obj_cannonkeys_instant65_hrm/lib/chibios/os/oslib/src/chfactory.o
LOAD .build/obj_cannonkeys_instant65_hrm/lib/chibios/os/hal/src/hal.o
LOAD .build/obj_cannonkeys_instant65_hrm/lib/chibios/os/hal/src/hal_st.o
LOAD .build/obj_cannonkeys_instant65_hrm/lib/chibios/os/hal/src/hal_buffers.o
LOAD .build/obj_cannonkeys_instant65_hrm/lib/chibios/os/hal/src/hal_queues.o
LOAD .build/obj_cannonkeys_instant65_hrm/lib/chibios/os/hal/src/hal_flash.o
LOAD .build/obj_cannonkeys_instant65_hrm/lib/chibios/os/hal/src/hal_mmcsd.o
LOAD .build/obj_cannonkeys_instant65_hrm/lib/chibios/os/hal/src/hal_adc.o
LOAD .build/obj_cannonkeys_instant65_hrm/lib/chibios/os/hal/src/hal_can.o
LOAD .build/obj_cannonkeys_instant65_hrm/lib/chibios/os/hal/src/hal_crypto.o
LOAD .build/obj_cannonkeys_instant65_hrm/lib/chibios/os/hal/src/hal_dac.o
LOAD .build/obj_cannonkeys_instant65_hrm/lib/chibios/os/hal/src/hal_efl.o
LOAD .build/obj_cannonkeys_instant65_hrm/lib/chibios/os/hal/src/hal_gpt.o
LOAD .build/obj_cannonkeys_instant65_hrm/lib/chibios/os/hal/src/hal_i2c.o
LOAD .build/obj_cannonkeys_instant65_hrm/lib/chibios/os/hal/src/hal_i2s.o
LOAD .build/obj_cannonkeys_instant65_hrm/lib/chibios/os/hal/src/hal_icu.o
LOAD .build/obj_cannonkeys_instant65_hrm/lib/chibios/os/hal/src/hal_mac.o
LOAD .build/obj_cannonkeys_instant65_hrm/lib/chibios/os/hal/src/hal_mmc_spi.o
LOAD .build/obj_cannonkeys_instant65_hrm/lib/chibios/os/hal/src/hal_pal.o
LOAD .build/obj_cannonkeys_instant65_hrm/lib/chibios/os/hal/src/hal_pwm.o
LOAD .build/obj_cannonkeys_instant65_hrm/lib/chibios/os/hal/src/hal_rtc.o
LOAD .build/obj_cannonkeys_instant65_hrm/lib/chibios/os/hal/src/hal_sdc.o
LOAD .build/obj_cannonkeys_instant65_hrm/lib/chibios/os/hal/src/hal_serial.o
LOAD .build/obj_cannonkeys_instant65_hrm/lib/chibios/os/hal/src/hal_serial_usb.o
LOAD .build/obj_cannonkeys_instant65_hrm/lib/chibios/os/hal/src/hal_sio.o
LOAD .build/obj_cannonkeys_instant65_hrm/lib/chibios/os/hal/src/hal_spi.o
LOAD .build/obj_cannonkeys_instant65_hrm/lib/chibios/os/hal/src/hal_trng.o
LOAD .build/obj_cannonkeys_instant65_hrm/lib/chibios/os/hal/src/hal_uart.o
LOAD .build/obj_cannonkeys_instant65_hrm/lib/chibios/os/hal/src/hal_usb.o
LOAD .build/obj_cannonkeys_instant65_hrm/lib/chibios/os/hal/src/hal_wdg.o
LOAD .build/obj_cannonkeys_instant65_hrm/lib/chibios/os/hal/src/hal_wspi.o
LOAD .build/obj_cannonkeys_instant65_hrm/lib/chibios/os/hal/ports/common/ARMCMx/nvic.o
LOAD .build/obj_cannonkeys_instant65_hrm/lib/chibios/os/hal/ports/STM32/STM32F0xx/stm32_isr.o
LOAD .build/obj_cannonkeys_instant65_hrm/lib/chibios/os/hal/ports/STM32/STM32F0xx/hal_lld.o
LOAD .build/obj_cannonkeys_instant65_hrm/lib/chibios/os/hal/ports/STM32/STM32F0xx/hal_efl_lld.o
LOAD .build/obj_cannonkeys_instant65_hrm/lib/chibios/os/hal/ports/STM32/LLD/ADCv1/hal_adc_lld.o
LOAD .build/obj_cannonkeys_instant65_hrm/lib/chibios/os/hal/ports/STM32/LLD/CANv1/hal_can_lld.o
LOAD .build/obj_cannonkeys_instant65_hrm/lib/chibios/os/hal/ports/STM32/LLD/DACv1/hal_dac_lld.o
LOAD .build/obj_cannonkeys_instant65_hrm/lib/chibios/os/hal/ports/STM32/LLD/DMAv1/stm32_dma.o
LOAD .build/obj_cannonkeys_instant65_hrm/lib/chibios/os/hal/ports/STM32/LLD/EXTIv1/stm32_exti.o
LOAD .build/obj_cannonkeys_instant65_hrm/lib/chibios/os/hal/ports/STM32/LLD/GPIOv2/hal_pal_lld.o
LOAD .build/obj_cannonkeys_instant65_hrm/lib/chibios/os/hal/ports/STM32/LLD/I2Cv2/hal_i2c_lld.o
LOAD .build/obj_cannonkeys_instant65_hrm/lib/chibios/os/hal/ports/STM32/LLD/RTCv2/hal_rtc_lld.o
LOAD .build/obj_cannonkeys_instant65_hrm/lib/chibios/os/hal/ports/STM32/LLD/SPIv2/hal_i2s_lld.o
LOAD .build/obj_cannonkeys_instant65_hrm/lib/chibios/os/hal/ports/STM32/LLD/SPIv2/hal_spi_v2_lld.o
LOAD .build/obj_cannonkeys_instant65_hrm/lib/chibios/os/hal/ports/STM32/LLD/SYSTICKv1/hal_st_lld.o
LOAD .build/obj_cannonkeys_instant65_hrm/lib/chibios/os/hal/ports/STM32/LLD/TIMv1/hal_gpt_lld.o
LOAD .build/obj_cannonkeys_instant65_hrm/lib/chibios/os/hal/ports/STM32/LLD/TIMv1/hal_icu_lld.o
LOAD .build/obj_cannonkeys_instant65_hrm/lib/chibios/os/hal/ports/STM32/LLD/TIMv1/hal_pwm_lld.o
LOAD .build/obj_cannonkeys_instant65_hrm/lib/chibios/os/hal/ports/STM32/LLD/USARTv2/hal_serial_lld.o
LOAD .build/obj_cannonkeys_instant65_hrm/lib/chibios/os/hal/ports/STM32/LLD/USARTv2/hal_sio_lld.o
LOAD .build/obj_cannonkeys_instant65_hrm/lib/chibios/os/hal/ports/STM32/LLD/USARTv2/hal_uart_lld.o
LOAD .build/obj_cannonkeys_instant65_hrm/lib/chibios/os/hal/ports/STM32/LLD/USBv1/hal_usb_lld.o
LOAD .build/obj_cannonkeys_instant65_hrm/lib/chibios/os/hal/ports/STM32/LLD/xWDGv1/hal_wdg_lld.o
LOAD .build/obj_cannonkeys_instant65_hrm/lib/chibios/os/hal/boards/ST_NUCLEO64_F072RB/board.o
LOAD .build/obj_cannonkeys_instant65_hrm/lib/chibios/os/hal/lib/streams/chprintf.o
LOAD .build/obj_cannonkeys_instant65_hrm/lib/chibios/os/hal/lib/streams/chscanf.o
LOAD .build/obj_cannonkeys_instant65_hrm/lib/chibios/os/hal/lib/streams/memstreams.o
LOAD .build/obj_cannonkeys_instant65_hrm/lib/chibios/os/hal/lib/streams/nullstreams.o
LOAD .build/obj_cannonkeys_instant65_hrm/lib/chibios/os/hal/lib/streams/bufstreams.o
LOAD .build/obj_cannonkeys_instant65_hrm/lib/chibios/os/various/syscalls.o
LOAD .build/obj_cannonkeys_instant65_hrm/platforms/chibios/syscall-fallbacks.o
LOAD .build/obj_cannonkeys_instant65_hrm/platforms/chibios/wait.o
LOAD .build/obj_cannonkeys_instant65_hrm/platforms/chibios/synchronization_util.o
LOAD .build/obj_cannonkeys_instant65_hrm/platforms/chibios/interrupt_handlers.o
                0x00000800                        __process_stack_size__ = 0x800
                0x00000400                        __main_stack_size__ = 0x400
LOAD /opt/homebrew/Cellar/arm-none-eabi-gcc@8/8.5.0_2/lib/arm-none-eabi-gcc/8/gcc/arm-none-eabi/8.5.0/../../../../../../arm-none-eabi/lib/thumb/v6-m/nofp/libm.a
START GROUP
LOAD /opt/homebrew/Cellar/arm-none-eabi-gcc@8/8.5.0_2/lib/arm-none-eabi-gcc/8/gcc/arm-none-eabi/8.5.0/thumb/v6-m/nofp/libgcc.a
LOAD /opt/homebrew/Cellar/arm-none-eabi-gcc@8/8.5.0_2/lib/arm-none-eabi-gcc/8/gcc/arm-none-eabi/8.5.0/../../../../../../arm-none-eabi/lib/thumb/v6-m/nofp/libg_nano.a
LOAD /opt/homebrew/Cellar/arm-none-eabi-gcc@8/8.5.0_2/lib/arm-none-eabi-gcc/8/gcc/arm-none-eabi/8.5.0/../../../../../../arm-none-eabi/lib/thumb/v6-m/nofp/libc_nano.a
END GROUP
START GROUP
LOAD /opt/homebrew/Cellar/arm-none-eabi-gcc@8/8.5.0_2/lib/arm-none-eabi-gcc/8/gcc/arm-none-eabi/8.5.0/thumb/v6-m/nofp/libgcc.a
LOAD /opt/homebrew/Cellar/arm-none-eabi-gcc@8/8.5.0_2/lib/arm-none-eabi-gcc/8/gcc/arm-none-eabi/8.5.0/../../../../../../arm-none-eabi/lib/thumb/v6-m/nofp/libc_nano.a
END GROUP

.mstack         0x20000000      0x400
                0x20000000                        . = ALIGN (0x8)
                0x20000000                        __main_stack_base__ = .
                0x20000400                        . = (. + __main_stack_size__)
 *fill*         0x20000000      0x400 
                0x20000400                        . = ALIGN (0x8)
                0x20000400                        __main_stack_end__ = .

.pstack         0x20000400      0x800
                0x20000400                        . = ALIGN (0x8)
                0x20000400                        __process_stack_base__ = .
                0x20000400                        __main_thread_stack_base__ = .
                0x20000c00                        . = (. + __process_stack_size__)
 *fill*         0x20000400      0x800 
                0x20000c00                        . = ALIGN (0x8)
                0x20000c00                        __process_stack_end__ = .
                0x20000c00                        __main_thread_stack_end__ = .

.vectors        0x08000000       0xc0
                0x08000000                        __textvectors_base__ = LOADADDR (.vectors)
                0x08000000                        __vectors_base__ = .
 *(.vectors)
 .vectors       0x08000000       0xc0 .build/obj_cannonkeys_instant65_hrm/./lib/chibios/os/common/startup/ARMCMx/compilers/GCC/vectors.o
                0x08000000                _vectors
                0x080000c0                        __vectors_end__ = .

.xtors          0x080000c0        0x0
                0x080000c0                        __init_array_base__ = .
 *(SORT_BY_NAME(.init_array.*))
 *(.init_array)
                0x080000c0                        __init_array_end__ = .
                0x080000c0                        __fini_array_base__ = .
 *(.fini_array)
 *(SORT_BY_NAME(.fini_array.*))
                0x080000c0                        __fini_array_end__ = .

.text           0x080000c0     0xbbea
                0x080000c0                        __text_base__ = .
 *(.text)
 .text          0x080000c0       0xd0 .build/obj_cannonkeys_instant65_hrm/./lib/chibios/os/common/startup/ARMCMx/compilers/GCC/crt0_v6m.o
                0x080000c0                _crt0_entry
 .text          0x08000190        0x8 .build/obj_cannonkeys_instant65_hrm/./lib/chibios/os/common/startup/ARMCMx/compilers/GCC/vectors.o
                0x08000190                Reset_Handler
                0x08000192                Vector9C
                0x08000192                VectorAC
                0x08000192                DebugMon_Handler
                0x08000192                Vector5C
                0x08000192                HardFault_Handler
                0x08000192                Vector8C
                0x08000192                SysTick_Handler
                0x08000192                PendSV_Handler
                0x08000192                Vector94
                0x08000192                VectorA8
                0x08000192                VectorB4
                0x08000192                Vector74
                0x08000192                UsageFault_Handler
                0x08000192                Vector40
                0x08000192                Vector54
                0x08000192                Vector98
                0x08000192                Vector24
                0x08000192                Vector84
                0x08000192                SecureFault_Handler
                0x08000192                MemManage_Handler
                0x08000192                VectorA0
                0x08000192                SVC_Handler
                0x08000192                VectorB0
                0x08000192                Vector90
                0x08000192                Vector60
                0x08000192                Vector48
                0x08000192                Vector70
                0x08000192                Vector4C
                0x08000192                Vector78
                0x08000192                Vector20
                0x08000192                Vector58
                0x08000192                Vector88
                0x08000192                BusFault_Handler
                0x08000192                Vector50
                0x08000192                Vector44
                0x08000192                Vector28
                0x08000192                VectorB8
                0x08000192                Vector34
                0x08000192                VectorA4
                0x08000196                _unhandled_exception
 .text          0x08000198       0x44 .build/obj_cannonkeys_instant65_hrm/./lib/chibios/os/common/ports/ARMv6-M/compilers/GCC/chcoreasm.o
                0x08000198                __port_switch
                0x080001b8                __port_thread_start
                0x080001c6                __port_switch_from_isr
                0x080001ca                __port_exit_from_isr
 .text          0x080001dc       0x14 /opt/homebrew/Cellar/arm-none-eabi-gcc@8/8.5.0_2/lib/arm-none-eabi-gcc/8/gcc/arm-none-eabi/8.5.0/thumb/v6-m/nofp/libgcc.a(_thumb1_case_sqi.o)
                0x080001dc                __gnu_thumb1_case_sqi
 .text          0x080001f0       0x14 /opt/homebrew/Cellar/arm-none-eabi-gcc@8/8.5.0_2/lib/arm-none-eabi-gcc/8/gcc/arm-none-eabi/8.5.0/thumb/v6-m/nofp/libgcc.a(_thumb1_case_uqi.o)
                0x080001f0                __gnu_thumb1_case_uqi
 .text          0x08000204       0x14 /opt/homebrew/Cellar/arm-none-eabi-gcc@8/8.5.0_2/lib/arm-none-eabi-gcc/8/gcc/arm-none-eabi/8.5.0/thumb/v6-m/nofp/libgcc.a(_thumb1_case_uhi.o)
                0x08000204                __gnu_thumb1_case_uhi
 .text          0x08000218      0x114 /opt/homebrew/Cellar/arm-none-eabi-gcc@8/8.5.0_2/lib/arm-none-eabi-gcc/8/gcc/arm-none-eabi/8.5.0/thumb/v6-m/nofp/libgcc.a(_udivsi3.o)
                0x08000218                __udivsi3
                0x08000218                __aeabi_uidiv
                0x08000324                __aeabi_uidivmod
 .text          0x0800032c      0x1d4 /opt/homebrew/Cellar/arm-none-eabi-gcc@8/8.5.0_2/lib/arm-none-eabi-gcc/8/gcc/arm-none-eabi/8.5.0/thumb/v6-m/nofp/libgcc.a(_divsi3.o)
                0x0800032c                __aeabi_idiv
                0x0800032c                __divsi3
                0x080004f8                __aeabi_idivmod
 .text          0x08000500        0x4 /opt/homebrew/Cellar/arm-none-eabi-gcc@8/8.5.0_2/lib/arm-none-eabi-gcc/8/gcc/arm-none-eabi/8.5.0/thumb/v6-m/nofp/libgcc.a(_dvmd_tls.o)
                0x08000500                __aeabi_ldiv0
                0x08000500                __aeabi_idiv0
 .text          0x08000504       0x40 /opt/homebrew/Cellar/arm-none-eabi-gcc@8/8.5.0_2/lib/arm-none-eabi-gcc/8/gcc/arm-none-eabi/8.5.0/thumb/v6-m/nofp/libgcc.a(_aeabi_uldivmod.o)
                0x08000504                __aeabi_uldivmod
 .text          0x08000544       0x54 /opt/homebrew/Cellar/arm-none-eabi-gcc@8/8.5.0_2/lib/arm-none-eabi-gcc/8/gcc/arm-none-eabi/8.5.0/thumb/v6-m/nofp/libgcc.a(_muldi3.o)
                0x08000544                __aeabi_lmul
                0x08000544                __muldi3
 .text          0x08000598      0x1a4 /opt/homebrew/Cellar/arm-none-eabi-gcc@8/8.5.0_2/lib/arm-none-eabi-gcc/8/gcc/arm-none-eabi/8.5.0/thumb/v6-m/nofp/libgcc.a(_udivmoddi4.o)
                0x08000598                __udivmoddi4
 .text          0x0800073c       0x18 /opt/homebrew/Cellar/arm-none-eabi-gcc@8/8.5.0_2/lib/arm-none-eabi-gcc/8/gcc/arm-none-eabi/8.5.0/thumb/v6-m/nofp/libgcc.a(_clzdi2.o)
                0x0800073c                __clzdi2
 .text          0x08000754       0x3c /opt/homebrew/Cellar/arm-none-eabi-gcc@8/8.5.0_2/lib/arm-none-eabi-gcc/8/gcc/arm-none-eabi/8.5.0/thumb/v6-m/nofp/libgcc.a(_clzsi2.o)
                0x08000754                __clzsi2
 .text          0x08000790       0x10 /opt/homebrew/Cellar/arm-none-eabi-gcc@8/8.5.0_2/lib/arm-none-eabi-gcc/8/gcc/arm-none-eabi/8.5.0/../../../../../../arm-none-eabi/lib/thumb/v6-m/nofp/libg_nano.a(lib_a-abort.o)
                0x08000790                abort
 .text          0x080007a0       0x80 /opt/homebrew/Cellar/arm-none-eabi-gcc@8/8.5.0_2/lib/arm-none-eabi-gcc/8/gcc/arm-none-eabi/8.5.0/../../../../../../arm-none-eabi/lib/thumb/v6-m/nofp/libg_nano.a(lib_a-memchr-stub.o)
                0x080007a0                memchr
 .text          0x08000820       0x50 /opt/homebrew/Cellar/arm-none-eabi-gcc@8/8.5.0_2/lib/arm-none-eabi-gcc/8/gcc/arm-none-eabi/8.5.0/../../../../../../arm-none-eabi/lib/thumb/v6-m/nofp/libg_nano.a(lib_a-memcmp.o)
                0x08000820                memcmp
 .text          0x08000870       0xa8 /opt/homebrew/Cellar/arm-none-eabi-gcc@8/8.5.0_2/lib/arm-none-eabi-gcc/8/gcc/arm-none-eabi/8.5.0/../../../../../../arm-none-eabi/lib/thumb/v6-m/nofp/libg_nano.a(lib_a-memcpy-stub.o)
                0x08000870                memcpy
 .text          0x08000918       0xa8 /opt/homebrew/Cellar/arm-none-eabi-gcc@8/8.5.0_2/lib/arm-none-eabi-gcc/8/gcc/arm-none-eabi/8.5.0/../../../../../../arm-none-eabi/lib/thumb/v6-m/nofp/libg_nano.a(lib_a-memset.o)
                0x08000918                memset
 .text          0x080009c0       0xe8 /opt/homebrew/Cellar/arm-none-eabi-gcc@8/8.5.0_2/lib/arm-none-eabi-gcc/8/gcc/arm-none-eabi/8.5.0/../../../../../../arm-none-eabi/lib/thumb/v6-m/nofp/libg_nano.a(lib_a-rand.o)
                0x080009c0                srand
                0x08000a20                rand
 .text          0x08000aa8      0x178 /opt/homebrew/Cellar/arm-none-eabi-gcc@8/8.5.0_2/lib/arm-none-eabi-gcc/8/gcc/arm-none-eabi/8.5.0/../../../../../../arm-none-eabi/lib/thumb/v6-m/nofp/libg_nano.a(lib_a-signal.o)
                0x08000ad0                _init_signal_r
                0x08000ae8                _signal_r
                0x08000b20                _raise_r
                0x08000b78                __sigtramp_r
                0x08000bc4                raise
                0x08000bd8                signal
                0x08000bf0                _init_signal
                0x08000c0c                __sigtramp
 .text          0x08000c20       0x30 /opt/homebrew/Cellar/arm-none-eabi-gcc@8/8.5.0_2/lib/arm-none-eabi-gcc/8/gcc/arm-none-eabi/8.5.0/../../../../../../arm-none-eabi/lib/thumb/v6-m/nofp/libg_nano.a(lib_a-signalr.o)
                0x08000c20                _kill_r
                0x08000c48                _getpid_r
 .text          0x08000c50       0x4c /opt/homebrew/Cellar/arm-none-eabi-gcc@8/8.5.0_2/lib/arm-none-eabi-gcc/8/gcc/arm-none-eabi/8.5.0/../../../../../../arm-none-eabi/lib/thumb/v6-m/nofp/libg_nano.a(lib_a-assert.o)
                0x08000c50                __assert_func
                0x08000c90                __assert
 .text          0x08000c9c       0x3c /opt/homebrew/Cellar/arm-none-eabi-gcc@8/8.5.0_2/lib/arm-none-eabi-gcc/8/gcc/arm-none-eabi/8.5.0/../../../../../../arm-none-eabi/lib/thumb/v6-m/nofp/libg_nano.a(lib_a-fprintf.o)
                0x08000c9c                _fprintf_r
                0x08000c9c                _fiprintf_r
                0x08000cb4                fprintf
                0x08000cb4                fiprintf
 .text          0x08000cd8       0x28 /opt/homebrew/Cellar/arm-none-eabi-gcc@8/8.5.0_2/lib/arm-none-eabi-gcc/8/gcc/arm-none-eabi/8.5.0/../../../../../../arm-none-eabi/lib/thumb/v6-m/nofp/libg_nano.a(lib_a-malloc.o)
                0x08000cd8                malloc
                0x08000cec                free
 .text          0x08000d00       0xac /opt/homebrew/Cellar/arm-none-eabi-gcc@8/8.5.0_2/lib/arm-none-eabi-gcc/8/gcc/arm-none-eabi/8.5.0/../../../../../../arm-none-eabi/lib/thumb/v6-m/nofp/libg_nano.a(lib_a-nano-freer.o)
                0x08000d00                _free_r
 .text          0x08000dac       0xcc /opt/homebrew/Cellar/arm-none-eabi-gcc@8/8.5.0_2/lib/arm-none-eabi-gcc/8/gcc/arm-none-eabi/8.5.0/../../../../../../arm-none-eabi/lib/thumb/v6-m/nofp/libg_nano.a(lib_a-nano-mallocr.o)
                0x08000dac                _malloc_r
 .text          0x08000e78      0x3cc /opt/homebrew/Cellar/arm-none-eabi-gcc@8/8.5.0_2/lib/arm-none-eabi-gcc/8/gcc/arm-none-eabi/8.5.0/../../../../../../arm-none-eabi/lib/thumb/v6-m/nofp/libg_nano.a(lib_a-nano-vfprintf.o)
                0x08000ea0                __sfputs_r
                0x08000ecc                __sprint_r
                0x08000ee8                _vfiprintf_r
                0x08000ee8                _vfprintf_r
                0x0800122c                vfiprintf
                0x0800122c                vfprintf
 .text          0x08001244      0x3d8 /opt/homebrew/Cellar/arm-none-eabi-gcc@8/8.5.0_2/lib/arm-none-eabi-gcc/8/gcc/arm-none-eabi/8.5.0/../../../../../../arm-none-eabi/lib/thumb/v6-m/nofp/libg_nano.a(lib_a-nano-vfprintf_i.o)
                0x08001244                _printf_common
                0x08001374                _printf_i
 .text          0x0800161c       0xec /opt/homebrew/Cellar/arm-none-eabi-gcc@8/8.5.0_2/lib/arm-none-eabi-gcc/8/gcc/arm-none-eabi/8.5.0/../../../../../../arm-none-eabi/lib/thumb/v6-m/nofp/libg_nano.a(lib_a-wbuf.o)
                0x0800161c                __swbuf_r
                0x080016f0                __swbuf
 .text          0x08001708      0x10c /opt/homebrew/Cellar/arm-none-eabi-gcc@8/8.5.0_2/lib/arm-none-eabi-gcc/8/gcc/arm-none-eabi/8.5.0/../../../../../../arm-none-eabi/lib/thumb/v6-m/nofp/libg_nano.a(lib_a-wsetup.o)
                0x08001708                __swsetup_r
 .text          0x08001814      0x1e4 /opt/homebrew/Cellar/arm-none-eabi-gcc@8/8.5.0_2/lib/arm-none-eabi-gcc/8/gcc/arm-none-eabi/8.5.0/../../../../../../arm-none-eabi/lib/thumb/v6-m/nofp/libg_nano.a(lib_a-fflush.o)
                0x08001814                __sflush_r
                0x08001948                _fflush_r
                0x080019d0                fflush
 .text          0x080019f8      0x2dc /opt/homebrew/Cellar/arm-none-eabi-gcc@8/8.5.0_2/lib/arm-none-eabi-gcc/8/gcc/arm-none-eabi/8.5.0/../../../../../../arm-none-eabi/lib/thumb/v6-m/nofp/libg_nano.a(lib_a-findfp.o)
                0x080019f8                _cleanup_r
                0x08001a40                __sfmoreglue
                0x08001a70                _cleanup
                0x08001a88                __sinit
                0x08001bb0                __sfp
                0x08001c54                __sfp_lock_acquire
                0x08001c64                __sfp_lock_release
                0x08001c74                __sinit_lock_acquire
                0x08001c84                __sinit_lock_release
                0x08001c94                __fp_lock_all
                0x08001cb4                __fp_unlock_all
 .text          0x08001cd4      0x320 /opt/homebrew/Cellar/arm-none-eabi-gcc@8/8.5.0_2/lib/arm-none-eabi-gcc/8/gcc/arm-none-eabi/8.5.0/../../../../../../arm-none-eabi/lib/thumb/v6-m/nofp/libg_nano.a(lib_a-fvwrite.o)
                0x08001cd4                __sfvwrite_r
 .text          0x08001ff4       0x90 /opt/homebrew/Cellar/arm-none-eabi-gcc@8/8.5.0_2/lib/arm-none-eabi-gcc/8/gcc/arm-none-eabi/8.5.0/../../../../../../arm-none-eabi/lib/thumb/v6-m/nofp/libg_nano.a(lib_a-fwalk.o)
                0x08001ff4                _fwalk
                0x08002038                _fwalk_reent
 .text          0x08002084       0x28 /opt/homebrew/Cellar/arm-none-eabi-gcc@8/8.5.0_2/lib/arm-none-eabi-gcc/8/gcc/arm-none-eabi/8.5.0/../../../../../../arm-none-eabi/lib/thumb/v6-m/nofp/libg_nano.a(lib_a-lock.o)
                0x08002084                __retarget_lock_init
                0x08002088                __retarget_lock_init_recursive
                0x0800208c                __retarget_lock_close
                0x08002090                __retarget_lock_close_recursive
                0x08002094                __retarget_lock_acquire
                0x08002098                __retarget_lock_acquire_recursive
                0x0800209c                __retarget_lock_try_acquire
                0x080020a0                __retarget_lock_try_acquire_recursive
                0x080020a4                __retarget_lock_release
                0x080020a8                __retarget_lock_release_recursive
 .text          0x080020ac       0xe0 /opt/homebrew/Cellar/arm-none-eabi-gcc@8/8.5.0_2/lib/arm-none-eabi-gcc/8/gcc/arm-none-eabi/8.5.0/../../../../../../arm-none-eabi/lib/thumb/v6-m/nofp/libg_nano.a(lib_a-makebuf.o)
                0x080020ac                __swhatbuf_r
                0x080020fc                __smakebuf_r
 .text          0x0800218c       0xbc /opt/homebrew/Cellar/arm-none-eabi-gcc@8/8.5.0_2/lib/arm-none-eabi-gcc/8/gcc/arm-none-eabi/8.5.0/../../../../../../arm-none-eabi/lib/thumb/v6-m/nofp/libg_nano.a(lib_a-memmove.o)
                0x0800218c                memmove
 .text          0x08002248       0x20 /opt/homebrew/Cellar/arm-none-eabi-gcc@8/8.5.0_2/lib/arm-none-eabi-gcc/8/gcc/arm-none-eabi/8.5.0/../../../../../../arm-none-eabi/lib/thumb/v6-m/nofp/libg_nano.a(lib_a-mlock.o)
                0x08002248                __malloc_lock
                0x08002258                __malloc_unlock
 .text          0x08002268       0x50 /opt/homebrew/Cellar/arm-none-eabi-gcc@8/8.5.0_2/lib/arm-none-eabi-gcc/8/gcc/arm-none-eabi/8.5.0/../../../../../../arm-none-eabi/lib/thumb/v6-m/nofp/libg_nano.a(lib_a-nano-reallocr.o)
                0x08002268                _realloc_r
 .text          0x080022b8       0xa4 /opt/homebrew/Cellar/arm-none-eabi-gcc@8/8.5.0_2/lib/arm-none-eabi-gcc/8/gcc/arm-none-eabi/8.5.0/../../../../../../arm-none-eabi/lib/thumb/v6-m/nofp/libg_nano.a(lib_a-stdio.o)
                0x080022b8                __sread
                0x080022e0                __seofread
                0x080022e4                __swrite
                0x08002324                __sseek
                0x08002350                __sclose
 .text          0x0800235c       0x14 /opt/homebrew/Cellar/arm-none-eabi-gcc@8/8.5.0_2/lib/arm-none-eabi-gcc/8/gcc/arm-none-eabi/8.5.0/../../../../../../arm-none-eabi/lib/thumb/v6-m/nofp/libg_nano.a(lib_a-nano-msizer.o)
                0x0800235c                _malloc_usable_size_r
 *(.text.*)
 .text.get_smtd_timeout_or_default
                0x08002370       0x24 .build/obj_cannonkeys_instant65_hrm/quantum/keymap_introspection.o
                0x08002370                get_smtd_timeout_or_default
 .text.smtd_feature_enabled_default
                0x08002394        0x8 .build/obj_cannonkeys_instant65_hrm/quantum/keymap_introspection.o
                0x08002394                smtd_feature_enabled_default
 .text.smtd_feature_enabled_or_default
                0x0800239c       0x1c .build/obj_cannonkeys_instant65_hrm/quantum/keymap_introspection.o
                0x0800239c                smtd_feature_enabled_or_default
 .text.smtd_press_following_key
                0x080023b8       0x5a .build/obj_cannonkeys_instant65_hrm/quantum/keymap_introspection.o
                0x080023b8                smtd_press_following_key
 *fill*         0x08002412        0x2 
 .text.on_smtd_action
                0x08002414       0xe8 .build/obj_cannonkeys_instant65_hrm/quantum/keymap_introspection.o
                0x08002414                on_smtd_action
 .text.smtd_next_stage
                0x080024fc      0x128 .build/obj_cannonkeys_instant65_hrm/quantum/keymap_introspection.o
                0x080024fc                smtd_next_stage
 .text.timeout_touch
                0x08002624        0xe .build/obj_cannonkeys_instant65_hrm/quantum/keymap_introspection.o
                0x08002624                timeout_touch
 .text.timeout_following_touch
                0x08002632       0x18 .build/obj_cannonkeys_instant65_hrm/quantum/keymap_introspection.o
                0x08002632                timeout_following_touch
 .text.timeout_sequence
                0x0800264a       0x70 .build/obj_cannonkeys_instant65_hrm/quantum/keymap_introspection.o
                0x0800264a                timeout_sequence
 .text.timeout_release
                0x080026ba       0x6c .build/obj_cannonkeys_instant65_hrm/quantum/keymap_introspection.o
                0x080026ba                timeout_release
 .text.process_smtd_state
                0x08002726      0x33e .build/obj_cannonkeys_instant65_hrm/quantum/keymap_introspection.o
                0x08002726                process_smtd_state
 .text.process_smtd
                0x08002a64       0x84 .build/obj_cannonkeys_instant65_hrm/quantum/keymap_introspection.o
                0x08002a64                process_smtd
 .text.process_record_user
                0x08002ae8        0x8 .build/obj_cannonkeys_instant65_hrm/quantum/keymap_introspection.o
                0x08002ae8                process_record_user
 .text.keycode_at_keymap_location_raw
                0x08002af0       0x2c .build/obj_cannonkeys_instant65_hrm/quantum/keymap_introspection.o
                0x08002af0                keycode_at_keymap_location_raw
 .text.extract_mod_bits
                0x08002b1c       0x64 .build/obj_cannonkeys_instant65_hrm/quantum/quantum.o
                0x08002b1c                extract_mod_bits
 .text.do_code16
                0x08002b80        0xc .build/obj_cannonkeys_instant65_hrm/quantum/quantum.o
                0x08002b80                do_code16
 .text.register_code16
                0x08002b8c       0x2c .build/obj_cannonkeys_instant65_hrm/quantum/quantum.o
                0x08002b8c                register_code16
 .text.unregister_code16
                0x08002bb8       0x2c .build/obj_cannonkeys_instant65_hrm/quantum/quantum.o
                0x08002bb8                unregister_code16
 .text.tap_code16_delay
                0x08002be4       0x22 .build/obj_cannonkeys_instant65_hrm/quantum/quantum.o
                0x08002be4                tap_code16_delay
 .text.tap_code16
                0x08002c06       0x10 .build/obj_cannonkeys_instant65_hrm/quantum/quantum.o
                0x08002c06                tap_code16
 .text.pre_process_record_user
                0x08002c16        0x4 .build/obj_cannonkeys_instant65_hrm/quantum/quantum.o
                0x08002c16                pre_process_record_user
 .text.pre_process_record_kb
                0x08002c1a        0x8 .build/obj_cannonkeys_instant65_hrm/quantum/quantum.o
                0x08002c1a                pre_process_record_kb
 .text.process_action_kb
                0x08002c22        0x4 .build/obj_cannonkeys_instant65_hrm/quantum/quantum.o
                0x08002c22                process_action_kb
 .text.process_record_kb
                0x08002c26        0x8 .build/obj_cannonkeys_instant65_hrm/quantum/quantum.o
                0x08002c26                process_record_kb
 .text.post_process_record_user
                0x08002c2e        0x2 .build/obj_cannonkeys_instant65_hrm/quantum/quantum.o
                0x08002c2e                post_process_record_user
 .text.post_process_record_kb
                0x08002c30        0x8 .build/obj_cannonkeys_instant65_hrm/quantum/quantum.o
                0x08002c30                post_process_record_kb
 .text.get_event_keycode
                0x08002c38       0x4c .build/obj_cannonkeys_instant65_hrm/quantum/quantum.o
                0x08002c38                get_event_keycode
 .text.get_record_keycode
                0x08002c84       0x16 .build/obj_cannonkeys_instant65_hrm/quantum/quantum.o
                0x08002c84                get_record_keycode
 .text.pre_process_record_quantum
                0x08002c9a       0x12 .build/obj_cannonkeys_instant65_hrm/quantum/quantum.o
                0x08002c9a                pre_process_record_quantum
 .text.post_process_record_quantum
                0x08002cac       0x12 .build/obj_cannonkeys_instant65_hrm/quantum/quantum.o
                0x08002cac                post_process_record_quantum
 .text.shutdown_user
                0x08002cbe        0x4 .build/obj_cannonkeys_instant65_hrm/quantum/quantum.o
                0x08002cbe                shutdown_user
 .text.shutdown_kb
                0x08002cc2        0x8 .build/obj_cannonkeys_instant65_hrm/quantum/quantum.o
                0x08002cc2                shutdown_kb
 *fill*         0x08002cca        0x2 
 .text.shutdown_quantum
                0x08002ccc       0x1c .build/obj_cannonkeys_instant65_hrm/quantum/quantum.o
                0x08002ccc                shutdown_quantum
 .text.reset_keyboard
                0x08002ce8        0xe .build/obj_cannonkeys_instant65_hrm/quantum/quantum.o
                0x08002ce8                reset_keyboard
 .text.soft_reset_keyboard
                0x08002cf6        0xe .build/obj_cannonkeys_instant65_hrm/quantum/quantum.o
                0x08002cf6                soft_reset_keyboard
 .text.process_record_quantum
                0x08002d04      0x114 .build/obj_cannonkeys_instant65_hrm/quantum/quantum.o
                0x08002d04                process_record_quantum
 .text.suspend_power_down_quantum
                0x08002e18       0x12 .build/obj_cannonkeys_instant65_hrm/quantum/quantum.o
                0x08002e18                suspend_power_down_quantum
 .text.suspend_wakeup_init_quantum
                0x08002e2a       0x10 .build/obj_cannonkeys_instant65_hrm/quantum/quantum.o
                0x08002e2a                suspend_wakeup_init_quantum
 .text.bitrev   0x08002e3a       0x26 .build/obj_cannonkeys_instant65_hrm/quantum/bitwise.o
                0x08002e3a                bitrev
 .text.bitrev16
                0x08002e60       0x1a .build/obj_cannonkeys_instant65_hrm/quantum/bitwise.o
                0x08002e60                bitrev16
 .text.led_update_user
                0x08002e7a        0x4 .build/obj_cannonkeys_instant65_hrm/quantum/led.o
                0x08002e7a                led_update_user
 .text.led_update_ports
                0x08002e7e        0x2 .build/obj_cannonkeys_instant65_hrm/quantum/led.o
                0x08002e7e                led_update_ports
 .text.led_update_kb
                0x08002e80       0x16 .build/obj_cannonkeys_instant65_hrm/quantum/led.o
                0x08002e80                led_update_kb
 .text.led_init_ports
                0x08002e96        0x2 .build/obj_cannonkeys_instant65_hrm/quantum/led.o
                0x08002e96                led_init_ports
 .text.led_set  0x08002e98        0x8 .build/obj_cannonkeys_instant65_hrm/quantum/led.o
                0x08002e98                led_set
 .text.led_suspend
                0x08002ea0        0xa .build/obj_cannonkeys_instant65_hrm/quantum/led.o
                0x08002ea0                led_suspend
 .text.led_wakeup
                0x08002eaa        0xc .build/obj_cannonkeys_instant65_hrm/quantum/led.o
                0x08002eaa                led_wakeup
 *fill*         0x08002eb6        0x2 
 .text.led_task
                0x08002eb8       0x48 .build/obj_cannonkeys_instant65_hrm/quantum/led.o
                0x08002eb8                led_task
 .text.action_exec
                0x08002f00       0x42 .build/obj_cannonkeys_instant65_hrm/quantum/action.o
                0x08002f00                action_exec
 .text.process_record_tap_hint
                0x08002f42       0x10 .build/obj_cannonkeys_instant65_hrm/quantum/action.o
                0x08002f42                process_record_tap_hint
 .text.register_mouse
                0x08002f52       0x16 .build/obj_cannonkeys_instant65_hrm/quantum/action.o
                0x08002f52                register_mouse
 .text.register_code
                0x08002f68      0x100 .build/obj_cannonkeys_instant65_hrm/quantum/action.o
                0x08002f68                register_code
 .text.unregister_code
                0x08003068       0xb6 .build/obj_cannonkeys_instant65_hrm/quantum/action.o
                0x08003068                unregister_code
 *fill*         0x0800311e        0x2 
 .text.tap_code_delay
                0x08003120       0x44 .build/obj_cannonkeys_instant65_hrm/quantum/action.o
                0x08003120                tap_code_delay
 .text.tap_code
                0x08003164       0x10 .build/obj_cannonkeys_instant65_hrm/quantum/action.o
                0x08003164                tap_code
 .text.register_mods
                0x08003174       0x10 .build/obj_cannonkeys_instant65_hrm/quantum/action.o
                0x08003174                register_mods
 .text.unregister_mods
                0x08003184       0x10 .build/obj_cannonkeys_instant65_hrm/quantum/action.o
                0x08003184                unregister_mods
 .text.process_action
                0x08003194      0x3bc .build/obj_cannonkeys_instant65_hrm/quantum/action.o
                0x08003194                process_action
 .text.process_record_handler
                0x08003550       0x20 .build/obj_cannonkeys_instant65_hrm/quantum/action.o
                0x08003550                process_record_handler
 .text.process_record
                0x08003570       0x44 .build/obj_cannonkeys_instant65_hrm/quantum/action.o
                0x08003570                process_record
 .text.register_weak_mods
                0x080035b4       0x10 .build/obj_cannonkeys_instant65_hrm/quantum/action.o
                0x080035b4                register_weak_mods
 .text.unregister_weak_mods
                0x080035c4       0x10 .build/obj_cannonkeys_instant65_hrm/quantum/action.o
                0x080035c4                unregister_weak_mods
 .text.clear_keyboard_but_mods_and_keys
                0x080035d4       0x20 .build/obj_cannonkeys_instant65_hrm/quantum/action.o
                0x080035d4                clear_keyboard_but_mods_and_keys
 .text.clear_keyboard_but_mods
                0x080035f4        0xc .build/obj_cannonkeys_instant65_hrm/quantum/action.o
                0x080035f4                clear_keyboard_but_mods
 .text.clear_keyboard
                0x08003600        0xc .build/obj_cannonkeys_instant65_hrm/quantum/action.o
                0x08003600                clear_keyboard
 .text.is_tap_action
                0x0800360c       0x4c .build/obj_cannonkeys_instant65_hrm/quantum/action.o
                0x0800360c                is_tap_action
 .text.is_tap_record
                0x08003658       0x18 .build/obj_cannonkeys_instant65_hrm/quantum/action.o
                0x08003658                is_tap_record
 .text.debug_event
                0x08003670        0x6 .build/obj_cannonkeys_instant65_hrm/quantum/action.o
                0x08003670                debug_event
 .text.debug_record
                0x08003676        0x6 .build/obj_cannonkeys_instant65_hrm/quantum/action.o
                0x08003676                debug_record
 .text.default_layer_state_set_user
                0x0800367c        0x2 .build/obj_cannonkeys_instant65_hrm/quantum/action_layer.o
                0x0800367c                default_layer_state_set_user
 .text.default_layer_state_set_kb
                0x0800367e        0x8 .build/obj_cannonkeys_instant65_hrm/quantum/action_layer.o
                0x0800367e                default_layer_state_set_kb
 *fill*         0x08003686        0x2 
 .text.default_layer_state_set
                0x08003688       0x10 .build/obj_cannonkeys_instant65_hrm/quantum/action_layer.o
 .text.default_layer_debug
                0x08003698        0x2 .build/obj_cannonkeys_instant65_hrm/quantum/action_layer.o
                0x08003698                default_layer_debug
 .text.default_layer_set
                0x0800369a        0x8 .build/obj_cannonkeys_instant65_hrm/quantum/action_layer.o
                0x0800369a                default_layer_set
 *fill*         0x080036a2        0x2 
 .text.default_layer_or
                0x080036a4       0x14 .build/obj_cannonkeys_instant65_hrm/quantum/action_layer.o
                0x080036a4                default_layer_or
 .text.default_layer_and
                0x080036b8       0x14 .build/obj_cannonkeys_instant65_hrm/quantum/action_layer.o
                0x080036b8                default_layer_and
 .text.default_layer_xor
                0x080036cc       0x14 .build/obj_cannonkeys_instant65_hrm/quantum/action_layer.o
                0x080036cc                default_layer_xor
 .text.layer_state_set_user
                0x080036e0        0x2 .build/obj_cannonkeys_instant65_hrm/quantum/action_layer.o
                0x080036e0                layer_state_set_user
 .text.layer_state_set_kb
                0x080036e2        0x8 .build/obj_cannonkeys_instant65_hrm/quantum/action_layer.o
                0x080036e2                layer_state_set_kb
 *fill*         0x080036ea        0x2 
 .text.layer_state_set
                0x080036ec       0x10 .build/obj_cannonkeys_instant65_hrm/quantum/action_layer.o
                0x080036ec                layer_state_set
 .text.layer_clear
                0x080036fc        0xa .build/obj_cannonkeys_instant65_hrm/quantum/action_layer.o
                0x080036fc                layer_clear
 .text.layer_move
                0x08003706        0xe .build/obj_cannonkeys_instant65_hrm/quantum/action_layer.o
                0x08003706                layer_move
 .text.layer_on
                0x08003714       0x18 .build/obj_cannonkeys_instant65_hrm/quantum/action_layer.o
                0x08003714                layer_on
 .text.layer_off
                0x0800372c       0x18 .build/obj_cannonkeys_instant65_hrm/quantum/action_layer.o
                0x0800372c                layer_off
 .text.layer_invert
                0x08003744       0x18 .build/obj_cannonkeys_instant65_hrm/quantum/action_layer.o
                0x08003744                layer_invert
 .text.layer_or
                0x0800375c       0x14 .build/obj_cannonkeys_instant65_hrm/quantum/action_layer.o
                0x0800375c                layer_or
 .text.layer_and
                0x08003770       0x14 .build/obj_cannonkeys_instant65_hrm/quantum/action_layer.o
                0x08003770                layer_and
 .text.layer_xor
                0x08003784       0x14 .build/obj_cannonkeys_instant65_hrm/quantum/action_layer.o
                0x08003784                layer_xor
 .text.layer_debug
                0x08003798        0x2 .build/obj_cannonkeys_instant65_hrm/quantum/action_layer.o
                0x08003798                layer_debug
 .text.update_source_layers_cache_impl
                0x0800379a       0x32 .build/obj_cannonkeys_instant65_hrm/quantum/action_layer.o
                0x0800379a                update_source_layers_cache_impl
 .text.read_source_layers_cache_impl
                0x080037cc       0x28 .build/obj_cannonkeys_instant65_hrm/quantum/action_layer.o
                0x080037cc                read_source_layers_cache_impl
 .text.update_source_layers_cache
                0x080037f4       0x28 .build/obj_cannonkeys_instant65_hrm/quantum/action_layer.o
                0x080037f4                update_source_layers_cache
 .text.read_source_layers_cache
                0x0800381c       0x28 .build/obj_cannonkeys_instant65_hrm/quantum/action_layer.o
                0x0800381c                read_source_layers_cache
 .text.layer_switch_get_layer
                0x08003844       0x44 .build/obj_cannonkeys_instant65_hrm/quantum/action_layer.o
                0x08003844                layer_switch_get_layer
 .text.layer_switch_get_action
                0x08003888       0x14 .build/obj_cannonkeys_instant65_hrm/quantum/action_layer.o
                0x08003888                layer_switch_get_action
 .text.store_or_get_action
                0x0800389c       0x44 .build/obj_cannonkeys_instant65_hrm/quantum/action_layer.o
                0x0800389c                store_or_get_action
 .text.update_tri_layer_state
                0x080038e0       0x2a .build/obj_cannonkeys_instant65_hrm/quantum/action_layer.o
                0x080038e0                update_tri_layer_state
 *fill*         0x0800390a        0x2 
 .text.update_tri_layer
                0x0800390c       0x1c .build/obj_cannonkeys_instant65_hrm/quantum/action_layer.o
                0x0800390c                update_tri_layer
 .text.debug_waiting_buffer
                0x08003928       0x40 .build/obj_cannonkeys_instant65_hrm/quantum/action_tapping.o
 .text.debug_tapping_key
                0x08003968       0x20 .build/obj_cannonkeys_instant65_hrm/quantum/action_tapping.o
 .text.waiting_buffer_scan_tap
                0x08003988       0x80 .build/obj_cannonkeys_instant65_hrm/quantum/action_tapping.o
 .text.waiting_buffer_typed.isra.2.constprop.4
                0x08003a08       0x40 .build/obj_cannonkeys_instant65_hrm/quantum/action_tapping.o
 .text.process_tapping
                0x08003a48      0x2b8 .build/obj_cannonkeys_instant65_hrm/quantum/action_tapping.o
 .text.action_tapping_process
                0x08003d00       0xbc .build/obj_cannonkeys_instant65_hrm/quantum/action_tapping.o
                0x08003d00                action_tapping_process
 .text.get_oneshot_layer
                0x08003dbc        0xc .build/obj_cannonkeys_instant65_hrm/quantum/action_util.o
                0x08003dbc                get_oneshot_layer
 .text.get_oneshot_layer_state
                0x08003dc8       0x10 .build/obj_cannonkeys_instant65_hrm/quantum/action_util.o
                0x08003dc8                get_oneshot_layer_state
 .text.is_oneshot_layer_active
                0x08003dd8       0x14 .build/obj_cannonkeys_instant65_hrm/quantum/action_util.o
                0x08003dd8                is_oneshot_layer_active
 .text.get_mods
                0x08003dec        0xc .build/obj_cannonkeys_instant65_hrm/quantum/action_util.o
                0x08003dec                get_mods
 .text.add_mods
                0x08003df8       0x10 .build/obj_cannonkeys_instant65_hrm/quantum/action_util.o
                0x08003df8                add_mods
 .text.del_mods
                0x08003e08       0x10 .build/obj_cannonkeys_instant65_hrm/quantum/action_util.o
                0x08003e08                del_mods
 .text.set_mods
                0x08003e18        0xc .build/obj_cannonkeys_instant65_hrm/quantum/action_util.o
                0x08003e18                set_mods
 .text.clear_mods
                0x08003e24        0xc .build/obj_cannonkeys_instant65_hrm/quantum/action_util.o
                0x08003e24                clear_mods
 .text.add_weak_mods
                0x08003e30       0x10 .build/obj_cannonkeys_instant65_hrm/quantum/action_util.o
                0x08003e30                add_weak_mods
 .text.del_weak_mods
                0x08003e40       0x10 .build/obj_cannonkeys_instant65_hrm/quantum/action_util.o
                0x08003e40                del_weak_mods
 .text.clear_weak_mods
                0x08003e50        0xc .build/obj_cannonkeys_instant65_hrm/quantum/action_util.o
                0x08003e50                clear_weak_mods
 .text.oneshot_locked_mods_changed_user
                0x08003e5c        0x2 .build/obj_cannonkeys_instant65_hrm/quantum/action_util.o
                0x08003e5c                oneshot_locked_mods_changed_user
 .text.oneshot_locked_mods_changed_kb
                0x08003e5e        0x8 .build/obj_cannonkeys_instant65_hrm/quantum/action_util.o
                0x08003e5e                oneshot_locked_mods_changed_kb
 *fill*         0x08003e66        0x2 
 .text.del_oneshot_locked_mods
                0x08003e68       0x1c .build/obj_cannonkeys_instant65_hrm/quantum/action_util.o
                0x08003e68                del_oneshot_locked_mods
 .text.oneshot_mods_changed_user
                0x08003e84        0x2 .build/obj_cannonkeys_instant65_hrm/quantum/action_util.o
                0x08003e84                oneshot_mods_changed_user
 .text.oneshot_mods_changed_kb
                0x08003e86        0x8 .build/obj_cannonkeys_instant65_hrm/quantum/action_util.o
                0x08003e86                oneshot_mods_changed_kb
 *fill*         0x08003e8e        0x2 
 .text.add_oneshot_mods
                0x08003e90       0x1c .build/obj_cannonkeys_instant65_hrm/quantum/action_util.o
                0x08003e90                add_oneshot_mods
 .text.del_oneshot_mods
                0x08003eac       0x1c .build/obj_cannonkeys_instant65_hrm/quantum/action_util.o
                0x08003eac                del_oneshot_mods
 .text.clear_oneshot_mods
                0x08003ec8       0x18 .build/obj_cannonkeys_instant65_hrm/quantum/action_util.o
                0x08003ec8                clear_oneshot_mods
 .text.get_mods_for_report
                0x08003ee0       0x34 .build/obj_cannonkeys_instant65_hrm/quantum/action_util.o
 .text.send_6kro_report
                0x08003f14       0x38 .build/obj_cannonkeys_instant65_hrm/quantum/action_util.o
                0x08003f14                send_6kro_report
 .text.send_nkro_report
                0x08003f4c       0x38 .build/obj_cannonkeys_instant65_hrm/quantum/action_util.o
                0x08003f4c                send_nkro_report
 .text.send_keyboard_report
                0x08003f84       0x28 .build/obj_cannonkeys_instant65_hrm/quantum/action_util.o
                0x08003f84                send_keyboard_report
 .text.oneshot_layer_changed_user
                0x08003fac        0x2 .build/obj_cannonkeys_instant65_hrm/quantum/action_util.o
                0x08003fac                oneshot_layer_changed_user
 .text.oneshot_layer_changed_kb
                0x08003fae        0x8 .build/obj_cannonkeys_instant65_hrm/quantum/action_util.o
                0x08003fae                oneshot_layer_changed_kb
 *fill*         0x08003fb6        0x2 
 .text.set_oneshot_layer
                0x08003fb8       0x30 .build/obj_cannonkeys_instant65_hrm/quantum/action_util.o
                0x08003fb8                set_oneshot_layer
 .text.reset_oneshot_layer
                0x08003fe8       0x14 .build/obj_cannonkeys_instant65_hrm/quantum/action_util.o
                0x08003fe8                reset_oneshot_layer
 .text.clear_oneshot_layer_state
                0x08003ffc       0x30 .build/obj_cannonkeys_instant65_hrm/quantum/action_util.o
                0x08003ffc                clear_oneshot_layer_state
 .text.oneshot_set
                0x0800402c       0x4c .build/obj_cannonkeys_instant65_hrm/quantum/action_util.o
                0x0800402c                oneshot_set
 .text.oneshot_toggle
                0x08004078       0x18 .build/obj_cannonkeys_instant65_hrm/quantum/action_util.o
                0x08004078                oneshot_toggle
 .text.oneshot_enable
                0x08004090        0xa .build/obj_cannonkeys_instant65_hrm/quantum/action_util.o
                0x08004090                oneshot_enable
 .text.oneshot_disable
                0x0800409a        0xa .build/obj_cannonkeys_instant65_hrm/quantum/action_util.o
                0x0800409a                oneshot_disable
 .text.eeconfig_disable
                0x080040a4       0x18 .build/obj_cannonkeys_instant65_hrm/quantum/eeconfig.o
                0x080040a4                eeconfig_disable
 .text.eeconfig_is_enabled
                0x080040bc       0x1c .build/obj_cannonkeys_instant65_hrm/quantum/eeconfig.o
                0x080040bc                eeconfig_is_enabled
 .text.eeconfig_read_debug
                0x080040d8        0xa .build/obj_cannonkeys_instant65_hrm/quantum/eeconfig.o
                0x080040d8                eeconfig_read_debug
 .text.eeconfig_read_default_layer
                0x080040e2        0xa .build/obj_cannonkeys_instant65_hrm/quantum/eeconfig.o
                0x080040e2                eeconfig_read_default_layer
 .text.eeconfig_read_keymap
                0x080040ec        0xa .build/obj_cannonkeys_instant65_hrm/quantum/eeconfig.o
                0x080040ec                eeconfig_read_keymap
 .text.eeconfig_update_keymap
                0x080040f6        0xc .build/obj_cannonkeys_instant65_hrm/quantum/eeconfig.o
                0x080040f6                eeconfig_update_keymap
 .text.eeconfig_update_kb
                0x08004102        0xc .build/obj_cannonkeys_instant65_hrm/quantum/eeconfig.o
                0x08004102                eeconfig_update_kb
 .text.eeconfig_update_user
                0x0800410e        0xc .build/obj_cannonkeys_instant65_hrm/quantum/eeconfig.o
                0x0800410e                eeconfig_update_user
 .text.eeconfig_init_user
                0x0800411a        0xa .build/obj_cannonkeys_instant65_hrm/quantum/eeconfig.o
                0x0800411a                eeconfig_init_user
 .text.eeconfig_init_kb
                0x08004124        0xe .build/obj_cannonkeys_instant65_hrm/quantum/eeconfig.o
                0x08004124                eeconfig_init_kb
 *fill*         0x08004132        0x2 
 .text.eeconfig_init_quantum
                0x08004134       0x90 .build/obj_cannonkeys_instant65_hrm/quantum/eeconfig.o
                0x08004134                eeconfig_init_quantum
 .text.eeconfig_init
                0x080041c4        0x8 .build/obj_cannonkeys_instant65_hrm/quantum/eeconfig.o
                0x080041c4                eeconfig_init
 .text.eeconfig_update_handedness
                0x080041cc        0xc .build/obj_cannonkeys_instant65_hrm/quantum/eeconfig.o
                0x080041cc                eeconfig_update_handedness
 .text.generate_tick_event
                0x080041d8       0x30 .build/obj_cannonkeys_instant65_hrm/quantum/keyboard.o
 .text.last_matrix_activity_trigger
                0x08004208       0x18 .build/obj_cannonkeys_instant65_hrm/quantum/keyboard.o
                0x08004208                last_matrix_activity_trigger
 .text.matrix_setup
                0x08004220        0x2 .build/obj_cannonkeys_instant65_hrm/quantum/keyboard.o
                0x08004220                matrix_setup
 .text.keyboard_pre_init_user
                0x08004222        0x2 .build/obj_cannonkeys_instant65_hrm/quantum/keyboard.o
                0x08004222                keyboard_pre_init_user
 .text.keyboard_pre_init_kb
                0x08004224        0x8 .build/obj_cannonkeys_instant65_hrm/quantum/keyboard.o
                0x08004224                keyboard_pre_init_kb
 .text.keyboard_post_init_user
                0x0800422c        0x2 .build/obj_cannonkeys_instant65_hrm/quantum/keyboard.o
                0x0800422c                keyboard_post_init_user
 .text.keyboard_post_init_kb
                0x0800422e        0x8 .build/obj_cannonkeys_instant65_hrm/quantum/keyboard.o
                0x0800422e                keyboard_post_init_kb
 .text.matrix_can_read
                0x08004236        0x4 .build/obj_cannonkeys_instant65_hrm/quantum/keyboard.o
                0x08004236                matrix_can_read
 *fill*         0x0800423a        0x2 
 .text.keyboard_setup
                0x0800423c       0x1c .build/obj_cannonkeys_instant65_hrm/quantum/keyboard.o
                0x0800423c                keyboard_setup
 .text.is_keyboard_master
                0x08004258        0x4 .build/obj_cannonkeys_instant65_hrm/quantum/keyboard.o
                0x08004258                is_keyboard_master
 .text.should_process_keypress
                0x0800425c        0x8 .build/obj_cannonkeys_instant65_hrm/quantum/keyboard.o
                0x0800425c                should_process_keypress
 .text.housekeeping_task_kb
                0x08004264        0x2 .build/obj_cannonkeys_instant65_hrm/quantum/keyboard.o
                0x08004264                housekeeping_task_kb
 .text.housekeeping_task_user
                0x08004266        0x2 .build/obj_cannonkeys_instant65_hrm/quantum/keyboard.o
                0x08004266                housekeeping_task_user
 .text.housekeeping_task
                0x08004268        0xc .build/obj_cannonkeys_instant65_hrm/quantum/keyboard.o
                0x08004268                housekeeping_task
 .text.quantum_init
                0x08004274       0x40 .build/obj_cannonkeys_instant65_hrm/quantum/keyboard.o
                0x08004274                quantum_init
 .text.keyboard_init
                0x080042b4       0x28 .build/obj_cannonkeys_instant65_hrm/quantum/keyboard.o
                0x080042b4                keyboard_init
 .text.keyboard_task
                0x080042dc       0xd8 .build/obj_cannonkeys_instant65_hrm/quantum/keyboard.o
                0x080042dc                keyboard_task
 .text.action_for_keycode
                0x080043b4      0x1d8 .build/obj_cannonkeys_instant65_hrm/quantum/keymap_common.o
                0x080043b4                action_for_keycode
 .text.keymap_key_to_keycode
                0x0800458c       0x20 .build/obj_cannonkeys_instant65_hrm/quantum/keymap_common.o
                0x0800458c                keymap_key_to_keycode
 .text.action_for_key
                0x080045ac       0x12 .build/obj_cannonkeys_instant65_hrm/quantum/keymap_common.o
                0x080045ac                action_for_key
 *fill*         0x080045be        0x2 
 .text.keycode_config
                0x080045c0      0x108 .build/obj_cannonkeys_instant65_hrm/quantum/keycode_config.o
                0x080045c0                keycode_config
 .text.mod_config
                0x080046c8       0x98 .build/obj_cannonkeys_instant65_hrm/quantum/keycode_config.o
                0x080046c8                mod_config
 .text.null_sendchar_func
                0x08004760        0x4 .build/obj_cannonkeys_instant65_hrm/quantum/logging/print.o
 .text.print_set_sendchar
                0x08004764        0xc .build/obj_cannonkeys_instant65_hrm/quantum/logging/print.o
                0x08004764                print_set_sendchar
 .text.putchar_
                0x08004770       0x10 .build/obj_cannonkeys_instant65_hrm/quantum/logging/print.o
                0x08004770                putchar_
 .text.matrix_init_user
                0x08004780        0x2 .build/obj_cannonkeys_instant65_hrm/quantum/matrix_common.o
                0x08004780                matrix_init_user
 .text.matrix_init_kb
                0x08004782        0x8 .build/obj_cannonkeys_instant65_hrm/quantum/matrix_common.o
                0x08004782                matrix_init_kb
 .text.matrix_scan_user
                0x0800478a        0x2 .build/obj_cannonkeys_instant65_hrm/quantum/matrix_common.o
                0x0800478a                matrix_scan_user
 .text.matrix_scan_kb
                0x0800478c        0x8 .build/obj_cannonkeys_instant65_hrm/quantum/matrix_common.o
                0x0800478c                matrix_scan_kb
 .text.matrix_get_row
                0x08004794        0xc .build/obj_cannonkeys_instant65_hrm/quantum/matrix_common.o
                0x08004794                matrix_get_row
 .text.matrix_print
                0x080047a0       0x50 .build/obj_cannonkeys_instant65_hrm/quantum/matrix_common.o
                0x080047a0                matrix_print
 .text.matrix_io_delay
                0x080047f0        0xa .build/obj_cannonkeys_instant65_hrm/quantum/matrix_common.o
                0x080047f0                matrix_io_delay
 .text.matrix_output_select_delay
                0x080047fa       0x1a .build/obj_cannonkeys_instant65_hrm/quantum/matrix_common.o
                0x080047fa                matrix_output_select_delay
 .text.matrix_output_unselect_delay
                0x08004814        0x8 .build/obj_cannonkeys_instant65_hrm/quantum/matrix_common.o
                0x08004814                matrix_output_unselect_delay
 .text.gpio_atomic_set_pin_input_high
                0x0800481c       0x1a .build/obj_cannonkeys_instant65_hrm/quantum/matrix.o
 *fill*         0x08004836        0x2 
 .text.matrix_init_pins
                0x08004838       0x38 .build/obj_cannonkeys_instant65_hrm/quantum/matrix.o
                0x08004838                matrix_init_pins
 .text.matrix_read_cols_on_row
                0x08004870       0x9c .build/obj_cannonkeys_instant65_hrm/quantum/matrix.o
                0x08004870                matrix_read_cols_on_row
 .text.matrix_init
                0x0800490c       0x30 .build/obj_cannonkeys_instant65_hrm/quantum/matrix.o
                0x0800490c                matrix_init
 .text.matrix_scan
                0x0800493c       0x64 .build/obj_cannonkeys_instant65_hrm/quantum/matrix.o
                0x0800493c                matrix_scan
 .text.debounce_init
                0x080049a0        0x2 .build/obj_cannonkeys_instant65_hrm/quantum/debounce/sym_defer_g.o
                0x080049a0                debounce_init
 *fill*         0x080049a2        0x2 
 .text.debounce
                0x080049a4       0x60 .build/obj_cannonkeys_instant65_hrm/quantum/debounce/sym_defer_g.o
                0x080049a4                debounce
 .text.protocol_keyboard_task
                0x08004a04        0x8 .build/obj_cannonkeys_instant65_hrm/quantum/main.o
                0x08004a04                protocol_keyboard_task
 .text.startup.main
                0x08004a0c       0x38 .build/obj_cannonkeys_instant65_hrm/quantum/main.o
                0x08004a0c                main
 .text.putchar_via_gadget
                0x08004a44       0x24 .build/obj_cannonkeys_instant65_hrm/printf.o
 .text.out_rev_
                0x08004a68       0x56 .build/obj_cannonkeys_instant65_hrm/printf.o
 *fill*         0x08004abe        0x2 
 .text.print_integer
                0x08004ac0      0x174 .build/obj_cannonkeys_instant65_hrm/printf.o
 .text.putchar_wrapper
                0x08004c34        0x8 .build/obj_cannonkeys_instant65_hrm/printf.o
 .text.vsnprintf_impl.constprop.0
                0x08004c3c      0x38c .build/obj_cannonkeys_instant65_hrm/printf.o
 .text.vprintf  0x08004fc8       0x28 .build/obj_cannonkeys_instant65_hrm/printf.o
                0x08004fc8                vprintf
 .text.printf   0x08004ff0       0x16 .build/obj_cannonkeys_instant65_hrm/printf.o
                0x08004ff0                printf
 .text.eeprom_read_byte
                0x08005006       0x18 .build/obj_cannonkeys_instant65_hrm/eeprom_driver.o
                0x08005006                eeprom_read_byte
 .text.eeprom_read_word
                0x0800501e       0x18 .build/obj_cannonkeys_instant65_hrm/eeprom_driver.o
                0x0800501e                eeprom_read_word
 .text.eeprom_read_dword
                0x08005036       0x14 .build/obj_cannonkeys_instant65_hrm/eeprom_driver.o
                0x08005036                eeprom_read_dword
 .text.eeprom_write_byte
                0x0800504a       0x14 .build/obj_cannonkeys_instant65_hrm/eeprom_driver.o
                0x0800504a                eeprom_write_byte
 .text.eeprom_write_word
                0x0800505e       0x14 .build/obj_cannonkeys_instant65_hrm/eeprom_driver.o
                0x0800505e                eeprom_write_word
 .text.eeprom_write_dword
                0x08005072       0x10 .build/obj_cannonkeys_instant65_hrm/eeprom_driver.o
                0x08005072                eeprom_write_dword
 .text.eeprom_update_block
                0x08005082       0x3a .build/obj_cannonkeys_instant65_hrm/eeprom_driver.o
                0x08005082                eeprom_update_block
 .text.eeprom_update_byte
                0x080050bc       0x18 .build/obj_cannonkeys_instant65_hrm/eeprom_driver.o
                0x080050bc                eeprom_update_byte
 .text.eeprom_update_word
                0x080050d4       0x18 .build/obj_cannonkeys_instant65_hrm/eeprom_driver.o
                0x080050d4                eeprom_update_word
 .text.eeprom_update_dword
                0x080050ec       0x18 .build/obj_cannonkeys_instant65_hrm/eeprom_driver.o
                0x080050ec                eeprom_update_dword
 .text.eeprom_clear
                0x08005104       0x40 .build/obj_cannonkeys_instant65_hrm/eeprom_legacy_emulated_flash.o
 .text.eeprom_write_direct_entry
                0x08005144       0x44 .build/obj_cannonkeys_instant65_hrm/eeprom_legacy_emulated_flash.o
 .text.eeprom_compact
                0x08005188       0x44 .build/obj_cannonkeys_instant65_hrm/eeprom_legacy_emulated_flash.o
 .text.eeprom_write_log_word_entry
                0x080051cc       0x80 .build/obj_cannonkeys_instant65_hrm/eeprom_legacy_emulated_flash.o
 .text.eeprom_write_log_byte_entry
                0x0800524c       0x44 .build/obj_cannonkeys_instant65_hrm/eeprom_legacy_emulated_flash.o
 .text.EEPROM_Init
                0x08005290       0xac .build/obj_cannonkeys_instant65_hrm/eeprom_legacy_emulated_flash.o
                0x08005290                EEPROM_Init
 .text.EEPROM_Erase
                0x0800533c        0xc .build/obj_cannonkeys_instant65_hrm/eeprom_legacy_emulated_flash.o
                0x0800533c                EEPROM_Erase
 .text.EEPROM_WriteDataByte
                0x08005348       0x44 .build/obj_cannonkeys_instant65_hrm/eeprom_legacy_emulated_flash.o
                0x08005348                EEPROM_WriteDataByte
 .text.EEPROM_WriteDataWord
                0x0800538c       0x7c .build/obj_cannonkeys_instant65_hrm/eeprom_legacy_emulated_flash.o
                0x0800538c                EEPROM_WriteDataWord
 .text.EEPROM_ReadDataByte
                0x08005408       0x18 .build/obj_cannonkeys_instant65_hrm/eeprom_legacy_emulated_flash.o
                0x08005408                EEPROM_ReadDataByte
 .text.EEPROM_ReadDataWord
                0x08005420       0x34 .build/obj_cannonkeys_instant65_hrm/eeprom_legacy_emulated_flash.o
                0x08005420                EEPROM_ReadDataWord
 .text.eeprom_driver_init
                0x08005454        0x8 .build/obj_cannonkeys_instant65_hrm/eeprom_legacy_emulated_flash.o
                0x08005454                eeprom_driver_init
 .text.eeprom_driver_format
                0x0800545c        0x8 .build/obj_cannonkeys_instant65_hrm/eeprom_legacy_emulated_flash.o
                0x0800545c                eeprom_driver_format
 .text.eeprom_read_block
                0x08005464       0x76 .build/obj_cannonkeys_instant65_hrm/eeprom_legacy_emulated_flash.o
                0x08005464                eeprom_read_block
 .text.eeprom_write_block
                0x080054da       0x70 .build/obj_cannonkeys_instant65_hrm/eeprom_legacy_emulated_flash.o
                0x080054da                eeprom_write_block
 *fill*         0x0800554a        0x2 
 .text.FLASH_GetStatus
                0x0800554c       0x2c .build/obj_cannonkeys_instant65_hrm/legacy_flash_ops.o
                0x0800554c                FLASH_GetStatus
 .text.FLASH_WaitForLastOperation
                0x08005578       0x3a .build/obj_cannonkeys_instant65_hrm/legacy_flash_ops.o
                0x08005578                FLASH_WaitForLastOperation
 *fill*         0x080055b2        0x2 
 .text.FLASH_ErasePage
                0x080055b4       0x40 .build/obj_cannonkeys_instant65_hrm/legacy_flash_ops.o
                0x080055b4                FLASH_ErasePage
 .text.FLASH_ProgramHalfWord
                0x080055f4       0x48 .build/obj_cannonkeys_instant65_hrm/legacy_flash_ops.o
                0x080055f4                FLASH_ProgramHalfWord
 .text.FLASH_Unlock
                0x0800563c       0x20 .build/obj_cannonkeys_instant65_hrm/legacy_flash_ops.o
                0x0800563c                FLASH_Unlock
 .text.FLASH_Lock
                0x0800565c       0x10 .build/obj_cannonkeys_instant65_hrm/legacy_flash_ops.o
                0x0800565c                FLASH_Lock
 .text.hsv_to_rgb_impl
                0x0800566c       0xc0 .build/obj_cannonkeys_instant65_hrm/quantum/color.o
                0x0800566c                hsv_to_rgb_impl
 .text.hsv_to_rgb
                0x0800572c       0x2c .build/obj_cannonkeys_instant65_hrm/quantum/color.o
                0x0800572c                hsv_to_rgb
 .text.rgblight_effect_dummy
                0x08005758        0x2 .build/obj_cannonkeys_instant65_hrm/quantum/rgblight/rgblight.o
 *fill*         0x0800575a        0x2 
 .text.rgblight_hsv_to_rgb
                0x0800575c       0x28 .build/obj_cannonkeys_instant65_hrm/quantum/rgblight/rgblight.o
                0x0800575c                rgblight_hsv_to_rgb
 .text.sethsv_raw
                0x08005784       0x22 .build/obj_cannonkeys_instant65_hrm/quantum/rgblight/rgblight.o
                0x08005784                sethsv_raw
 *fill*         0x080057a6        0x2 
 .text.rgblight_check_config
                0x080057a8       0x28 .build/obj_cannonkeys_instant65_hrm/quantum/rgblight/rgblight.o
                0x080057a8                rgblight_check_config
 .text.eeconfig_read_rgblight
                0x080057d0       0x16 .build/obj_cannonkeys_instant65_hrm/quantum/rgblight/rgblight.o
                0x080057d0                eeconfig_read_rgblight
 .text.eeconfig_update_rgblight
                0x080057e6       0x1c .build/obj_cannonkeys_instant65_hrm/quantum/rgblight/rgblight.o
                0x080057e6                eeconfig_update_rgblight
 *fill*         0x08005802        0x2 
 .text.eeconfig_update_rgblight_current
                0x08005804       0x14 .build/obj_cannonkeys_instant65_hrm/quantum/rgblight/rgblight.o
                0x08005804                eeconfig_update_rgblight_current
 .text.eeconfig_update_rgblight_default
                0x08005818       0x20 .build/obj_cannonkeys_instant65_hrm/quantum/rgblight/rgblight.o
                0x08005818                eeconfig_update_rgblight_default
 .text.eeconfig_debug_rgblight
                0x08005838       0xac .build/obj_cannonkeys_instant65_hrm/quantum/rgblight/rgblight.o
                0x08005838                eeconfig_debug_rgblight
 .text.rgblight_get_mode
                0x080058e4       0x14 .build/obj_cannonkeys_instant65_hrm/quantum/rgblight/rgblight.o
                0x080058e4                rgblight_get_mode
 .text.rgblight_is_enabled
                0x080058f8       0x10 .build/obj_cannonkeys_instant65_hrm/quantum/rgblight/rgblight.o
                0x080058f8                rgblight_is_enabled
 .text.rgblight_increase_speed_helper
                0x08005908       0x20 .build/obj_cannonkeys_instant65_hrm/quantum/rgblight/rgblight.o
                0x08005908                rgblight_increase_speed_helper
 .text.rgblight_increase_speed
                0x08005928        0xa .build/obj_cannonkeys_instant65_hrm/quantum/rgblight/rgblight.o
                0x08005928                rgblight_increase_speed
 *fill*         0x08005932        0x2 
 .text.rgblight_decrease_speed_helper
                0x08005934       0x20 .build/obj_cannonkeys_instant65_hrm/quantum/rgblight/rgblight.o
                0x08005934                rgblight_decrease_speed_helper
 .text.rgblight_decrease_speed
                0x08005954        0xa .build/obj_cannonkeys_instant65_hrm/quantum/rgblight/rgblight.o
                0x08005954                rgblight_decrease_speed
 *fill*         0x0800595e        0x2 
 .text.rgblight_get_speed
                0x08005960        0xc .build/obj_cannonkeys_instant65_hrm/quantum/rgblight/rgblight.o
                0x08005960                rgblight_get_speed
 .text.rgblight_set_speed_eeprom_helper
                0x0800596c       0x40 .build/obj_cannonkeys_instant65_hrm/quantum/rgblight/rgblight.o
                0x0800596c                rgblight_set_speed_eeprom_helper
 .text.rgblight_set_speed_noeeprom
                0x080059ac        0xa .build/obj_cannonkeys_instant65_hrm/quantum/rgblight/rgblight.o
                0x080059ac                rgblight_set_speed_noeeprom
 *fill*         0x080059b6        0x2 
 .text.rgblight_get_hue
                0x080059b8        0xc .build/obj_cannonkeys_instant65_hrm/quantum/rgblight/rgblight.o
                0x080059b8                rgblight_get_hue
 .text.rgblight_get_sat
                0x080059c4        0xc .build/obj_cannonkeys_instant65_hrm/quantum/rgblight/rgblight.o
                0x080059c4                rgblight_get_sat
 .text.rgblight_get_val
                0x080059d0        0xc .build/obj_cannonkeys_instant65_hrm/quantum/rgblight/rgblight.o
                0x080059d0                rgblight_get_val
 .text.rgblight_set
                0x080059dc       0x54 .build/obj_cannonkeys_instant65_hrm/quantum/rgblight/rgblight.o
                0x080059dc                rgblight_set
 .text.rgblight_setrgb
                0x08005a30       0x3c .build/obj_cannonkeys_instant65_hrm/quantum/rgblight/rgblight.o
                0x08005a30                rgblight_setrgb
 .text.rgblight_sethsv_noeeprom_old
                0x08005a6c       0x24 .build/obj_cannonkeys_instant65_hrm/quantum/rgblight/rgblight.o
                0x08005a6c                rgblight_sethsv_noeeprom_old
 .text.rgblight_effect_breathing
                0x08005a90       0x24 .build/obj_cannonkeys_instant65_hrm/quantum/rgblight/rgblight.o
                0x08005a90                rgblight_effect_breathing
 .text.rgblight_effect_rainbow_mood
                0x08005ab4       0x1c .build/obj_cannonkeys_instant65_hrm/quantum/rgblight/rgblight.o
                0x08005ab4                rgblight_effect_rainbow_mood
 .text.rgblight_effect_rgbtest
                0x08005ad0       0x5c .build/obj_cannonkeys_instant65_hrm/quantum/rgblight/rgblight.o
                0x08005ad0                rgblight_effect_rgbtest
 .text.rgblight_sethsv_eeprom_helper
                0x08005b2c      0x140 .build/obj_cannonkeys_instant65_hrm/quantum/rgblight/rgblight.o
                0x08005b2c                rgblight_sethsv_eeprom_helper
 .text.rgblight_increase_hue_helper
                0x08005c6c       0x1c .build/obj_cannonkeys_instant65_hrm/quantum/rgblight/rgblight.o
                0x08005c6c                rgblight_increase_hue_helper
 .text.rgblight_increase_hue
                0x08005c88        0xa .build/obj_cannonkeys_instant65_hrm/quantum/rgblight/rgblight.o
                0x08005c88                rgblight_increase_hue
 *fill*         0x08005c92        0x2 
 .text.rgblight_decrease_hue_helper
                0x08005c94       0x1c .build/obj_cannonkeys_instant65_hrm/quantum/rgblight/rgblight.o
                0x08005c94                rgblight_decrease_hue_helper
 .text.rgblight_decrease_hue
                0x08005cb0        0xa .build/obj_cannonkeys_instant65_hrm/quantum/rgblight/rgblight.o
                0x08005cb0                rgblight_decrease_hue
 *fill*         0x08005cba        0x2 
 .text.rgblight_increase_sat_helper
                0x08005cbc       0x24 .build/obj_cannonkeys_instant65_hrm/quantum/rgblight/rgblight.o
                0x08005cbc                rgblight_increase_sat_helper
 .text.rgblight_increase_sat
                0x08005ce0        0xa .build/obj_cannonkeys_instant65_hrm/quantum/rgblight/rgblight.o
                0x08005ce0                rgblight_increase_sat
 *fill*         0x08005cea        0x2 
 .text.rgblight_decrease_sat_helper
                0x08005cec       0x24 .build/obj_cannonkeys_instant65_hrm/quantum/rgblight/rgblight.o
                0x08005cec                rgblight_decrease_sat_helper
 .text.rgblight_decrease_sat
                0x08005d10        0xa .build/obj_cannonkeys_instant65_hrm/quantum/rgblight/rgblight.o
                0x08005d10                rgblight_decrease_sat
 *fill*         0x08005d1a        0x2 
 .text.rgblight_increase_val_helper
                0x08005d1c       0x24 .build/obj_cannonkeys_instant65_hrm/quantum/rgblight/rgblight.o
                0x08005d1c                rgblight_increase_val_helper
 .text.rgblight_increase_val
                0x08005d40        0xa .build/obj_cannonkeys_instant65_hrm/quantum/rgblight/rgblight.o
                0x08005d40                rgblight_increase_val
 *fill*         0x08005d4a        0x2 
 .text.rgblight_decrease_val_helper
                0x08005d4c       0x24 .build/obj_cannonkeys_instant65_hrm/quantum/rgblight/rgblight.o
                0x08005d4c                rgblight_decrease_val_helper
 .text.rgblight_decrease_val
                0x08005d70        0xa .build/obj_cannonkeys_instant65_hrm/quantum/rgblight/rgblight.o
                0x08005d70                rgblight_decrease_val
 .text.rgblight_sethsv_noeeprom
                0x08005d7a        0xa .build/obj_cannonkeys_instant65_hrm/quantum/rgblight/rgblight.o
                0x08005d7a                rgblight_sethsv_noeeprom
 .text.rgblight_effect_rainbow_swirl
                0x08005d84       0x64 .build/obj_cannonkeys_instant65_hrm/quantum/rgblight/rgblight.o
                0x08005d84                rgblight_effect_rainbow_swirl
 .text.rgblight_effect_snake
                0x08005de8       0xc4 .build/obj_cannonkeys_instant65_hrm/quantum/rgblight/rgblight.o
                0x08005de8                rgblight_effect_snake
 .text.rgblight_effect_knight
                0x08005eac       0xb8 .build/obj_cannonkeys_instant65_hrm/quantum/rgblight/rgblight.o
                0x08005eac                rgblight_effect_knight
 .text.rgblight_effect_christmas
                0x08005f64       0xa4 .build/obj_cannonkeys_instant65_hrm/quantum/rgblight/rgblight.o
                0x08005f64                rgblight_effect_christmas
 .text.rgblight_effect_alternating
                0x08006008       0x60 .build/obj_cannonkeys_instant65_hrm/quantum/rgblight/rgblight.o
                0x08006008                rgblight_effect_alternating
 .text.rgblight_effect_twinkle
                0x08006068      0x140 .build/obj_cannonkeys_instant65_hrm/quantum/rgblight/rgblight.o
                0x08006068                rgblight_effect_twinkle
 .text.rgblight_timer_enable
                0x080061a8       0x4c .build/obj_cannonkeys_instant65_hrm/quantum/rgblight/rgblight.o
                0x080061a8                rgblight_timer_enable
 .text.rgblight_timer_disable
                0x080061f4       0x24 .build/obj_cannonkeys_instant65_hrm/quantum/rgblight/rgblight.o
                0x080061f4                rgblight_timer_disable
 .text.rgblight_mode_eeprom_helper
                0x08006218       0x9c .build/obj_cannonkeys_instant65_hrm/quantum/rgblight/rgblight.o
                0x08006218                rgblight_mode_eeprom_helper
 .text.rgblight_step_helper
                0x080062b4       0x1c .build/obj_cannonkeys_instant65_hrm/quantum/rgblight/rgblight.o
                0x080062b4                rgblight_step_helper
 .text.rgblight_step
                0x080062d0        0xa .build/obj_cannonkeys_instant65_hrm/quantum/rgblight/rgblight.o
                0x080062d0                rgblight_step
 *fill*         0x080062da        0x2 
 .text.rgblight_step_reverse_helper
                0x080062dc       0x20 .build/obj_cannonkeys_instant65_hrm/quantum/rgblight/rgblight.o
                0x080062dc                rgblight_step_reverse_helper
 .text.rgblight_step_reverse
                0x080062fc        0xa .build/obj_cannonkeys_instant65_hrm/quantum/rgblight/rgblight.o
                0x080062fc                rgblight_step_reverse
 .text.rgblight_mode
                0x08006306        0xa .build/obj_cannonkeys_instant65_hrm/quantum/rgblight/rgblight.o
                0x08006306                rgblight_mode
 .text.rgblight_enable
                0x08006310       0x30 .build/obj_cannonkeys_instant65_hrm/quantum/rgblight/rgblight.o
                0x08006310                rgblight_enable
 .text.rgblight_mode_noeeprom
                0x08006340        0xa .build/obj_cannonkeys_instant65_hrm/quantum/rgblight/rgblight.o
                0x08006340                rgblight_mode_noeeprom
 *fill*         0x0800634a        0x2 
 .text.rgblight_init
                0x0800634c       0x84 .build/obj_cannonkeys_instant65_hrm/quantum/rgblight/rgblight.o
                0x0800634c                rgblight_init
 .text.rgblight_enable_noeeprom
                0x080063d0       0x30 .build/obj_cannonkeys_instant65_hrm/quantum/rgblight/rgblight.o
                0x080063d0                rgblight_enable_noeeprom
 .text.rgblight_disable
                0x08006400       0x40 .build/obj_cannonkeys_instant65_hrm/quantum/rgblight/rgblight.o
                0x08006400                rgblight_disable
 .text.rgblight_toggle
                0x08006440       0x3c .build/obj_cannonkeys_instant65_hrm/quantum/rgblight/rgblight.o
                0x08006440                rgblight_toggle
 .text.rgblight_disable_noeeprom
                0x0800647c       0x34 .build/obj_cannonkeys_instant65_hrm/quantum/rgblight/rgblight.o
                0x0800647c                rgblight_disable_noeeprom
 .text.rgblight_toggle_noeeprom
                0x080064b0       0x3c .build/obj_cannonkeys_instant65_hrm/quantum/rgblight/rgblight.o
                0x080064b0                rgblight_toggle_noeeprom
 .text.rgblight_timer_task
                0x080064ec      0x118 .build/obj_cannonkeys_instant65_hrm/quantum/rgblight/rgblight.o
                0x080064ec                rgblight_timer_task
 .text.preprocess_rgblight
                0x08006604        0x2 .build/obj_cannonkeys_instant65_hrm/quantum/rgblight/rgblight.o
                0x08006604                preprocess_rgblight
 .text.rgblight_task
                0x08006606        0x8 .build/obj_cannonkeys_instant65_hrm/quantum/rgblight/rgblight.o
                0x08006606                rgblight_task
 .text.handleKeycodeRGB
                0x0800660e        0xe .build/obj_cannonkeys_instant65_hrm/quantum/process_keycode/process_rgb.o
 .text.handleKeycodeRGBMode
                0x0800661c       0x24 .build/obj_cannonkeys_instant65_hrm/quantum/process_keycode/process_rgb.o
 .text.process_rgb
                0x08006640       0xec .build/obj_cannonkeys_instant65_hrm/quantum/process_keycode/process_rgb.o
                0x08006640                process_rgb
 .text.eeconfig_read_backlight
                0x0800672c        0xa .build/obj_cannonkeys_instant65_hrm/quantum/backlight/backlight.o
                0x0800672c                eeconfig_read_backlight
 .text.eeconfig_update_backlight
                0x08006736        0xc .build/obj_cannonkeys_instant65_hrm/quantum/backlight/backlight.o
                0x08006736                eeconfig_update_backlight
 *fill*         0x08006742        0x2 
 .text.eeconfig_update_backlight_current
                0x08006744       0x10 .build/obj_cannonkeys_instant65_hrm/quantum/backlight/backlight.o
                0x08006744                eeconfig_update_backlight_current
 .text.eeconfig_update_backlight_default
                0x08006754       0x14 .build/obj_cannonkeys_instant65_hrm/quantum/backlight/backlight.o
                0x08006754                eeconfig_update_backlight_default
 .text.get_backlight_level
                0x08006768        0xc .build/obj_cannonkeys_instant65_hrm/quantum/backlight/backlight.o
                0x08006768                get_backlight_level
 .text.backlight_enable_breathing
                0x08006774       0x34 .build/obj_cannonkeys_instant65_hrm/quantum/backlight/backlight.o
                0x08006774                backlight_enable_breathing
 .text.backlight_disable_breathing
                0x080067a8       0x34 .build/obj_cannonkeys_instant65_hrm/quantum/backlight/backlight.o
                0x080067a8                backlight_disable_breathing
 .text.backlight_toggle_breathing
                0x080067dc       0x38 .build/obj_cannonkeys_instant65_hrm/quantum/backlight/backlight.o
                0x080067dc                backlight_toggle_breathing
 .text.is_backlight_breathing
                0x08006814       0x10 .build/obj_cannonkeys_instant65_hrm/quantum/backlight/backlight.o
                0x08006814                is_backlight_breathing
 .text.get_breathing_period
                0x08006824        0xc .build/obj_cannonkeys_instant65_hrm/quantum/backlight/backlight.o
                0x08006824                get_breathing_period
 .text.backlight_init
                0x08006830       0x4c .build/obj_cannonkeys_instant65_hrm/quantum/backlight/backlight.o
                0x08006830                backlight_init
 .text.backlight_increase
                0x0800687c       0x50 .build/obj_cannonkeys_instant65_hrm/quantum/backlight/backlight.o
                0x0800687c                backlight_increase
 .text.backlight_decrease
                0x080068cc       0x54 .build/obj_cannonkeys_instant65_hrm/quantum/backlight/backlight.o
                0x080068cc                backlight_decrease
 .text.backlight_enable
                0x08006920       0x44 .build/obj_cannonkeys_instant65_hrm/quantum/backlight/backlight.o
                0x08006920                backlight_enable
 .text.backlight_disable
                0x08006964       0x38 .build/obj_cannonkeys_instant65_hrm/quantum/backlight/backlight.o
                0x08006964                backlight_disable
 .text.backlight_toggle
                0x0800699c       0x38 .build/obj_cannonkeys_instant65_hrm/quantum/backlight/backlight.o
                0x0800699c                backlight_toggle
 .text.backlight_step
                0x080069d4       0x64 .build/obj_cannonkeys_instant65_hrm/quantum/backlight/backlight.o
                0x080069d4                backlight_step
 .text.backlight_level_noeeprom
                0x08006a38       0x38 .build/obj_cannonkeys_instant65_hrm/quantum/backlight/backlight.o
                0x08006a38                backlight_level_noeeprom
 .text.backlight_level
                0x08006a70       0x14 .build/obj_cannonkeys_instant65_hrm/quantum/backlight/backlight.o
                0x08006a70                backlight_level
 .text.process_backlight
                0x08006a84       0x54 .build/obj_cannonkeys_instant65_hrm/quantum/process_keycode/process_backlight.o
                0x08006a84                process_backlight
 .text.breathing_callback
                0x08006ad8       0xa8 .build/obj_cannonkeys_instant65_hrm/platforms/chibios/drivers/backlight_pwm.o
 .text.backlight_set
                0x08006b80       0x68 .build/obj_cannonkeys_instant65_hrm/platforms/chibios/drivers/backlight_pwm.o
                0x08006b80                backlight_set
 .text.backlight_task
                0x08006be8        0x2 .build/obj_cannonkeys_instant65_hrm/platforms/chibios/drivers/backlight_pwm.o
                0x08006be8                backlight_task
 *fill*         0x08006bea        0x2 
 .text.breathing_enable
                0x08006bec       0x2c .build/obj_cannonkeys_instant65_hrm/platforms/chibios/drivers/backlight_pwm.o
                0x08006bec                breathing_enable
 .text.backlight_init_ports
                0x08006c18       0x44 .build/obj_cannonkeys_instant65_hrm/platforms/chibios/drivers/backlight_pwm.o
                0x08006c18                backlight_init_ports
 .text.breathing_disable
                0x08006c5c       0x20 .build/obj_cannonkeys_instant65_hrm/platforms/chibios/drivers/backlight_pwm.o
                0x08006c5c                breathing_disable
 .text.get_protocol_eq
                0x08006c7c       0x2a .build/obj_cannonkeys_instant65_hrm/ws2812_spi.o
 *fill*         0x08006ca6        0x2 
 .text.ws2812_init
                0x08006ca8       0x40 .build/obj_cannonkeys_instant65_hrm/ws2812_spi.o
                0x08006ca8                ws2812_init
 .text.ws2812_setleds
                0x08006ce8       0x88 .build/obj_cannonkeys_instant65_hrm/ws2812_spi.o
                0x08006ce8                ws2812_setleds
 .text.bootmagic_reset_eeprom
                0x08006d70        0x8 .build/obj_cannonkeys_instant65_hrm/quantum/bootmagic/bootmagic.o
                0x08006d70                bootmagic_reset_eeprom
 .text.bootmagic_should_reset
                0x08006d78        0xe .build/obj_cannonkeys_instant65_hrm/quantum/bootmagic/bootmagic.o
                0x08006d78                bootmagic_should_reset
 .text.bootmagic_scan
                0x08006d86       0x24 .build/obj_cannonkeys_instant65_hrm/quantum/bootmagic/bootmagic.o
                0x08006d86                bootmagic_scan
 .text.bootmagic
                0x08006daa        0x8 .build/obj_cannonkeys_instant65_hrm/quantum/bootmagic/bootmagic.o
                0x08006daa                bootmagic
 *fill*         0x08006db2        0x2 
 .text.mousekey_param_print
                0x08006db4       0x48 .build/obj_cannonkeys_instant65_hrm/quantum/command.o
 .text.mousekey_console
                0x08006dfc      0x1c8 .build/obj_cannonkeys_instant65_hrm/quantum/command.o
 .text.switch_default_layer
                0x08006fc4       0x20 .build/obj_cannonkeys_instant65_hrm/quantum/command.o
 .text.command_common
                0x08006fe4      0x2e4 .build/obj_cannonkeys_instant65_hrm/quantum/command.o
 .text.command_extra
                0x080072c8        0x4 .build/obj_cannonkeys_instant65_hrm/quantum/command.o