Archive member included to satisfy reference by file (symbol)

/opt/homebrew/Cellar/arm-none-eabi-gcc@8/8.5.0_2/lib/arm-none-eabi-gcc/8/gcc/arm-none-eabi/8.5.0/thumb/v6-m/nofp/libgcc.a(_thumb1_case_sqi.o)
                              .build/obj_cannonkeys_instant65_default/protocol/chibios/usb_main.o (__gnu_thumb1_case_sqi)
/opt/homebrew/Cellar/arm-none-eabi-gcc@8/8.5.0_2/lib/arm-none-eabi-gcc/8/gcc/arm-none-eabi/8.5.0/thumb/v6-m/nofp/libgcc.a(_thumb1_case_uqi.o)
                              .build/obj_cannonkeys_instant65_default/quantum/action.o (__gnu_thumb1_case_uqi)
/opt/homebrew/Cellar/arm-none-eabi-gcc@8/8.5.0_2/lib/arm-none-eabi-gcc/8/gcc/arm-none-eabi/8.5.0/thumb/v6-m/nofp/libgcc.a(_thumb1_case_uhi.o)
                              .build/obj_cannonkeys_instant65_default/quantum/action.o (__gnu_thumb1_case_uhi)
/opt/homebrew/Cellar/arm-none-eabi-gcc@8/8.5.0_2/lib/arm-none-eabi-gcc/8/gcc/arm-none-eabi/8.5.0/thumb/v6-m/nofp/libgcc.a(_udivsi3.o)
                              .build/obj_cannonkeys_instant65_default/quantum/quantum.o (__aeabi_uidiv)
/opt/homebrew/Cellar/arm-none-eabi-gcc@8/8.5.0_2/lib/arm-none-eabi-gcc/8/gcc/arm-none-eabi/8.5.0/thumb/v6-m/nofp/libgcc.a(_divsi3.o)
                              .build/obj_cannonkeys_instant65_default/quantum/color.o (__aeabi_idiv)
/opt/homebrew/Cellar/arm-none-eabi-gcc@8/8.5.0_2/lib/arm-none-eabi-gcc/8/gcc/arm-none-eabi/8.5.0/thumb/v6-m/nofp/libgcc.a(_dvmd_tls.o)
                              /opt/homebrew/Cellar/arm-none-eabi-gcc@8/8.5.0_2/lib/arm-none-eabi-gcc/8/gcc/arm-none-eabi/8.5.0/thumb/v6-m/nofp/libgcc.a(_udivsi3.o) (__aeabi_idiv0)
/opt/homebrew/Cellar/arm-none-eabi-gcc@8/8.5.0_2/lib/arm-none-eabi-gcc/8/gcc/arm-none-eabi/8.5.0/thumb/v6-m/nofp/libgcc.a(_aeabi_ldivmod.o)
                              .build/obj_cannonkeys_instant65_default/quantum/action.o (__aeabi_ldivmod)
/opt/homebrew/Cellar/arm-none-eabi-gcc@8/8.5.0_2/lib/arm-none-eabi-gcc/8/gcc/arm-none-eabi/8.5.0/thumb/v6-m/nofp/libgcc.a(_aeabi_uldivmod.o)
                              .build/obj_cannonkeys_instant65_default/quantum/action.o (__aeabi_uldivmod)
/opt/homebrew/Cellar/arm-none-eabi-gcc@8/8.5.0_2/lib/arm-none-eabi-gcc/8/gcc/arm-none-eabi/8.5.0/thumb/v6-m/nofp/libgcc.a(_muldi3.o)
                              .build/obj_cannonkeys_instant65_default/quantum/action.o (__aeabi_lmul)
/opt/homebrew/Cellar/arm-none-eabi-gcc@8/8.5.0_2/lib/arm-none-eabi-gcc/8/gcc/arm-none-eabi/8.5.0/thumb/v6-m/nofp/libgcc.a(_udivmoddi4.o)
                              /opt/homebrew/Cellar/arm-none-eabi-gcc@8/8.5.0_2/lib/arm-none-eabi-gcc/8/gcc/arm-none-eabi/8.5.0/thumb/v6-m/nofp/libgcc.a(_aeabi_uldivmod.o) (__udivmoddi4)
/opt/homebrew/Cellar/arm-none-eabi-gcc@8/8.5.0_2/lib/arm-none-eabi-gcc/8/gcc/arm-none-eabi/8.5.0/thumb/v6-m/nofp/libgcc.a(bpabi.o)
                              /opt/homebrew/Cellar/arm-none-eabi-gcc@8/8.5.0_2/lib/arm-none-eabi-gcc/8/gcc/arm-none-eabi/8.5.0/thumb/v6-m/nofp/libgcc.a(_aeabi_ldivmod.o) (__gnu_ldivmod_helper)
/opt/homebrew/Cellar/arm-none-eabi-gcc@8/8.5.0_2/lib/arm-none-eabi-gcc/8/gcc/arm-none-eabi/8.5.0/thumb/v6-m/nofp/libgcc.a(_clzdi2.o)
                              /opt/homebrew/Cellar/arm-none-eabi-gcc@8/8.5.0_2/lib/arm-none-eabi-gcc/8/gcc/arm-none-eabi/8.5.0/thumb/v6-m/nofp/libgcc.a(_udivmoddi4.o) (__clzdi2)
/opt/homebrew/Cellar/arm-none-eabi-gcc@8/8.5.0_2/lib/arm-none-eabi-gcc/8/gcc/arm-none-eabi/8.5.0/thumb/v6-m/nofp/libgcc.a(_divdi3.o)
                              /opt/homebrew/Cellar/arm-none-eabi-gcc@8/8.5.0_2/lib/arm-none-eabi-gcc/8/gcc/arm-none-eabi/8.5.0/thumb/v6-m/nofp/libgcc.a(bpabi.o) (__divdi3)
/opt/homebrew/Cellar/arm-none-eabi-gcc@8/8.5.0_2/lib/arm-none-eabi-gcc/8/gcc/arm-none-eabi/8.5.0/thumb/v6-m/nofp/libgcc.a(_clzsi2.o)
                              /opt/homebrew/Cellar/arm-none-eabi-gcc@8/8.5.0_2/lib/arm-none-eabi-gcc/8/gcc/arm-none-eabi/8.5.0/thumb/v6-m/nofp/libgcc.a(_clzdi2.o) (__clzsi2)
/opt/homebrew/Cellar/arm-none-eabi-gcc@8/8.5.0_2/lib/arm-none-eabi-gcc/8/gcc/arm-none-eabi/8.5.0/../../../../../../arm-none-eabi/lib/thumb/v6-m/nofp/libg_nano.a(lib_a-abort.o)
                              .build/obj_cannonkeys_instant65_default/lib/chibios/os/various/syscalls.o (abort)
/opt/homebrew/Cellar/arm-none-eabi-gcc@8/8.5.0_2/lib/arm-none-eabi-gcc/8/gcc/arm-none-eabi/8.5.0/../../../../../../arm-none-eabi/lib/thumb/v6-m/nofp/libg_nano.a(lib_a-ctype_.o)
                              .build/obj_cannonkeys_instant65_default/quantum/send_string/send_string.o (_ctype_)
/opt/homebrew/Cellar/arm-none-eabi-gcc@8/8.5.0_2/lib/arm-none-eabi-gcc/8/gcc/arm-none-eabi/8.5.0/../../../../../../arm-none-eabi/lib/thumb/v6-m/nofp/libg_nano.a(lib_a-errno.o)
                              .build/obj_cannonkeys_instant65_default/platforms/chibios/syscall-fallbacks.o (__errno)
/opt/homebrew/Cellar/arm-none-eabi-gcc@8/8.5.0_2/lib/arm-none-eabi-gcc/8/gcc/arm-none-eabi/8.5.0/../../../../../../arm-none-eabi/lib/thumb/v6-m/nofp/libg_nano.a(lib_a-impure.o)
[...]
Memory Configuration

Name             Origin             Length             Attributes
flash0           0x08000000         0x00020000         xr
flash1           0x00000000         0x00000000         xr
flash2           0x00000000         0x00000000         xr
flash3           0x00000000         0x00000000         xr
flash4           0x00000000         0x00000000         xr
flash5           0x00000000         0x00000000         xr
flash6           0x00000000         0x00000000         xr
flash7           0x00000000         0x00000000         xr
ram0             0x20000000         0x00004000         xw
ram1             0x00000000         0x00000000         xw
ram2             0x00000000         0x00000000         xw
ram3             0x00000000         0x00000000         xw
ram4             0x00000000         0x00000000         xw
ram5             0x00000000         0x00000000         xw
ram6             0x00000000         0x00000000         xw
ram7             0x00000000         0x00000000         xw
*default*        0x00000000         0xffffffff

Linker script and memory map

LOAD .build/obj_cannonkeys_instant65_default/.build/obj_cannonkeys_instant65_default/src/default_keyboard.o
LOAD .build/obj_cannonkeys_instant65_default/quantum/keymap_introspection.o
LOAD .build/obj_cannonkeys_instant65_default/quantum/quantum.o
LOAD .build/obj_cannonkeys_instant65_default/quantum/bitwise.o
LOAD .build/obj_cannonkeys_instant65_default/quantum/led.o
LOAD .build/obj_cannonkeys_instant65_default/quantum/action.o
LOAD .build/obj_cannonkeys_instant65_default/quantum/action_layer.o
LOAD .build/obj_cannonkeys_instant65_default/quantum/action_tapping.o
LOAD .build/obj_cannonkeys_instant65_default/quantum/action_util.o
LOAD .build/obj_cannonkeys_instant65_default/quantum/eeconfig.o
LOAD .build/obj_cannonkeys_instant65_default/quantum/keyboard.o
LOAD .build/obj_cannonkeys_instant65_default/quantum/keymap_common.o
LOAD .build/obj_cannonkeys_instant65_default/quantum/keycode_config.o
LOAD .build/obj_cannonkeys_instant65_default/quantum/sync_timer.o
LOAD .build/obj_cannonkeys_instant65_default/quantum/logging/debug.o
LOAD .build/obj_cannonkeys_instant65_default/quantum/logging/sendchar.o
LOAD .build/obj_cannonkeys_instant65_default/quantum/logging/print.o
LOAD .build/obj_cannonkeys_instant65_default/quantum/matrix_common.o
LOAD .build/obj_cannonkeys_instant65_default/quantum/matrix.o
LOAD .build/obj_cannonkeys_instant65_default/quantum/debounce/sym_defer_g.o
LOAD .build/obj_cannonkeys_instant65_default/quantum/main.o
LOAD .build/obj_cannonkeys_instant65_default/printf.o
LOAD .build/obj_cannonkeys_instant65_default/eeprom_driver.o
LOAD .build/obj_cannonkeys_instant65_default/eeprom_legacy_emulated_flash.o
LOAD .build/obj_cannonkeys_instant65_default/legacy_flash_ops.o
LOAD .build/obj_cannonkeys_instant65_default/quantum/color.o
LOAD .build/obj_cannonkeys_instant65_default/quantum/rgblight/rgblight.o
LOAD .build/obj_cannonkeys_instant65_default/quantum/rgblight/rgblight_drivers.o
LOAD .build/obj_cannonkeys_instant65_default/quantum/process_keycode/process_rgb.o
LOAD .build/obj_cannonkeys_instant65_default/quantum/backlight/backlight.o
LOAD .build/obj_cannonkeys_instant65_default/quantum/process_keycode/process_backlight.o
LOAD .build/obj_cannonkeys_instant65_default/quantum/backlight/backlight_driver_common.o
LOAD .build/obj_cannonkeys_instant65_default/platforms/chibios/drivers/backlight_pwm.o
LOAD .build/obj_cannonkeys_instant65_default/quantum/led_tables.o
LOAD .build/obj_cannonkeys_instant65_default/ws2812_spi.o
LOAD .build/obj_cannonkeys_instant65_default/quantum/bootmagic/bootmagic.o
LOAD .build/obj_cannonkeys_instant65_default/quantum/command.o
LOAD .build/obj_cannonkeys_instant65_default/quantum/process_keycode/process_grave_esc.o
LOAD .build/obj_cannonkeys_instant65_default/quantum/process_keycode/process_magic.o
LOAD .build/obj_cannonkeys_instant65_default/quantum/mousekey.o
LOAD .build/obj_cannonkeys_instant65_default/quantum/send_string/send_string.o
LOAD .build/obj_cannonkeys_instant65_default/quantum/process_keycode/process_space_cadet.o
LOAD .build/obj_cannonkeys_instant65_default/protocol/host.o
LOAD .build/obj_cannonkeys_instant65_default/protocol/report.o
LOAD .build/obj_cannonkeys_instant65_default/protocol/usb_device_state.o
LOAD .build/obj_cannonkeys_instant65_default/protocol/usb_util.o
LOAD .build/obj_cannonkeys_instant65_default/platforms/suspend.o
LOAD .build/obj_cannonkeys_instant65_default/platforms/synchronization_util.o
LOAD .build/obj_cannonkeys_instant65_default/platforms/timer.o
LOAD .build/obj_cannonkeys_instant65_default/platforms/chibios/hardware_id.o
LOAD .build/obj_cannonkeys_instant65_default/platforms/chibios/platform.o
LOAD .build/obj_cannonkeys_instant65_default/platforms/chibios/suspend.o
LOAD .build/obj_cannonkeys_instant65_default/platforms/chibios/timer.o
LOAD .build/obj_cannonkeys_instant65_default/platforms/chibios/bootloaders/stm32_dfu.o
LOAD .build/obj_cannonkeys_instant65_default/./lib/chibios/os/common/startup/ARMCMx/compilers/GCC/crt0_v6m.o
LOAD .build/obj_cannonkeys_instant65_default/./lib/chibios/os/common/startup/ARMCMx/compilers/GCC/vectors.o
LOAD .build/obj_cannonkeys_instant65_default/./lib/chibios/os/common/ports/ARMv6-M/compilers/GCC/chcoreasm.o
LOAD .build/obj_cannonkeys_instant65_default/protocol/chibios/usb_main.o
LOAD .build/obj_cannonkeys_instant65_default/protocol/chibios/chibios.o
LOAD .build/obj_cannonkeys_instant65_default/usb_descriptor.o
LOAD .build/obj_cannonkeys_instant65_default/protocol/chibios/usb_driver.o
LOAD .build/obj_cannonkeys_instant65_default/protocol/chibios/usb_endpoints.o
LOAD .build/obj_cannonkeys_instant65_default/protocol/chibios/usb_report_handling.o
LOAD .build/obj_cannonkeys_instant65_default/protocol/chibios/usb_util.o
LOAD .build/obj_cannonkeys_instant65_default/lib/chibios/os/common/startup/ARMCMx/compilers/GCC/crt1.o
LOAD .build/obj_cannonkeys_instant65_default/lib/chibios/os/rt/src/chsys.o
LOAD .build/obj_cannonkeys_instant65_default/lib/chibios/os/rt/src/chrfcu.o
LOAD .build/obj_cannonkeys_instant65_default/lib/chibios/os/rt/src/chdebug.o
LOAD .build/obj_cannonkeys_instant65_default/lib/chibios/os/rt/src/chtrace.o
LOAD .build/obj_cannonkeys_instant65_default/lib/chibios/os/rt/src/chvt.o
LOAD .build/obj_cannonkeys_instant65_default/lib/chibios/os/rt/src/chschd.o
LOAD .build/obj_cannonkeys_instant65_default/lib/chibios/os/rt/src/chinstances.o
LOAD .build/obj_cannonkeys_instant65_default/lib/chibios/os/rt/src/chthreads.o
LOAD .build/obj_cannonkeys_instant65_default/lib/chibios/os/rt/src/chtm.o
LOAD .build/obj_cannonkeys_instant65_default/lib/chibios/os/rt/src/chstats.o
LOAD .build/obj_cannonkeys_instant65_default/lib/chibios/os/rt/src/chregistry.o
LOAD .build/obj_cannonkeys_instant65_default/lib/chibios/os/rt/src/chsem.o
LOAD .build/obj_cannonkeys_instant65_default/lib/chibios/os/rt/src/chmtx.o
LOAD .build/obj_cannonkeys_instant65_default/lib/chibios/os/rt/src/chcond.o
LOAD .build/obj_cannonkeys_instant65_default/lib/chibios/os/rt/src/chevents.o
LOAD .build/obj_cannonkeys_instant65_default/lib/chibios/os/rt/src/chmsg.o
LOAD .build/obj_cannonkeys_instant65_default/lib/chibios/os/rt/src/chdynamic.o
LOAD .build/obj_cannonkeys_instant65_default/lib/chibios/os/common/ports/ARMv6-M/chcore.o
LOAD .build/obj_cannonkeys_instant65_default/lib/chibios/os/hal/osal/rt-nil/osal.o
LOAD .build/obj_cannonkeys_instant65_default/lib/chibios/os/oslib/src/chmboxes.o
LOAD .build/obj_cannonkeys_instant65_default/lib/chibios/os/oslib/src/chmemcore.o
LOAD .build/obj_cannonkeys_instant65_default/lib/chibios/os/oslib/src/chmemheaps.o
LOAD .build/obj_cannonkeys_instant65_default/lib/chibios/os/oslib/src/chmempools.o
LOAD .build/obj_cannonkeys_instant65_default/lib/chibios/os/oslib/src/chpipes.o
LOAD .build/obj_cannonkeys_instant65_default/lib/chibios/os/oslib/src/chobjcaches.o
LOAD .build/obj_cannonkeys_instant65_default/lib/chibios/os/oslib/src/chdelegates.o
LOAD .build/obj_cannonkeys_instant65_default/lib/chibios/os/oslib/src/chfactory.o
LOAD .build/obj_cannonkeys_instant65_default/lib/chibios/os/hal/src/hal.o
LOAD .build/obj_cannonkeys_instant65_default/lib/chibios/os/hal/src/hal_st.o
LOAD .build/obj_cannonkeys_instant65_default/lib/chibios/os/hal/src/hal_buffers.o
LOAD .build/obj_cannonkeys_instant65_default/lib/chibios/os/hal/src/hal_queues.o
LOAD .build/obj_cannonkeys_instant65_default/lib/chibios/os/hal/src/hal_flash.o
LOAD .build/obj_cannonkeys_instant65_default/lib/chibios/os/hal/src/hal_mmcsd.o
LOAD .build/obj_cannonkeys_instant65_default/lib/chibios/os/hal/src/hal_adc.o
LOAD .build/obj_cannonkeys_instant65_default/lib/chibios/os/hal/src/hal_can.o
LOAD .build/obj_cannonkeys_instant65_default/lib/chibios/os/hal/src/hal_crypto.o
LOAD .build/obj_cannonkeys_instant65_default/lib/chibios/os/hal/src/hal_dac.o
LOAD .build/obj_cannonkeys_instant65_default/lib/chibios/os/hal/src/hal_efl.o
LOAD .build/obj_cannonkeys_instant65_default/lib/chibios/os/hal/src/hal_gpt.o
LOAD .build/obj_cannonkeys_instant65_default/lib/chibios/os/hal/src/hal_i2c.o
LOAD .build/obj_cannonkeys_instant65_default/lib/chibios/os/hal/src/hal_i2s.o
LOAD .build/obj_cannonkeys_instant65_default/lib/chibios/os/hal/src/hal_icu.o
LOAD .build/obj_cannonkeys_instant65_default/lib/chibios/os/hal/src/hal_mac.o
LOAD .build/obj_cannonkeys_instant65_default/lib/chibios/os/hal/src/hal_mmc_spi.o
LOAD .build/obj_cannonkeys_instant65_default/lib/chibios/os/hal/src/hal_pal.o
LOAD .build/obj_cannonkeys_instant65_default/lib/chibios/os/hal/src/hal_pwm.o
LOAD .build/obj_cannonkeys_instant65_default/lib/chibios/os/hal/src/hal_rtc.o
LOAD .build/obj_cannonkeys_instant65_default/lib/chibios/os/hal/src/hal_sdc.o
LOAD .build/obj_cannonkeys_instant65_default/lib/chibios/os/hal/src/hal_serial.o
LOAD .build/obj_cannonkeys_instant65_default/lib/chibios/os/hal/src/hal_serial_usb.o
LOAD .build/obj_cannonkeys_instant65_default/lib/chibios/os/hal/src/hal_sio.o
LOAD .build/obj_cannonkeys_instant65_default/lib/chibios/os/hal/src/hal_spi.o
LOAD .build/obj_cannonkeys_instant65_default/lib/chibios/os/hal/src/hal_trng.o
LOAD .build/obj_cannonkeys_instant65_default/lib/chibios/os/hal/src/hal_uart.o
LOAD .build/obj_cannonkeys_instant65_default/lib/chibios/os/hal/src/hal_usb.o
LOAD .build/obj_cannonkeys_instant65_default/lib/chibios/os/hal/src/hal_wdg.o
LOAD .build/obj_cannonkeys_instant65_default/lib/chibios/os/hal/src/hal_wspi.o
LOAD .build/obj_cannonkeys_instant65_default/lib/chibios/os/hal/ports/common/ARMCMx/nvic.o
LOAD .build/obj_cannonkeys_instant65_default/lib/chibios/os/hal/ports/STM32/STM32F0xx/stm32_isr.o
LOAD .build/obj_cannonkeys_instant65_default/lib/chibios/os/hal/ports/STM32/STM32F0xx/hal_lld.o
LOAD .build/obj_cannonkeys_instant65_default/lib/chibios/os/hal/ports/STM32/STM32F0xx/hal_efl_lld.o
LOAD .build/obj_cannonkeys_instant65_default/lib/chibios/os/hal/ports/STM32/LLD/ADCv1/hal_adc_lld.o
LOAD .build/obj_cannonkeys_instant65_default/lib/chibios/os/hal/ports/STM32/LLD/CANv1/hal_can_lld.o
LOAD .build/obj_cannonkeys_instant65_default/lib/chibios/os/hal/ports/STM32/LLD/DACv1/hal_dac_lld.o
LOAD .build/obj_cannonkeys_instant65_default/lib/chibios/os/hal/ports/STM32/LLD/DMAv1/stm32_dma.o
LOAD .build/obj_cannonkeys_instant65_default/lib/chibios/os/hal/ports/STM32/LLD/EXTIv1/stm32_exti.o
LOAD .build/obj_cannonkeys_instant65_default/lib/chibios/os/hal/ports/STM32/LLD/GPIOv2/hal_pal_lld.o
LOAD .build/obj_cannonkeys_instant65_default/lib/chibios/os/hal/ports/STM32/LLD/I2Cv2/hal_i2c_lld.o
LOAD .build/obj_cannonkeys_instant65_default/lib/chibios/os/hal/ports/STM32/LLD/RTCv2/hal_rtc_lld.o
LOAD .build/obj_cannonkeys_instant65_default/lib/chibios/os/hal/ports/STM32/LLD/SPIv2/hal_i2s_lld.o
LOAD .build/obj_cannonkeys_instant65_default/lib/chibios/os/hal/ports/STM32/LLD/SPIv2/hal_spi_v2_lld.o
LOAD .build/obj_cannonkeys_instant65_default/lib/chibios/os/hal/ports/STM32/LLD/SYSTICKv1/hal_st_lld.o
LOAD .build/obj_cannonkeys_instant65_default/lib/chibios/os/hal/ports/STM32/LLD/TIMv1/hal_gpt_lld.o
LOAD .build/obj_cannonkeys_instant65_default/lib/chibios/os/hal/ports/STM32/LLD/TIMv1/hal_icu_lld.o
LOAD .build/obj_cannonkeys_instant65_default/lib/chibios/os/hal/ports/STM32/LLD/TIMv1/hal_pwm_lld.o
LOAD .build/obj_cannonkeys_instant65_default/lib/chibios/os/hal/ports/STM32/LLD/USARTv2/hal_serial_lld.o
LOAD .build/obj_cannonkeys_instant65_default/lib/chibios/os/hal/ports/STM32/LLD/USARTv2/hal_sio_lld.o
LOAD .build/obj_cannonkeys_instant65_default/lib/chibios/os/hal/ports/STM32/LLD/USARTv2/hal_uart_lld.o
LOAD .build/obj_cannonkeys_instant65_default/lib/chibios/os/hal/ports/STM32/LLD/USBv1/hal_usb_lld.o
LOAD .build/obj_cannonkeys_instant65_default/lib/chibios/os/hal/ports/STM32/LLD/xWDGv1/hal_wdg_lld.o
LOAD .build/obj_cannonkeys_instant65_default/lib/chibios/os/hal/boards/ST_NUCLEO64_F072RB/board.o
LOAD .build/obj_cannonkeys_instant65_default/lib/chibios/os/hal/lib/streams/chprintf.o
LOAD .build/obj_cannonkeys_instant65_default/lib/chibios/os/hal/lib/streams/chscanf.o
LOAD .build/obj_cannonkeys_instant65_default/lib/chibios/os/hal/lib/streams/memstreams.o
LOAD .build/obj_cannonkeys_instant65_default/lib/chibios/os/hal/lib/streams/nullstreams.o
LOAD .build/obj_cannonkeys_instant65_default/lib/chibios/os/hal/lib/streams/bufstreams.o
LOAD .build/obj_cannonkeys_instant65_default/lib/chibios/os/various/syscalls.o
LOAD .build/obj_cannonkeys_instant65_default/platforms/chibios/syscall-fallbacks.o
LOAD .build/obj_cannonkeys_instant65_default/platforms/chibios/wait.o
LOAD .build/obj_cannonkeys_instant65_default/platforms/chibios/synchronization_util.o
LOAD .build/obj_cannonkeys_instant65_default/platforms/chibios/interrupt_handlers.o
                0x00000800                        __process_stack_size__ = 0x800
                0x00000400                        __main_stack_size__ = 0x400
LOAD /opt/homebrew/Cellar/arm-none-eabi-gcc@8/8.5.0_2/lib/arm-none-eabi-gcc/8/gcc/arm-none-eabi/8.5.0/../../../../../../arm-none-eabi/lib/thumb/v6-m/nofp/libm.a
START GROUP
LOAD /opt/homebrew/Cellar/arm-none-eabi-gcc@8/8.5.0_2/lib/arm-none-eabi-gcc/8/gcc/arm-none-eabi/8.5.0/thumb/v6-m/nofp/libgcc.a
LOAD /opt/homebrew/Cellar/arm-none-eabi-gcc@8/8.5.0_2/lib/arm-none-eabi-gcc/8/gcc/arm-none-eabi/8.5.0/../../../../../../arm-none-eabi/lib/thumb/v6-m/nofp/libg_nano.a
LOAD /opt/homebrew/Cellar/arm-none-eabi-gcc@8/8.5.0_2/lib/arm-none-eabi-gcc/8/gcc/arm-none-eabi/8.5.0/../../../../../../arm-none-eabi/lib/thumb/v6-m/nofp/libc_nano.a
END GROUP
START GROUP
LOAD /opt/homebrew/Cellar/arm-none-eabi-gcc@8/8.5.0_2/lib/arm-none-eabi-gcc/8/gcc/arm-none-eabi/8.5.0/thumb/v6-m/nofp/libgcc.a
LOAD /opt/homebrew/Cellar/arm-none-eabi-gcc@8/8.5.0_2/lib/arm-none-eabi-gcc/8/gcc/arm-none-eabi/8.5.0/../../../../../../arm-none-eabi/lib/thumb/v6-m/nofp/libc_nano.a
END GROUP

.mstack         0x20000000      0x400
                0x20000000                        . = ALIGN (0x8)
                0x20000000                        __main_stack_base__ = .
                0x20000400                        . = (. + __main_stack_size__)
 *fill*         0x20000000      0x400 
                0x20000400                        . = ALIGN (0x8)
                0x20000400                        __main_stack_end__ = .

.pstack         0x20000400      0x800
                0x20000400                        . = ALIGN (0x8)
                0x20000400                        __process_stack_base__ = .
                0x20000400                        __main_thread_stack_base__ = .
                0x20000c00                        . = (. + __process_stack_size__)
 *fill*         0x20000400      0x800 
                0x20000c00                        . = ALIGN (0x8)
                0x20000c00                        __process_stack_end__ = .
                0x20000c00                        __main_thread_stack_end__ = .

.vectors        0x08000000       0xc0
                0x08000000                        __textvectors_base__ = LOADADDR (.vectors)
                0x08000000                        __vectors_base__ = .
 *(.vectors)
 .vectors       0x08000000       0xc0 .build/obj_cannonkeys_instant65_default/./lib/chibios/os/common/startup/ARMCMx/compilers/GCC/vectors.o
                0x08000000                _vectors
                0x080000c0                        __vectors_end__ = .

.xtors          0x080000c0        0x0
                0x080000c0                        __init_array_base__ = .
 *(SORT_BY_NAME(.init_array.*))
 *(.init_array)
                0x080000c0                        __init_array_end__ = .
                0x080000c0                        __fini_array_base__ = .
 *(.fini_array)
 *(SORT_BY_NAME(.fini_array.*))
                0x080000c0                        __fini_array_end__ = .

.text           0x080000c0     0xa3ce
                0x080000c0                        __text_base__ = .
 *(.text)
 .text          0x080000c0       0xd0 .build/obj_cannonkeys_instant65_default/./lib/chibios/os/common/startup/ARMCMx/compilers/GCC/crt0_v6m.o
                0x080000c0                _crt0_entry
 .text          0x08000190        0x8 .build/obj_cannonkeys_instant65_default/./lib/chibios/os/common/startup/ARMCMx/compilers/GCC/vectors.o
                0x08000190                Reset_Handler
                0x08000192                Vector9C
                0x08000192                VectorAC
                0x08000192                DebugMon_Handler
                0x08000192                Vector5C
                0x08000192                HardFault_Handler
                0x08000192                Vector8C
                0x08000192                SysTick_Handler
                0x08000192                PendSV_Handler
                0x08000192                Vector94
                0x08000192                VectorA8
                0x08000192                VectorB4
                0x08000192                Vector74
                0x08000192                UsageFault_Handler
                0x08000192                Vector40
                0x08000192                Vector54
                0x08000192                Vector98
                0x08000192                Vector24
                0x08000192                Vector84
                0x08000192                SecureFault_Handler
                0x08000192                MemManage_Handler
                0x08000192                VectorA0
                0x08000192                SVC_Handler
                0x08000192                VectorB0
                0x08000192                Vector90
                0x08000192                Vector60
                0x08000192                Vector48
                0x08000192                Vector70
                0x08000192                Vector4C
                0x08000192                Vector78
                0x08000192                Vector20
                0x08000192                Vector58
                0x08000192                Vector88
                0x08000192                BusFault_Handler
                0x08000192                Vector50
                0x08000192                Vector44
                0x08000192                Vector28
                0x08000192                VectorB8
                0x08000192                Vector34
                0x08000192                VectorA4
                0x08000196                _unhandled_exception
 .text          0x08000198       0x44 .build/obj_cannonkeys_instant65_default/./lib/chibios/os/common/ports/ARMv6-M/compilers/GCC/chcoreasm.o
                0x08000198                __port_switch
                0x080001b8                __port_thread_start
                0x080001c6                __port_switch_from_isr
                0x080001ca                __port_exit_from_isr
 .text          0x080001dc       0x14 /opt/homebrew/Cellar/arm-none-eabi-gcc@8/8.5.0_2/lib/arm-none-eabi-gcc/8/gcc/arm-none-eabi/8.5.0/thumb/v6-m/nofp/libgcc.a(_thumb1_case_sqi.o)
                0x080001dc                __gnu_thumb1_case_sqi
 .text          0x080001f0       0x14 /opt/homebrew/Cellar/arm-none-eabi-gcc@8/8.5.0_2/lib/arm-none-eabi-gcc/8/gcc/arm-none-eabi/8.5.0/thumb/v6-m/nofp/libgcc.a(_thumb1_case_uqi.o)
                0x080001f0                __gnu_thumb1_case_uqi
 .text          0x08000204       0x14 /opt/homebrew/Cellar/arm-none-eabi-gcc@8/8.5.0_2/lib/arm-none-eabi-gcc/8/gcc/arm-none-eabi/8.5.0/thumb/v6-m/nofp/libgcc.a(_thumb1_case_uhi.o)
                0x08000204                __gnu_thumb1_case_uhi
 .text          0x08000218      0x114 /opt/homebrew/Cellar/arm-none-eabi-gcc@8/8.5.0_2/lib/arm-none-eabi-gcc/8/gcc/arm-none-eabi/8.5.0/thumb/v6-m/nofp/libgcc.a(_udivsi3.o)
                0x08000218                __udivsi3
                0x08000218                __aeabi_uidiv
                0x08000324                __aeabi_uidivmod
 .text          0x0800032c      0x1d4 /opt/homebrew/Cellar/arm-none-eabi-gcc@8/8.5.0_2/lib/arm-none-eabi-gcc/8/gcc/arm-none-eabi/8.5.0/thumb/v6-m/nofp/libgcc.a(_divsi3.o)
                0x0800032c                __aeabi_idiv
                0x0800032c                __divsi3
                0x080004f8                __aeabi_idivmod
 .text          0x08000500        0x4 /opt/homebrew/Cellar/arm-none-eabi-gcc@8/8.5.0_2/lib/arm-none-eabi-gcc/8/gcc/arm-none-eabi/8.5.0/thumb/v6-m/nofp/libgcc.a(_dvmd_tls.o)
                0x08000500                __aeabi_ldiv0
                0x08000500                __aeabi_idiv0
 .text          0x08000504       0x40 /opt/homebrew/Cellar/arm-none-eabi-gcc@8/8.5.0_2/lib/arm-none-eabi-gcc/8/gcc/arm-none-eabi/8.5.0/thumb/v6-m/nofp/libgcc.a(_aeabi_uldivmod.o)
                0x08000504                __aeabi_uldivmod
 .text          0x08000544       0x54 /opt/homebrew/Cellar/arm-none-eabi-gcc@8/8.5.0_2/lib/arm-none-eabi-gcc/8/gcc/arm-none-eabi/8.5.0/thumb/v6-m/nofp/libgcc.a(_muldi3.o)
                0x08000544                __aeabi_lmul
                0x08000544                __muldi3
 .text          0x08000598      0x1a4 /opt/homebrew/Cellar/arm-none-eabi-gcc@8/8.5.0_2/lib/arm-none-eabi-gcc/8/gcc/arm-none-eabi/8.5.0/thumb/v6-m/nofp/libgcc.a(_udivmoddi4.o)
                0x08000598                __udivmoddi4
 .text          0x0800073c       0x18 /opt/homebrew/Cellar/arm-none-eabi-gcc@8/8.5.0_2/lib/arm-none-eabi-gcc/8/gcc/arm-none-eabi/8.5.0/thumb/v6-m/nofp/libgcc.a(_clzdi2.o)
                0x0800073c                __clzdi2
 .text          0x08000754       0x3c /opt/homebrew/Cellar/arm-none-eabi-gcc@8/8.5.0_2/lib/arm-none-eabi-gcc/8/gcc/arm-none-eabi/8.5.0/thumb/v6-m/nofp/libgcc.a(_clzsi2.o)
                0x08000754                __clzsi2
 .text          0x08000790       0x10 /opt/homebrew/Cellar/arm-none-eabi-gcc@8/8.5.0_2/lib/arm-none-eabi-gcc/8/gcc/arm-none-eabi/8.5.0/../../../../../../arm-none-eabi/lib/thumb/v6-m/nofp/libg_nano.a(lib_a-abort.o)
                0x08000790                abort
 .text          0x080007a0       0x80 /opt/homebrew/Cellar/arm-none-eabi-gcc@8/8.5.0_2/lib/arm-none-eabi-gcc/8/gcc/arm-none-eabi/8.5.0/../../../../../../arm-none-eabi/lib/thumb/v6-m/nofp/libg_nano.a(lib_a-memchr-stub.o)
                0x080007a0                memchr
 .text          0x08000820       0x50 /opt/homebrew/Cellar/arm-none-eabi-gcc@8/8.5.0_2/lib/arm-none-eabi-gcc/8/gcc/arm-none-eabi/8.5.0/../../../../../../arm-none-eabi/lib/thumb/v6-m/nofp/libg_nano.a(lib_a-memcmp.o)
                0x08000820                memcmp
 .text          0x08000870       0xa8 /opt/homebrew/Cellar/arm-none-eabi-gcc@8/8.5.0_2/lib/arm-none-eabi-gcc/8/gcc/arm-none-eabi/8.5.0/../../../../../../arm-none-eabi/lib/thumb/v6-m/nofp/libg_nano.a(lib_a-memcpy-stub.o)
                0x08000870                memcpy
 .text          0x08000918       0xa8 /opt/homebrew/Cellar/arm-none-eabi-gcc@8/8.5.0_2/lib/arm-none-eabi-gcc/8/gcc/arm-none-eabi/8.5.0/../../../../../../arm-none-eabi/lib/thumb/v6-m/nofp/libg_nano.a(lib_a-memset.o)
                0x08000918                memset
 .text          0x080009c0       0xe8 /opt/homebrew/Cellar/arm-none-eabi-gcc@8/8.5.0_2/lib/arm-none-eabi-gcc/8/gcc/arm-none-eabi/8.5.0/../../../../../../arm-none-eabi/lib/thumb/v6-m/nofp/libg_nano.a(lib_a-rand.o)
                0x080009c0                srand
                0x08000a20                rand
 .text          0x08000aa8      0x178 /opt/homebrew/Cellar/arm-none-eabi-gcc@8/8.5.0_2/lib/arm-none-eabi-gcc/8/gcc/arm-none-eabi/8.5.0/../../../../../../arm-none-eabi/lib/thumb/v6-m/nofp/libg_nano.a(lib_a-signal.o)
                0x08000ad0                _init_signal_r
                0x08000ae8                _signal_r
                0x08000b20                _raise_r
                0x08000b78                __sigtramp_r
                0x08000bc4                raise
                0x08000bd8                signal
                0x08000bf0                _init_signal
                0x08000c0c                __sigtramp
 .text          0x08000c20       0x30 /opt/homebrew/Cellar/arm-none-eabi-gcc@8/8.5.0_2/lib/arm-none-eabi-gcc/8/gcc/arm-none-eabi/8.5.0/../../../../../../arm-none-eabi/lib/thumb/v6-m/nofp/libg_nano.a(lib_a-signalr.o)
                0x08000c20                _kill_r
                0x08000c48                _getpid_r
 .text          0x08000c50       0x4c /opt/homebrew/Cellar/arm-none-eabi-gcc@8/8.5.0_2/lib/arm-none-eabi-gcc/8/gcc/arm-none-eabi/8.5.0/../../../../../../arm-none-eabi/lib/thumb/v6-m/nofp/libg_nano.a(lib_a-assert.o)
                0x08000c50                __assert_func
                0x08000c90                __assert
 .text          0x08000c9c       0x3c /opt/homebrew/Cellar/arm-none-eabi-gcc@8/8.5.0_2/lib/arm-none-eabi-gcc/8/gcc/arm-none-eabi/8.5.0/../../../../../../arm-none-eabi/lib/thumb/v6-m/nofp/libg_nano.a(lib_a-fprintf.o)
                0x08000c9c                _fprintf_r
                0x08000c9c                _fiprintf_r
                0x08000cb4                fprintf
                0x08000cb4                fiprintf
 .text          0x08000cd8       0x28 /opt/homebrew/Cellar/arm-none-eabi-gcc@8/8.5.0_2/lib/arm-none-eabi-gcc/8/gcc/arm-none-eabi/8.5.0/../../../../../../arm-none-eabi/lib/thumb/v6-m/nofp/libg_nano.a(lib_a-malloc.o)
                0x08000cd8                malloc
                0x08000cec                free
 .text          0x08000d00       0xac /opt/homebrew/Cellar/arm-none-eabi-gcc@8/8.5.0_2/lib/arm-none-eabi-gcc/8/gcc/arm-none-eabi/8.5.0/../../../../../../arm-none-eabi/lib/thumb/v6-m/nofp/libg_nano.a(lib_a-nano-freer.o)
                0x08000d00                _free_r
 .text          0x08000dac       0xcc /opt/homebrew/Cellar/arm-none-eabi-gcc@8/8.5.0_2/lib/arm-none-eabi-gcc/8/gcc/arm-none-eabi/8.5.0/../../../../../../arm-none-eabi/lib/thumb/v6-m/nofp/libg_nano.a(lib_a-nano-mallocr.o)
                0x08000dac                _malloc_r
 .text          0x08000e78      0x3cc /opt/homebrew/Cellar/arm-none-eabi-gcc@8/8.5.0_2/lib/arm-none-eabi-gcc/8/gcc/arm-none-eabi/8.5.0/../../../../../../arm-none-eabi/lib/thumb/v6-m/nofp/libg_nano.a(lib_a-nano-vfprintf.o)
                0x08000ea0                __sfputs_r
                0x08000ecc                __sprint_r
                0x08000ee8                _vfiprintf_r
                0x08000ee8                _vfprintf_r
                0x0800122c                vfiprintf
                0x0800122c                vfprintf
 .text          0x08001244      0x3d8 /opt/homebrew/Cellar/arm-none-eabi-gcc@8/8.5.0_2/lib/arm-none-eabi-gcc/8/gcc/arm-none-eabi/8.5.0/../../../../../../arm-none-eabi/lib/thumb/v6-m/nofp/libg_nano.a(lib_a-nano-vfprintf_i.o)
                0x08001244                _printf_common
                0x08001374                _printf_i
 .text          0x0800161c       0xec /opt/homebrew/Cellar/arm-none-eabi-gcc@8/8.5.0_2/lib/arm-none-eabi-gcc/8/gcc/arm-none-eabi/8.5.0/../../../../../../arm-none-eabi/lib/thumb/v6-m/nofp/libg_nano.a(lib_a-wbuf.o)
                0x0800161c                __swbuf_r
                0x080016f0                __swbuf
 .text          0x08001708      0x10c /opt/homebrew/Cellar/arm-none-eabi-gcc@8/8.5.0_2/lib/arm-none-eabi-gcc/8/gcc/arm-none-eabi/8.5.0/../../../../../../arm-none-eabi/lib/thumb/v6-m/nofp/libg_nano.a(lib_a-wsetup.o)
                0x08001708                __swsetup_r
 .text          0x08001814      0x1e4 /opt/homebrew/Cellar/arm-none-eabi-gcc@8/8.5.0_2/lib/arm-none-eabi-gcc/8/gcc/arm-none-eabi/8.5.0/../../../../../../arm-none-eabi/lib/thumb/v6-m/nofp/libg_nano.a(lib_a-fflush.o)
                0x08001814                __sflush_r
                0x08001948                _fflush_r
                0x080019d0                fflush
 .text          0x080019f8      0x2dc /opt/homebrew/Cellar/arm-none-eabi-gcc@8/8.5.0_2/lib/arm-none-eabi-gcc/8/gcc/arm-none-eabi/8.5.0/../../../../../../arm-none-eabi/lib/thumb/v6-m/nofp/libg_nano.a(lib_a-findfp.o)
                0x080019f8                _cleanup_r
                0x08001a40                __sfmoreglue
                0x08001a70                _cleanup
                0x08001a88                __sinit
                0x08001bb0                __sfp
                0x08001c54                __sfp_lock_acquire
                0x08001c64                __sfp_lock_release
                0x08001c74                __sinit_lock_acquire
                0x08001c84                __sinit_lock_release
                0x08001c94                __fp_lock_all
                0x08001cb4                __fp_unlock_all
 .text          0x08001cd4      0x320 /opt/homebrew/Cellar/arm-none-eabi-gcc@8/8.5.0_2/lib/arm-none-eabi-gcc/8/gcc/arm-none-eabi/8.5.0/../../../../../../arm-none-eabi/lib/thumb/v6-m/nofp/libg_nano.a(lib_a-fvwrite.o)
                0x08001cd4                __sfvwrite_r
 .text          0x08001ff4       0x90 /opt/homebrew/Cellar/arm-none-eabi-gcc@8/8.5.0_2/lib/arm-none-eabi-gcc/8/gcc/arm-none-eabi/8.5.0/../../../../../../arm-none-eabi/lib/thumb/v6-m/nofp/libg_nano.a(lib_a-fwalk.o)
                0x08001ff4                _fwalk
                0x08002038                _fwalk_reent
 .text          0x08002084       0x28 /opt/homebrew/Cellar/arm-none-eabi-gcc@8/8.5.0_2/lib/arm-none-eabi-gcc/8/gcc/arm-none-eabi/8.5.0/../../../../../../arm-none-eabi/lib/thumb/v6-m/nofp/libg_nano.a(lib_a-lock.o)
                0x08002084                __retarget_lock_init
                0x08002088                __retarget_lock_init_recursive
                0x0800208c                __retarget_lock_close
                0x08002090                __retarget_lock_close_recursive
                0x08002094                __retarget_lock_acquire
                0x08002098                __retarget_lock_acquire_recursive
                0x0800209c                __retarget_lock_try_acquire
                0x080020a0                __retarget_lock_try_acquire_recursive
                0x080020a4                __retarget_lock_release
                0x080020a8                __retarget_lock_release_recursive
 .text          0x080020ac       0xe0 /opt/homebrew/Cellar/arm-none-eabi-gcc@8/8.5.0_2/lib/arm-none-eabi-gcc/8/gcc/arm-none-eabi/8.5.0/../../../../../../arm-none-eabi/lib/thumb/v6-m/nofp/libg_nano.a(lib_a-makebuf.o)
                0x080020ac                __swhatbuf_r
                0x080020fc                __smakebuf_r
 .text          0x0800218c       0xbc /opt/homebrew/Cellar/arm-none-eabi-gcc@8/8.5.0_2/lib/arm-none-eabi-gcc/8/gcc/arm-none-eabi/8.5.0/../../../../../../arm-none-eabi/lib/thumb/v6-m/nofp/libg_nano.a(lib_a-memmove.o)
                0x0800218c                memmove
 .text          0x08002248       0x20 /opt/homebrew/Cellar/arm-none-eabi-gcc@8/8.5.0_2/lib/arm-none-eabi-gcc/8/gcc/arm-none-eabi/8.5.0/../../../../../../arm-none-eabi/lib/thumb/v6-m/nofp/libg_nano.a(lib_a-mlock.o)
                0x08002248                __malloc_lock
                0x08002258                __malloc_unlock
 .text          0x08002268       0x50 /opt/homebrew/Cellar/arm-none-eabi-gcc@8/8.5.0_2/lib/arm-none-eabi-gcc/8/gcc/arm-none-eabi/8.5.0/../../../../../../arm-none-eabi/lib/thumb/v6-m/nofp/libg_nano.a(lib_a-nano-reallocr.o)
                0x08002268                _realloc_r
 .text          0x080022b8       0xa4 /opt/homebrew/Cellar/arm-none-eabi-gcc@8/8.5.0_2/lib/arm-none-eabi-gcc/8/gcc/arm-none-eabi/8.5.0/../../../../../../arm-none-eabi/lib/thumb/v6-m/nofp/libg_nano.a(lib_a-stdio.o)
                0x080022b8                __sread
                0x080022e0                __seofread
                0x080022e4                __swrite
                0x08002324                __sseek
                0x08002350                __sclose
 .text          0x0800235c       0x14 /opt/homebrew/Cellar/arm-none-eabi-gcc@8/8.5.0_2/lib/arm-none-eabi-gcc/8/gcc/arm-none-eabi/8.5.0/../../../../../../arm-none-eabi/lib/thumb/v6-m/nofp/libg_nano.a(lib_a-nano-msizer.o)
                0x0800235c                _malloc_usable_size_r
 *(.text.*)
 .text.keycode_at_keymap_location_raw
                0x08002370       0x2c .build/obj_cannonkeys_instant65_default/quantum/keymap_introspection.o
                0x08002370                keycode_at_keymap_location_raw
 .text.keycode_at_keymap_location
                0x0800239c        0x8 .build/obj_cannonkeys_instant65_default/quantum/keymap_introspection.o
                0x0800239c                keycode_at_keymap_location
 .text.pre_process_record_user
                0x080023a4        0x4 .build/obj_cannonkeys_instant65_default/quantum/quantum.o
                0x080023a4                pre_process_record_user
 .text.pre_process_record_kb
                0x080023a8        0x8 .build/obj_cannonkeys_instant65_default/quantum/quantum.o
                0x080023a8                pre_process_record_kb
 .text.process_action_kb
                0x080023b0        0x4 .build/obj_cannonkeys_instant65_default/quantum/quantum.o
                0x080023b0                process_action_kb
 .text.process_record_user
                0x080023b4        0x4 .build/obj_cannonkeys_instant65_default/quantum/quantum.o
                0x080023b4                process_record_user
 .text.process_record_kb
                0x080023b8        0x8 .build/obj_cannonkeys_instant65_default/quantum/quantum.o
                0x080023b8                process_record_kb
 .text.post_process_record_user
                0x080023c0        0x2 .build/obj_cannonkeys_instant65_default/quantum/quantum.o
                0x080023c0                post_process_record_user
 .text.post_process_record_kb
                0x080023c2        0x8 .build/obj_cannonkeys_instant65_default/quantum/quantum.o
                0x080023c2                post_process_record_kb
 *fill*         0x080023ca        0x2 
 .text.get_event_keycode
                0x080023cc       0x4c .build/obj_cannonkeys_instant65_default/quantum/quantum.o
                0x080023cc                get_event_keycode
 .text.get_record_keycode
                0x08002418       0x16 .build/obj_cannonkeys_instant65_default/quantum/quantum.o
                0x08002418                get_record_keycode
 .text.pre_process_record_quantum
                0x0800242e       0x12 .build/obj_cannonkeys_instant65_default/quantum/quantum.o
                0x0800242e                pre_process_record_quantum
 .text.post_process_record_quantum
                0x08002440       0x12 .build/obj_cannonkeys_instant65_default/quantum/quantum.o
                0x08002440                post_process_record_quantum
 .text.shutdown_user
                0x08002452        0x4 .build/obj_cannonkeys_instant65_default/quantum/quantum.o
                0x08002452                shutdown_user
 .text.shutdown_kb
                0x08002456        0x8 .build/obj_cannonkeys_instant65_default/quantum/quantum.o
                0x08002456                shutdown_kb
 *fill*         0x0800245e        0x2 
 .text.shutdown_quantum
                0x08002460       0x1c .build/obj_cannonkeys_instant65_default/quantum/quantum.o
                0x08002460                shutdown_quantum
 .text.reset_keyboard
                0x0800247c        0xe .build/obj_cannonkeys_instant65_default/quantum/quantum.o
                0x0800247c                reset_keyboard
 .text.soft_reset_keyboard
                0x0800248a        0xe .build/obj_cannonkeys_instant65_default/quantum/quantum.o
                0x0800248a                soft_reset_keyboard
 .text.process_record_quantum
                0x08002498       0xfc .build/obj_cannonkeys_instant65_default/quantum/quantum.o
                0x08002498                process_record_quantum
 .text.suspend_power_down_quantum
                0x08002594       0x12 .build/obj_cannonkeys_instant65_default/quantum/quantum.o
                0x08002594                suspend_power_down_quantum
 .text.suspend_wakeup_init_quantum
                0x080025a6       0x10 .build/obj_cannonkeys_instant65_default/quantum/quantum.o
                0x080025a6                suspend_wakeup_init_quantum
 .text.bitrev   0x080025b6       0x26 .build/obj_cannonkeys_instant65_default/quantum/bitwise.o
                0x080025b6                bitrev
 .text.bitrev16
                0x080025dc       0x1a .build/obj_cannonkeys_instant65_default/quantum/bitwise.o
                0x080025dc                bitrev16
 .text.led_update_user
                0x080025f6        0x4 .build/obj_cannonkeys_instant65_default/quantum/led.o
                0x080025f6                led_update_user
 .text.led_update_ports
                0x080025fa        0x2 .build/obj_cannonkeys_instant65_default/quantum/led.o
                0x080025fa                led_update_ports
 .text.led_update_kb
                0x080025fc       0x16 .build/obj_cannonkeys_instant65_default/quantum/led.o
                0x080025fc                led_update_kb
 .text.led_init_ports
                0x08002612        0x2 .build/obj_cannonkeys_instant65_default/quantum/led.o
                0x08002612                led_init_ports
 .text.led_set  0x08002614        0x8 .build/obj_cannonkeys_instant65_default/quantum/led.o
                0x08002614                led_set
 .text.led_suspend
                0x0800261c        0xa .build/obj_cannonkeys_instant65_default/quantum/led.o
                0x0800261c                led_suspend
 .text.led_wakeup
                0x08002626        0xc .build/obj_cannonkeys_instant65_default/quantum/led.o
                0x08002626                led_wakeup
 *fill*         0x08002632        0x2 
 .text.led_task
                0x08002634       0x48 .build/obj_cannonkeys_instant65_default/quantum/led.o
                0x08002634                led_task
 .text.action_exec
                0x0800267c       0x42 .build/obj_cannonkeys_instant65_default/quantum/action.o
                0x0800267c                action_exec
 .text.process_record_tap_hint
                0x080026be       0x10 .build/obj_cannonkeys_instant65_default/quantum/action.o
                0x080026be                process_record_tap_hint
 .text.register_mouse
                0x080026ce       0x16 .build/obj_cannonkeys_instant65_default/quantum/action.o
                0x080026ce                register_mouse
 .text.register_code
                0x080026e4      0x100 .build/obj_cannonkeys_instant65_default/quantum/action.o
                0x080026e4                register_code
 .text.unregister_code
                0x080027e4       0xb6 .build/obj_cannonkeys_instant65_default/quantum/action.o
                0x080027e4                unregister_code
 *fill*         0x0800289a        0x2 
 .text.tap_code_delay
                0x0800289c       0x44 .build/obj_cannonkeys_instant65_default/quantum/action.o
                0x0800289c                tap_code_delay
 .text.tap_code
                0x080028e0       0x10 .build/obj_cannonkeys_instant65_default/quantum/action.o
                0x080028e0                tap_code
 .text.register_mods
                0x080028f0       0x10 .build/obj_cannonkeys_instant65_default/quantum/action.o
                0x080028f0                register_mods
 .text.unregister_mods
                0x08002900       0x10 .build/obj_cannonkeys_instant65_default/quantum/action.o
                0x08002900                unregister_mods
 .text.process_action
                0x08002910      0x3b8 .build/obj_cannonkeys_instant65_default/quantum/action.o
                0x08002910                process_action
 .text.process_record_handler
                0x08002cc8       0x20 .build/obj_cannonkeys_instant65_default/quantum/action.o
                0x08002cc8                process_record_handler
 .text.process_record
                0x08002ce8       0x44 .build/obj_cannonkeys_instant65_default/quantum/action.o
                0x08002ce8                process_record
 .text.clear_keyboard_but_mods_and_keys
                0x08002d2c       0x20 .build/obj_cannonkeys_instant65_default/quantum/action.o
                0x08002d2c                clear_keyboard_but_mods_and_keys
 .text.clear_keyboard_but_mods
                0x08002d4c        0xc .build/obj_cannonkeys_instant65_default/quantum/action.o
                0x08002d4c                clear_keyboard_but_mods
 .text.clear_keyboard
                0x08002d58        0xc .build/obj_cannonkeys_instant65_default/quantum/action.o
                0x08002d58                clear_keyboard
 .text.is_tap_action
                0x08002d64       0x4c .build/obj_cannonkeys_instant65_default/quantum/action.o
                0x08002d64                is_tap_action
 .text.is_tap_record
                0x08002db0       0x18 .build/obj_cannonkeys_instant65_default/quantum/action.o
                0x08002db0                is_tap_record
 .text.debug_event
                0x08002dc8        0x6 .build/obj_cannonkeys_instant65_default/quantum/action.o
                0x08002dc8                debug_event
 .text.debug_record
                0x08002dce        0x6 .build/obj_cannonkeys_instant65_default/quantum/action.o
                0x08002dce                debug_record
 .text.default_layer_state_set_user
                0x08002dd4        0x2 .build/obj_cannonkeys_instant65_default/quantum/action_layer.o
                0x08002dd4                default_layer_state_set_user
 .text.default_layer_state_set_kb
                0x08002dd6        0x8 .build/obj_cannonkeys_instant65_default/quantum/action_layer.o
                0x08002dd6                default_layer_state_set_kb
 *fill*         0x08002dde        0x2 
 .text.default_layer_state_set
                0x08002de0       0x10 .build/obj_cannonkeys_instant65_default/quantum/action_layer.o
 .text.default_layer_debug
                0x08002df0        0x2 .build/obj_cannonkeys_instant65_default/quantum/action_layer.o
                0x08002df0                default_layer_debug
 .text.default_layer_set
                0x08002df2        0x8 .build/obj_cannonkeys_instant65_default/quantum/action_layer.o
                0x08002df2                default_layer_set
 *fill*         0x08002dfa        0x2 
 .text.default_layer_or
                0x08002dfc       0x14 .build/obj_cannonkeys_instant65_default/quantum/action_layer.o
                0x08002dfc                default_layer_or
 .text.default_layer_and
                0x08002e10       0x14 .build/obj_cannonkeys_instant65_default/quantum/action_layer.o
                0x08002e10                default_layer_and
 .text.default_layer_xor
                0x08002e24       0x14 .build/obj_cannonkeys_instant65_default/quantum/action_layer.o
                0x08002e24                default_layer_xor
 .text.layer_state_set_user
                0x08002e38        0x2 .build/obj_cannonkeys_instant65_default/quantum/action_layer.o
                0x08002e38                layer_state_set_user
 .text.layer_state_set_kb
                0x08002e3a        0x8 .build/obj_cannonkeys_instant65_default/quantum/action_layer.o
                0x08002e3a                layer_state_set_kb
 *fill*         0x08002e42        0x2 
 .text.layer_state_set
                0x08002e44       0x10 .build/obj_cannonkeys_instant65_default/quantum/action_layer.o
                0x08002e44                layer_state_set
 .text.layer_clear
                0x08002e54        0xa .build/obj_cannonkeys_instant65_default/quantum/action_layer.o
                0x08002e54                layer_clear
 .text.layer_move
                0x08002e5e        0xe .build/obj_cannonkeys_instant65_default/quantum/action_layer.o
                0x08002e5e                layer_move
 .text.layer_on
                0x08002e6c       0x18 .build/obj_cannonkeys_instant65_default/quantum/action_layer.o
                0x08002e6c                layer_on
 .text.layer_off
                0x08002e84       0x18 .build/obj_cannonkeys_instant65_default/quantum/action_layer.o
                0x08002e84                layer_off
 .text.layer_invert
                0x08002e9c       0x18 .build/obj_cannonkeys_instant65_default/quantum/action_layer.o
                0x08002e9c                layer_invert
 .text.layer_or
                0x08002eb4       0x14 .build/obj_cannonkeys_instant65_default/quantum/action_layer.o
                0x08002eb4                layer_or
 .text.layer_and
                0x08002ec8       0x14 .build/obj_cannonkeys_instant65_default/quantum/action_layer.o
                0x08002ec8                layer_and
 .text.layer_xor
                0x08002edc       0x14 .build/obj_cannonkeys_instant65_default/quantum/action_layer.o
                0x08002edc                layer_xor
 .text.layer_debug
                0x08002ef0        0x2 .build/obj_cannonkeys_instant65_default/quantum/action_layer.o
                0x08002ef0                layer_debug
 .text.update_source_layers_cache_impl
                0x08002ef2       0x30 .build/obj_cannonkeys_instant65_default/quantum/action_layer.o
                0x08002ef2                update_source_layers_cache_impl
 .text.read_source_layers_cache_impl
                0x08002f22       0x26 .build/obj_cannonkeys_instant65_default/quantum/action_layer.o
                0x08002f22                read_source_layers_cache_impl
 .text.update_source_layers_cache
                0x08002f48       0x28 .build/obj_cannonkeys_instant65_default/quantum/action_layer.o
                0x08002f48                update_source_layers_cache
 .text.read_source_layers_cache
                0x08002f70       0x28 .build/obj_cannonkeys_instant65_default/quantum/action_layer.o
                0x08002f70                read_source_layers_cache
 .text.layer_switch_get_layer
                0x08002f98       0x44 .build/obj_cannonkeys_instant65_default/quantum/action_layer.o
                0x08002f98                layer_switch_get_layer
 .text.layer_switch_get_action
                0x08002fdc       0x14 .build/obj_cannonkeys_instant65_default/quantum/action_layer.o
                0x08002fdc                layer_switch_get_action
 .text.store_or_get_action
                0x08002ff0       0x44 .build/obj_cannonkeys_instant65_default/quantum/action_layer.o
                0x08002ff0                store_or_get_action
 .text.debug_waiting_buffer
                0x08003034       0x40 .build/obj_cannonkeys_instant65_default/quantum/action_tapping.o
 .text.debug_tapping_key
                0x08003074       0x20 .build/obj_cannonkeys_instant65_default/quantum/action_tapping.o
 .text.waiting_buffer_scan_tap
                0x08003094       0x80 .build/obj_cannonkeys_instant65_default/quantum/action_tapping.o
 .text.waiting_buffer_typed.isra.2.constprop.4
                0x08003114       0x40 .build/obj_cannonkeys_instant65_default/quantum/action_tapping.o
 .text.process_tapping
                0x08003154      0x2b8 .build/obj_cannonkeys_instant65_default/quantum/action_tapping.o
 .text.action_tapping_process
                0x0800340c       0xbc .build/obj_cannonkeys_instant65_default/quantum/action_tapping.o
                0x0800340c                action_tapping_process
 .text.get_oneshot_layer
                0x080034c8        0xc .build/obj_cannonkeys_instant65_default/quantum/action_util.o
                0x080034c8                get_oneshot_layer
 .text.get_oneshot_layer_state
                0x080034d4       0x10 .build/obj_cannonkeys_instant65_default/quantum/action_util.o
                0x080034d4                get_oneshot_layer_state
 .text.is_oneshot_layer_active
                0x080034e4       0x14 .build/obj_cannonkeys_instant65_default/quantum/action_util.o
                0x080034e4                is_oneshot_layer_active
 .text.get_mods
                0x080034f8        0xc .build/obj_cannonkeys_instant65_default/quantum/action_util.o
                0x080034f8                get_mods
 .text.add_mods
                0x08003504       0x10 .build/obj_cannonkeys_instant65_default/quantum/action_util.o
                0x08003504                add_mods
 .text.del_mods
                0x08003514       0x10 .build/obj_cannonkeys_instant65_default/quantum/action_util.o
                0x08003514                del_mods
 .text.clear_mods
                0x08003524        0xc .build/obj_cannonkeys_instant65_default/quantum/action_util.o
                0x08003524                clear_mods
 .text.add_weak_mods
                0x08003530       0x10 .build/obj_cannonkeys_instant65_default/quantum/action_util.o
                0x08003530                add_weak_mods
 .text.del_weak_mods
                0x08003540       0x10 .build/obj_cannonkeys_instant65_default/quantum/action_util.o
                0x08003540                del_weak_mods
 .text.clear_weak_mods
                0x08003550        0xc .build/obj_cannonkeys_instant65_default/quantum/action_util.o
                0x08003550                clear_weak_mods
 .text.oneshot_locked_mods_changed_user
                0x0800355c        0x2 .build/obj_cannonkeys_instant65_default/quantum/action_util.o
                0x0800355c                oneshot_locked_mods_changed_user
 .text.oneshot_locked_mods_changed_kb
                0x0800355e        0x8 .build/obj_cannonkeys_instant65_default/quantum/action_util.o
                0x0800355e                oneshot_locked_mods_changed_kb
 *fill*         0x08003566        0x2 
 .text.del_oneshot_locked_mods
                0x08003568       0x1c .build/obj_cannonkeys_instant65_default/quantum/action_util.o
                0x08003568                del_oneshot_locked_mods
 .text.oneshot_mods_changed_user
                0x08003584        0x2 .build/obj_cannonkeys_instant65_default/quantum/action_util.o
                0x08003584                oneshot_mods_changed_user
 .text.oneshot_mods_changed_kb
                0x08003586        0x8 .build/obj_cannonkeys_instant65_default/quantum/action_util.o
                0x08003586                oneshot_mods_changed_kb
 *fill*         0x0800358e        0x2 
 .text.add_oneshot_mods
                0x08003590       0x1c .build/obj_cannonkeys_instant65_default/quantum/action_util.o
                0x08003590                add_oneshot_mods
 .text.del_oneshot_mods
                0x080035ac       0x1c .build/obj_cannonkeys_instant65_default/quantum/action_util.o
                0x080035ac                del_oneshot_mods
 .text.clear_oneshot_mods
                0x080035c8       0x18 .build/obj_cannonkeys_instant65_default/quantum/action_util.o
                0x080035c8                clear_oneshot_mods
 .text.get_mods_for_report
                0x080035e0       0x34 .build/obj_cannonkeys_instant65_default/quantum/action_util.o
 .text.send_6kro_report
                0x08003614       0x38 .build/obj_cannonkeys_instant65_default/quantum/action_util.o
                0x08003614                send_6kro_report
 .text.send_nkro_report
                0x0800364c       0x38 .build/obj_cannonkeys_instant65_default/quantum/action_util.o
                0x0800364c                send_nkro_report
 .text.send_keyboard_report
                0x08003684       0x28 .build/obj_cannonkeys_instant65_default/quantum/action_util.o
                0x08003684                send_keyboard_report
 .text.oneshot_layer_changed_user
                0x080036ac        0x2 .build/obj_cannonkeys_instant65_default/quantum/action_util.o
                0x080036ac                oneshot_layer_changed_user
 .text.oneshot_layer_changed_kb
                0x080036ae        0x8 .build/obj_cannonkeys_instant65_default/quantum/action_util.o
                0x080036ae                oneshot_layer_changed_kb
 *fill*         0x080036b6        0x2 
 .text.set_oneshot_layer
                0x080036b8       0x30 .build/obj_cannonkeys_instant65_default/quantum/action_util.o
                0x080036b8                set_oneshot_layer
 .text.reset_oneshot_layer
                0x080036e8       0x14 .build/obj_cannonkeys_instant65_default/quantum/action_util.o
                0x080036e8                reset_oneshot_layer
 .text.clear_oneshot_layer_state
                0x080036fc       0x30 .build/obj_cannonkeys_instant65_default/quantum/action_util.o
                0x080036fc                clear_oneshot_layer_state
 .text.oneshot_set
                0x0800372c       0x4c .build/obj_cannonkeys_instant65_default/quantum/action_util.o
                0x0800372c                oneshot_set
 .text.oneshot_toggle
                0x08003778       0x18 .build/obj_cannonkeys_instant65_default/quantum/action_util.o
                0x08003778                oneshot_toggle
 .text.oneshot_enable
                0x08003790        0xa .build/obj_cannonkeys_instant65_default/quantum/action_util.o
                0x08003790                oneshot_enable
 .text.oneshot_disable
                0x0800379a        0xa .build/obj_cannonkeys_instant65_default/quantum/action_util.o
                0x0800379a                oneshot_disable
 .text.eeconfig_disable
                0x080037a4       0x18 .build/obj_cannonkeys_instant65_default/quantum/eeconfig.o
                0x080037a4                eeconfig_disable
 .text.eeconfig_is_enabled
                0x080037bc       0x18 .build/obj_cannonkeys_instant65_default/quantum/eeconfig.o
                0x080037bc                eeconfig_is_enabled
 .text.eeconfig_read_debug
                0x080037d4        0xa .build/obj_cannonkeys_instant65_default/quantum/eeconfig.o
                0x080037d4                eeconfig_read_debug
 .text.eeconfig_read_default_layer
                0x080037de        0xa .build/obj_cannonkeys_instant65_default/quantum/eeconfig.o
                0x080037de                eeconfig_read_default_layer
 .text.eeconfig_read_keymap
                0x080037e8        0xa .build/obj_cannonkeys_instant65_default/quantum/eeconfig.o
                0x080037e8                eeconfig_read_keymap
 .text.eeconfig_update_keymap
                0x080037f2        0xc .build/obj_cannonkeys_instant65_default/quantum/eeconfig.o
                0x080037f2                eeconfig_update_keymap
 .text.eeconfig_update_kb
                0x080037fe        0xc .build/obj_cannonkeys_instant65_default/quantum/eeconfig.o
                0x080037fe                eeconfig_update_kb
 .text.eeconfig_update_user
                0x0800380a        0xc .build/obj_cannonkeys_instant65_default/quantum/eeconfig.o
                0x0800380a                eeconfig_update_user
 .text.eeconfig_init_user
                0x08003816        0xa .build/obj_cannonkeys_instant65_default/quantum/eeconfig.o
                0x08003816                eeconfig_init_user
 .text.eeconfig_init_kb
                0x08003820        0xe .build/obj_cannonkeys_instant65_default/quantum/eeconfig.o
                0x08003820                eeconfig_init_kb
 *fill*         0x0800382e        0x2 
 .text.eeconfig_init_quantum
                0x08003830       0x88 .build/obj_cannonkeys_instant65_default/quantum/eeconfig.o
                0x08003830                eeconfig_init_quantum
 .text.eeconfig_init
                0x080038b8        0x8 .build/obj_cannonkeys_instant65_default/quantum/eeconfig.o
                0x080038b8                eeconfig_init
 .text.eeconfig_update_handedness
                0x080038c0        0xc .build/obj_cannonkeys_instant65_default/quantum/eeconfig.o
                0x080038c0                eeconfig_update_handedness
 .text.generate_tick_event
                0x080038cc       0x30 .build/obj_cannonkeys_instant65_default/quantum/keyboard.o
 .text.last_matrix_activity_trigger
                0x080038fc       0x18 .build/obj_cannonkeys_instant65_default/quantum/keyboard.o
                0x080038fc                last_matrix_activity_trigger
 .text.matrix_setup
                0x08003914        0x2 .build/obj_cannonkeys_instant65_default/quantum/keyboard.o
                0x08003914                matrix_setup
 .text.keyboard_pre_init_user
                0x08003916        0x2 .build/obj_cannonkeys_instant65_default/quantum/keyboard.o
                0x08003916                keyboard_pre_init_user
 .text.keyboard_pre_init_kb
                0x08003918        0x8 .build/obj_cannonkeys_instant65_default/quantum/keyboard.o
                0x08003918                keyboard_pre_init_kb
 .text.keyboard_post_init_user
                0x08003920        0x2 .build/obj_cannonkeys_instant65_default/quantum/keyboard.o
                0x08003920                keyboard_post_init_user
 .text.keyboard_post_init_kb
                0x08003922        0x8 .build/obj_cannonkeys_instant65_default/quantum/keyboard.o
                0x08003922                keyboard_post_init_kb
 .text.matrix_can_read
                0x0800392a        0x4 .build/obj_cannonkeys_instant65_default/quantum/keyboard.o
                0x0800392a                matrix_can_read
 *fill*         0x0800392e        0x2 
 .text.keyboard_setup
                0x08003930       0x1c .build/obj_cannonkeys_instant65_default/quantum/keyboard.o
                0x08003930                keyboard_setup
 .text.is_keyboard_master
                0x0800394c        0x4 .build/obj_cannonkeys_instant65_default/quantum/keyboard.o
                0x0800394c                is_keyboard_master
 .text.should_process_keypress
                0x08003950        0x8 .build/obj_cannonkeys_instant65_default/quantum/keyboard.o
                0x08003950                should_process_keypress
 .text.housekeeping_task_kb
                0x08003958        0x2 .build/obj_cannonkeys_instant65_default/quantum/keyboard.o
                0x08003958                housekeeping_task_kb
 .text.housekeeping_task_user
                0x0800395a        0x2 .build/obj_cannonkeys_instant65_default/quantum/keyboard.o
                0x0800395a                housekeeping_task_user
 .text.housekeeping_task
                0x0800395c        0xc .build/obj_cannonkeys_instant65_default/quantum/keyboard.o
                0x0800395c                housekeeping_task
 .text.quantum_init
                0x08003968       0x44 .build/obj_cannonkeys_instant65_default/quantum/keyboard.o
                0x08003968                quantum_init
 .text.keyboard_init
                0x080039ac       0x24 .build/obj_cannonkeys_instant65_default/quantum/keyboard.o
                0x080039ac                keyboard_init
 .text.keyboard_task
                0x080039d0       0xd8 .build/obj_cannonkeys_instant65_default/quantum/keyboard.o
                0x080039d0                keyboard_task
 .text.action_for_keycode
                0x08003aa8      0x1d8 .build/obj_cannonkeys_instant65_default/quantum/keymap_common.o
                0x08003aa8                action_for_keycode
 .text.keymap_key_to_keycode
                0x08003c80       0x20 .build/obj_cannonkeys_instant65_default/quantum/keymap_common.o
                0x08003c80                keymap_key_to_keycode
 .text.action_for_key
                0x08003ca0       0x12 .build/obj_cannonkeys_instant65_default/quantum/keymap_common.o
                0x08003ca0                action_for_key
 *fill*         0x08003cb2        0x2 
 .text.keycode_config
                0x08003cb4      0x108 .build/obj_cannonkeys_instant65_default/quantum/keycode_config.o
                0x08003cb4                keycode_config
 .text.mod_config
                0x08003dbc       0x98 .build/obj_cannonkeys_instant65_default/quantum/keycode_config.o
                0x08003dbc                mod_config
 .text.null_sendchar_func
                0x08003e54        0x4 .build/obj_cannonkeys_instant65_default/quantum/logging/print.o
 .text.print_set_sendchar
                0x08003e58        0xc .build/obj_cannonkeys_instant65_default/quantum/logging/print.o
                0x08003e58                print_set_sendchar
 .text.putchar_
                0x08003e64       0x10 .build/obj_cannonkeys_instant65_default/quantum/logging/print.o
                0x08003e64                putchar_
 .text.matrix_init_user
                0x08003e74        0x2 .build/obj_cannonkeys_instant65_default/quantum/matrix_common.o
                0x08003e74                matrix_init_user
 .text.matrix_init_kb
                0x08003e76        0x8 .build/obj_cannonkeys_instant65_default/quantum/matrix_common.o
                0x08003e76                matrix_init_kb
 .text.matrix_scan_user
                0x08003e7e        0x2 .build/obj_cannonkeys_instant65_default/quantum/matrix_common.o
                0x08003e7e                matrix_scan_user
 .text.matrix_scan_kb
                0x08003e80        0x8 .build/obj_cannonkeys_instant65_default/quantum/matrix_common.o
                0x08003e80                matrix_scan_kb
 .text.matrix_get_row
                0x08003e88        0xc .build/obj_cannonkeys_instant65_default/quantum/matrix_common.o
                0x08003e88                matrix_get_row
 .text.matrix_print
                0x08003e94       0x50 .build/obj_cannonkeys_instant65_default/quantum/matrix_common.o
                0x08003e94                matrix_print
 .text.matrix_io_delay
                0x08003ee4        0xa .build/obj_cannonkeys_instant65_default/quantum/matrix_common.o
                0x08003ee4                matrix_io_delay
 .text.matrix_output_select_delay
                0x08003eee       0x1a .build/obj_cannonkeys_instant65_default/quantum/matrix_common.o
                0x08003eee                matrix_output_select_delay
 .text.matrix_output_unselect_delay
                0x08003f08        0x8 .build/obj_cannonkeys_instant65_default/quantum/matrix_common.o
                0x08003f08                matrix_output_unselect_delay
 .text.gpio_atomic_set_pin_input_high
                0x08003f10       0x1a .build/obj_cannonkeys_instant65_default/quantum/matrix.o
 *fill*         0x08003f2a        0x2 
 .text.matrix_init_pins
                0x08003f2c       0x38 .build/obj_cannonkeys_instant65_default/quantum/matrix.o
                0x08003f2c                matrix_init_pins
 .text.matrix_read_cols_on_row
                0x08003f64       0x9c .build/obj_cannonkeys_instant65_default/quantum/matrix.o
                0x08003f64                matrix_read_cols_on_row
 .text.matrix_init
                0x08004000       0x30 .build/obj_cannonkeys_instant65_default/quantum/matrix.o
                0x08004000                matrix_init
 .text.matrix_scan
                0x08004030       0x64 .build/obj_cannonkeys_instant65_default/quantum/matrix.o
                0x08004030                matrix_scan
 .text.debounce_init
                0x08004094        0x2 .build/obj_cannonkeys_instant65_default/quantum/debounce/sym_defer_g.o
                0x08004094                debounce_init
 *fill*         0x08004096        0x2 
 .text.debounce
                0x08004098       0x60 .build/obj_cannonkeys_instant65_default/quantum/debounce/sym_defer_g.o
                0x08004098                debounce
 .text.protocol_keyboard_task
                0x080040f8        0x8 .build/obj_cannonkeys_instant65_default/quantum/main.o
                0x080040f8                protocol_keyboard_task
 .text.startup.main
                0x08004100       0x30 .build/obj_cannonkeys_instant65_default/quantum/main.o
                0x08004100                main
 .text.putchar_via_gadget
                0x08004130       0x24 .build/obj_cannonkeys_instant65_default/printf.o
 .text.out_rev_
                0x08004154       0x56 .build/obj_cannonkeys_instant65_default/printf.o
 *fill*         0x080041aa        0x2 
 .text.print_integer
                0x080041ac      0x174 .build/obj_cannonkeys_instant65_default/printf.o
 .text.putchar_wrapper
                0x08004320        0x8 .build/obj_cannonkeys_instant65_default/printf.o
 .text.vsnprintf_impl.constprop.0
                0x08004328      0x38c .build/obj_cannonkeys_instant65_default/printf.o
 .text.vprintf  0x080046b4       0x28 .build/obj_cannonkeys_instant65_default/printf.o
                0x080046b4                vprintf
 .text.printf   0x080046dc       0x16 .build/obj_cannonkeys_instant65_default/printf.o
                0x080046dc                printf
 .text.eeprom_read_byte
                0x080046f2       0x18 .build/obj_cannonkeys_instant65_default/eeprom_driver.o
                0x080046f2                eeprom_read_byte
 .text.eeprom_read_word
                0x0800470a       0x18 .build/obj_cannonkeys_instant65_default/eeprom_driver.o
                0x0800470a                eeprom_read_word
 .text.eeprom_read_dword
                0x08004722       0x14 .build/obj_cannonkeys_instant65_default/eeprom_driver.o
                0x08004722                eeprom_read_dword
 .text.eeprom_write_byte
                0x08004736       0x14 .build/obj_cannonkeys_instant65_default/eeprom_driver.o
                0x08004736                eeprom_write_byte
 .text.eeprom_write_word
                0x0800474a       0x14 .build/obj_cannonkeys_instant65_default/eeprom_driver.o
                0x0800474a                eeprom_write_word
 .text.eeprom_write_dword
                0x0800475e       0x10 .build/obj_cannonkeys_instant65_default/eeprom_driver.o
                0x0800475e                eeprom_write_dword
 .text.eeprom_update_block
                0x0800476e       0x3a .build/obj_cannonkeys_instant65_default/eeprom_driver.o
                0x0800476e                eeprom_update_block
 .text.eeprom_update_byte
                0x080047a8       0x18 .build/obj_cannonkeys_instant65_default/eeprom_driver.o
                0x080047a8                eeprom_update_byte
 .text.eeprom_update_word
                0x080047c0       0x18 .build/obj_cannonkeys_instant65_default/eeprom_driver.o
                0x080047c0                eeprom_update_word
 .text.eeprom_update_dword
                0x080047d8       0x18 .build/obj_cannonkeys_instant65_default/eeprom_driver.o
                0x080047d8                eeprom_update_dword
 .text.eeprom_clear
                0x080047f0       0x40 .build/obj_cannonkeys_instant65_default/eeprom_legacy_emulated_flash.o
 .text.eeprom_write_direct_entry
                0x08004830       0x44 .build/obj_cannonkeys_instant65_default/eeprom_legacy_emulated_flash.o
 .text.eeprom_compact
                0x08004874       0x44 .build/obj_cannonkeys_instant65_default/eeprom_legacy_emulated_flash.o
 .text.eeprom_write_log_word_entry
                0x080048b8       0x80 .build/obj_cannonkeys_instant65_default/eeprom_legacy_emulated_flash.o
 .text.eeprom_write_log_byte_entry
                0x08004938       0x44 .build/obj_cannonkeys_instant65_default/eeprom_legacy_emulated_flash.o
 .text.EEPROM_Init
                0x0800497c       0xac .build/obj_cannonkeys_instant65_default/eeprom_legacy_emulated_flash.o
                0x0800497c                EEPROM_Init
 .text.EEPROM_Erase
                0x08004a28        0xc .build/obj_cannonkeys_instant65_default/eeprom_legacy_emulated_flash.o
                0x08004a28                EEPROM_Erase
 .text.EEPROM_WriteDataByte
                0x08004a34       0x44 .build/obj_cannonkeys_instant65_default/eeprom_legacy_emulated_flash.o
                0x08004a34                EEPROM_WriteDataByte
 .text.EEPROM_WriteDataWord
                0x08004a78       0x7c .build/obj_cannonkeys_instant65_default/eeprom_legacy_emulated_flash.o
                0x08004a78                EEPROM_WriteDataWord
 .text.EEPROM_ReadDataByte
                0x08004af4       0x18 .build/obj_cannonkeys_instant65_default/eeprom_legacy_emulated_flash.o
                0x08004af4                EEPROM_ReadDataByte
 .text.EEPROM_ReadDataWord
                0x08004b0c       0x34 .build/obj_cannonkeys_instant65_default/eeprom_legacy_emulated_flash.o
                0x08004b0c                EEPROM_ReadDataWord
 .text.eeprom_driver_init
                0x08004b40        0x8 .build/obj_cannonkeys_instant65_default/eeprom_legacy_emulated_flash.o
                0x08004b40                eeprom_driver_init
 .text.eeprom_driver_format
                0x08004b48        0x8 .build/obj_cannonkeys_instant65_default/eeprom_legacy_emulated_flash.o
                0x08004b48                eeprom_driver_format
 .text.eeprom_read_block
                0x08004b50       0x76 .build/obj_cannonkeys_instant65_default/eeprom_legacy_emulated_flash.o
                0x08004b50                eeprom_read_block
 .text.eeprom_write_block
                0x08004bc6       0x70 .build/obj_cannonkeys_instant65_default/eeprom_legacy_emulated_flash.o
                0x08004bc6                eeprom_write_block
 *fill*         0x08004c36        0x2 
 .text.FLASH_GetStatus
                0x08004c38       0x2c .build/obj_cannonkeys_instant65_default/legacy_flash_ops.o
                0x08004c38                FLASH_GetStatus
 .text.FLASH_WaitForLastOperation
                0x08004c64       0x3a .build/obj_cannonkeys_instant65_default/legacy_flash_ops.o
                0x08004c64                FLASH_WaitForLastOperation
 *fill*         0x08004c9e        0x2 
 .text.FLASH_ErasePage
                0x08004ca0       0x40 .build/obj_cannonkeys_instant65_default/legacy_flash_ops.o
                0x08004ca0                FLASH_ErasePage
 .text.FLASH_ProgramHalfWord
                0x08004ce0       0x48 .build/obj_cannonkeys_instant65_default/legacy_flash_ops.o
                0x08004ce0                FLASH_ProgramHalfWord
 .text.FLASH_Unlock
                0x08004d28       0x20 .build/obj_cannonkeys_instant65_default/legacy_flash_ops.o
                0x08004d28                FLASH_Unlock
 .text.FLASH_Lock
                0x08004d48       0x10 .build/obj_cannonkeys_instant65_default/legacy_flash_ops.o
                0x08004d48                FLASH_Lock
 .text.hsv_to_rgb_impl
                0x08004d58       0xc0 .build/obj_cannonkeys_instant65_default/quantum/color.o
                0x08004d58                hsv_to_rgb_impl
 .text.hsv_to_rgb
                0x08004e18       0x2c .build/obj_cannonkeys_instant65_default/quantum/color.o
                0x08004e18                hsv_to_rgb
 .text.rgblight_effect_dummy
                0x08004e44        0x2 .build/obj_cannonkeys_instant65_default/quantum/rgblight/rgblight.o
 *fill*         0x08004e46        0x2 
 .text.rgblight_hsv_to_rgb
                0x08004e48       0x28 .build/obj_cannonkeys_instant65_default/quantum/rgblight/rgblight.o
                0x08004e48                rgblight_hsv_to_rgb
 .text.sethsv_raw
                0x08004e70       0x22 .build/obj_cannonkeys_instant65_default/quantum/rgblight/rgblight.o
                0x08004e70                sethsv_raw
 *fill*         0x08004e92        0x2 
 .text.rgblight_check_config
                0x08004e94       0x28 .build/obj_cannonkeys_instant65_default/quantum/rgblight/rgblight.o
                0x08004e94                rgblight_check_config
 .text.eeconfig_read_rgblight
                0x08004ebc       0x16 .build/obj_cannonkeys_instant65_default/quantum/rgblight/rgblight.o
                0x08004ebc                eeconfig_read_rgblight
 .text.eeconfig_update_rgblight
                0x08004ed2       0x1c .build/obj_cannonkeys_instant65_default/quantum/rgblight/rgblight.o
                0x08004ed2                eeconfig_update_rgblight
 *fill*         0x08004eee        0x2 
 .text.eeconfig_update_rgblight_default
                0x08004ef0       0x20 .build/obj_cannonkeys_instant65_default/quantum/rgblight/rgblight.o
                0x08004ef0                eeconfig_update_rgblight_default
 .text.eeconfig_debug_rgblight
                0x08004f10       0xac .build/obj_cannonkeys_instant65_default/quantum/rgblight/rgblight.o
                0x08004f10                eeconfig_debug_rgblight
 .text.rgblight_get_mode
                0x08004fbc       0x14 .build/obj_cannonkeys_instant65_default/quantum/rgblight/rgblight.o
                0x08004fbc                rgblight_get_mode
 .text.rgblight_increase_speed_helper
                0x08004fd0       0x20 .build/obj_cannonkeys_instant65_default/quantum/rgblight/rgblight.o
                0x08004fd0                rgblight_increase_speed_helper
 .text.rgblight_increase_speed
                0x08004ff0        0xa .build/obj_cannonkeys_instant65_default/quantum/rgblight/rgblight.o
                0x08004ff0                rgblight_increase_speed
 *fill*         0x08004ffa        0x2 
 .text.rgblight_decrease_speed_helper
                0x08004ffc       0x20 .build/obj_cannonkeys_instant65_default/quantum/rgblight/rgblight.o
                0x08004ffc                rgblight_decrease_speed_helper
 .text.rgblight_decrease_speed
                0x0800501c        0xa .build/obj_cannonkeys_instant65_default/quantum/rgblight/rgblight.o
                0x0800501c                rgblight_decrease_speed
 *fill*         0x08005026        0x2 
 .text.rgblight_set
                0x08005028       0x54 .build/obj_cannonkeys_instant65_default/quantum/rgblight/rgblight.o
                0x08005028                rgblight_set
 .text.rgblight_setrgb
                0x0800507c       0x3c .build/obj_cannonkeys_instant65_default/quantum/rgblight/rgblight.o
                0x0800507c                rgblight_setrgb
 .text.rgblight_sethsv_noeeprom_old
                0x080050b8       0x24 .build/obj_cannonkeys_instant65_default/quantum/rgblight/rgblight.o
                0x080050b8                rgblight_sethsv_noeeprom_old
 .text.rgblight_effect_breathing
                0x080050dc       0x24 .build/obj_cannonkeys_instant65_default/quantum/rgblight/rgblight.o
                0x080050dc                rgblight_effect_breathing
 .text.rgblight_effect_rainbow_mood
                0x08005100       0x1c .build/obj_cannonkeys_instant65_default/quantum/rgblight/rgblight.o
                0x08005100                rgblight_effect_rainbow_mood
 .text.rgblight_effect_rgbtest
                0x0800511c       0x5c .build/obj_cannonkeys_instant65_default/quantum/rgblight/rgblight.o
                0x0800511c                rgblight_effect_rgbtest
 .text.rgblight_sethsv_eeprom_helper
                0x08005178      0x140 .build/obj_cannonkeys_instant65_default/quantum/rgblight/rgblight.o
                0x08005178                rgblight_sethsv_eeprom_helper
 .text.rgblight_increase_hue_helper
                0x080052b8       0x1c .build/obj_cannonkeys_instant65_default/quantum/rgblight/rgblight.o
                0x080052b8                rgblight_increase_hue_helper
 .text.rgblight_increase_hue
                0x080052d4        0xa .build/obj_cannonkeys_instant65_default/quantum/rgblight/rgblight.o
                0x080052d4                rgblight_increase_hue
 *fill*         0x080052de        0x2 
 .text.rgblight_decrease_hue_helper
                0x080052e0       0x1c .build/obj_cannonkeys_instant65_default/quantum/rgblight/rgblight.o
                0x080052e0                rgblight_decrease_hue_helper
 .text.rgblight_decrease_hue
                0x080052fc        0xa .build/obj_cannonkeys_instant65_default/quantum/rgblight/rgblight.o
                0x080052fc                rgblight_decrease_hue
 *fill*         0x08005306        0x2 
 .text.rgblight_increase_sat_helper
                0x08005308       0x24 .build/obj_cannonkeys_instant65_default/quantum/rgblight/rgblight.o
                0x08005308                rgblight_increase_sat_helper
 .text.rgblight_increase_sat
                0x0800532c        0xa .build/obj_cannonkeys_instant65_default/quantum/rgblight/rgblight.o
                0x0800532c                rgblight_increase_sat
 *fill*         0x08005336        0x2 
 .text.rgblight_decrease_sat_helper
                0x08005338       0x24 .build/obj_cannonkeys_instant65_default/quantum/rgblight/rgblight.o
                0x08005338                rgblight_decrease_sat_helper
 .text.rgblight_decrease_sat
                0x0800535c        0xa .build/obj_cannonkeys_instant65_default/quantum/rgblight/rgblight.o
                0x0800535c                rgblight_decrease_sat
 *fill*         0x08005366        0x2 
 .text.rgblight_increase_val_helper
                0x08005368       0x24 .build/obj_cannonkeys_instant65_default/quantum/rgblight/rgblight.o
                0x08005368                rgblight_increase_val_helper
 .text.rgblight_increase_val
                0x0800538c        0xa .build/obj_cannonkeys_instant65_default/quantum/rgblight/rgblight.o
                0x0800538c                rgblight_increase_val
 *fill*         0x08005396        0x2 
 .text.rgblight_decrease_val_helper
                0x08005398       0x24 .build/obj_cannonkeys_instant65_default/quantum/rgblight/rgblight.o
                0x08005398                rgblight_decrease_val_helper
 .text.rgblight_decrease_val
                0x080053bc        0xa .build/obj_cannonkeys_instant65_default/quantum/rgblight/rgblight.o
                0x080053bc                rgblight_decrease_val
 .text.rgblight_sethsv_noeeprom
                0x080053c6        0xa .build/obj_cannonkeys_instant65_default/quantum/rgblight/rgblight.o
                0x080053c6                rgblight_sethsv_noeeprom
 .text.rgblight_effect_rainbow_swirl
                0x080053d0       0x64 .build/obj_cannonkeys_instant65_default/quantum/rgblight/rgblight.o
                0x080053d0                rgblight_effect_rainbow_swirl
 .text.rgblight_effect_snake
                0x08005434       0xc4 .build/obj_cannonkeys_instant65_default/quantum/rgblight/rgblight.o
                0x08005434                rgblight_effect_snake
 .text.rgblight_effect_knight
                0x080054f8       0xb8 .build/obj_cannonkeys_instant65_default/quantum/rgblight/rgblight.o
                0x080054f8                rgblight_effect_knight
 .text.rgblight_effect_christmas
                0x080055b0       0xa4 .build/obj_cannonkeys_instant65_default/quantum/rgblight/rgblight.o
                0x080055b0                rgblight_effect_christmas
 .text.rgblight_effect_alternating
                0x08005654       0x60 .build/obj_cannonkeys_instant65_default/quantum/rgblight/rgblight.o
                0x08005654                rgblight_effect_alternating
 .text.rgblight_effect_twinkle
                0x080056b4      0x140 .build/obj_cannonkeys_instant65_default/quantum/rgblight/rgblight.o
                0x080056b4                rgblight_effect_twinkle
 .text.rgblight_timer_enable
                0x080057f4       0x4c .build/obj_cannonkeys_instant65_default/quantum/rgblight/rgblight.o
                0x080057f4                rgblight_timer_enable
 .text.rgblight_timer_disable
                0x08005840       0x24 .build/obj_cannonkeys_instant65_default/quantum/rgblight/rgblight.o
                0x08005840                rgblight_timer_disable
 .text.rgblight_mode_eeprom_helper
                0x08005864       0x9c .build/obj_cannonkeys_instant65_default/quantum/rgblight/rgblight.o
                0x08005864                rgblight_mode_eeprom_helper
 .text.rgblight_step_helper
                0x08005900       0x1c .build/obj_cannonkeys_instant65_default/quantum/rgblight/rgblight.o
                0x08005900                rgblight_step_helper
 .text.rgblight_step
                0x0800591c        0xa .build/obj_cannonkeys_instant65_default/quantum/rgblight/rgblight.o
                0x0800591c                rgblight_step
 *fill*         0x08005926        0x2 
 .text.rgblight_step_reverse_helper
                0x08005928       0x20 .build/obj_cannonkeys_instant65_default/quantum/rgblight/rgblight.o
                0x08005928                rgblight_step_reverse_helper
 .text.rgblight_step_reverse
                0x08005948        0xa .build/obj_cannonkeys_instant65_default/quantum/rgblight/rgblight.o
                0x08005948                rgblight_step_reverse
 .text.rgblight_mode
                0x08005952        0xa .build/obj_cannonkeys_instant65_default/quantum/rgblight/rgblight.o
                0x08005952                rgblight_mode
 .text.rgblight_enable
                0x0800595c       0x30 .build/obj_cannonkeys_instant65_default/quantum/rgblight/rgblight.o
                0x0800595c                rgblight_enable
 .text.rgblight_mode_noeeprom
                0x0800598c        0xa .build/obj_cannonkeys_instant65_default/quantum/rgblight/rgblight.o
                0x0800598c                rgblight_mode_noeeprom
 *fill*         0x08005996        0x2 
 .text.rgblight_init
                0x08005998       0x84 .build/obj_cannonkeys_instant65_default/quantum/rgblight/rgblight.o
                0x08005998                rgblight_init
 .text.rgblight_disable
                0x08005a1c       0x40 .build/obj_cannonkeys_instant65_default/quantum/rgblight/rgblight.o
                0x08005a1c                rgblight_disable
 .text.rgblight_toggle
                0x08005a5c       0x3c .build/obj_cannonkeys_instant65_default/quantum/rgblight/rgblight.o
                0x08005a5c                rgblight_toggle
 .text.rgblight_timer_task
                0x08005a98      0x118 .build/obj_cannonkeys_instant65_default/quantum/rgblight/rgblight.o
                0x08005a98                rgblight_timer_task
 .text.preprocess_rgblight
                0x08005bb0        0x2 .build/obj_cannonkeys_instant65_default/quantum/rgblight/rgblight.o
                0x08005bb0                preprocess_rgblight
 .text.rgblight_task
                0x08005bb2        0x8 .build/obj_cannonkeys_instant65_default/quantum/rgblight/rgblight.o
                0x08005bb2                rgblight_task
 .text.handleKeycodeRGB
                0x08005bba        0xe .build/obj_cannonkeys_instant65_default/quantum/process_keycode/process_rgb.o
 .text.handleKeycodeRGBMode
                0x08005bc8       0x24 .build/obj_cannonkeys_instant65_default/quantum/process_keycode/process_rgb.o
 .text.process_rgb
                0x08005bec       0xec .build/obj_cannonkeys_instant65_default/quantum/process_keycode/process_rgb.o
                0x08005bec                process_rgb
 .text.eeconfig_read_backlight
                0x08005cd8        0xa .build/obj_cannonkeys_instant65_default/quantum/backlight/backlight.o
                0x08005cd8                eeconfig_read_backlight
 .text.eeconfig_update_backlight
                0x08005ce2        0xc .build/obj_cannonkeys_instant65_default/quantum/backlight/backlight.o
                0x08005ce2                eeconfig_update_backlight
 *fill*         0x08005cee        0x2 
 .text.eeconfig_update_backlight_default
                0x08005cf0       0x14 .build/obj_cannonkeys_instant65_default/quantum/backlight/backlight.o
                0x08005cf0                eeconfig_update_backlight_default
 .text.get_backlight_level
                0x08005d04        0xc .build/obj_cannonkeys_instant65_default/quantum/backlight/backlight.o
                0x08005d04                get_backlight_level
 .text.backlight_enable_breathing
                0x08005d10       0x34 .build/obj_cannonkeys_instant65_default/quantum/backlight/backlight.o
                0x08005d10                backlight_enable_breathing
 .text.backlight_disable_breathing
                0x08005d44       0x34 .build/obj_cannonkeys_instant65_default/quantum/backlight/backlight.o
                0x08005d44                backlight_disable_breathing
 .text.backlight_toggle_breathing
                0x08005d78       0x38 .build/obj_cannonkeys_instant65_default/quantum/backlight/backlight.o
                0x08005d78                backlight_toggle_breathing
 .text.is_backlight_breathing
                0x08005db0       0x10 .build/obj_cannonkeys_instant65_default/quantum/backlight/backlight.o
                0x08005db0                is_backlight_breathing
 .text.get_breathing_period
                0x08005dc0        0xc .build/obj_cannonkeys_instant65_default/quantum/backlight/backlight.o
                0x08005dc0                get_breathing_period
 .text.backlight_init
                0x08005dcc       0x4c .build/obj_cannonkeys_instant65_default/quantum/backlight/backlight.o
                0x08005dcc                backlight_init
 .text.backlight_increase
                0x08005e18       0x50 .build/obj_cannonkeys_instant65_default/quantum/backlight/backlight.o
                0x08005e18                backlight_increase
 .text.backlight_decrease
                0x08005e68       0x54 .build/obj_cannonkeys_instant65_default/quantum/backlight/backlight.o
                0x08005e68                backlight_decrease
 .text.backlight_enable
                0x08005ebc       0x44 .build/obj_cannonkeys_instant65_default/quantum/backlight/backlight.o
                0x08005ebc                backlight_enable
 .text.backlight_disable
                0x08005f00       0x38 .build/obj_cannonkeys_instant65_default/quantum/backlight/backlight.o
                0x08005f00                backlight_disable
 .text.backlight_toggle
                0x08005f38       0x38 .build/obj_cannonkeys_instant65_default/quantum/backlight/backlight.o
                0x08005f38                backlight_toggle
 .text.backlight_step
                0x08005f70       0x64 .build/obj_cannonkeys_instant65_default/quantum/backlight/backlight.o
                0x08005f70                backlight_step
 .text.backlight_level_noeeprom
                0x08005fd4       0x38 .build/obj_cannonkeys_instant65_default/quantum/backlight/backlight.o
                0x08005fd4                backlight_level_noeeprom
 .text.backlight_level
                0x0800600c       0x14 .build/obj_cannonkeys_instant65_default/quantum/backlight/backlight.o
                0x0800600c                backlight_level
 .text.process_backlight
                0x08006020       0x54 .build/obj_cannonkeys_instant65_default/quantum/process_keycode/process_backlight.o
                0x08006020                process_backlight
 .text.breathing_callback
                0x08006074       0xa8 .build/obj_cannonkeys_instant65_default/platforms/chibios/drivers/backlight_pwm.o
 .text.backlight_set
                0x0800611c       0x68 .build/obj_cannonkeys_instant65_default/platforms/chibios/drivers/backlight_pwm.o
                0x0800611c                backlight_set
 .text.backlight_task
                0x08006184        0x2 .build/obj_cannonkeys_instant65_default/platforms/chibios/drivers/backlight_pwm.o
                0x08006184                backlight_task
 *fill*         0x08006186        0x2 
 .text.breathing_enable
                0x08006188       0x2c .build/obj_cannonkeys_instant65_default/platforms/chibios/drivers/backlight_pwm.o
                0x08006188                breathing_enable
 .text.backlight_init_ports
                0x080061b4       0x44 .build/obj_cannonkeys_instant65_default/platforms/chibios/drivers/backlight_pwm.o
                0x080061b4                backlight_init_ports
 .text.breathing_disable
                0x080061f8       0x20 .build/obj_cannonkeys_instant65_default/platforms/chibios/drivers/backlight_pwm.o
                0x080061f8                breathing_disable
 .text.get_protocol_eq
                0x08006218       0x2a .build/obj_cannonkeys_instant65_default/ws2812_spi.o
 *fill*         0x08006242        0x2 
 .text.ws2812_init
                0x08006244       0x40 .build/obj_cannonkeys_instant65_default/ws2812_spi.o
                0x08006244                ws2812_init
 .text.ws2812_setleds
                0x08006284       0x88 .build/obj_cannonkeys_instant65_default/ws2812_spi.o
                0x08006284                ws2812_setleds
 .text.bootmagic_reset_eeprom
                0x0800630c        0x8 .build/obj_cannonkeys_instant65_default/quantum/bootmagic/bootmagic.o
                0x0800630c                bootmagic_reset_eeprom
 .text.bootmagic_should_reset
                0x08006314        0xe .build/obj_cannonkeys_instant65_default/quantum/bootmagic/bootmagic.o
                0x08006314                bootmagic_should_reset
 .text.bootmagic_scan
                0x08006322       0x24 .build/obj_cannonkeys_instant65_default/quantum/bootmagic/bootmagic.o
                0x08006322                bootmagic_scan
 .text.bootmagic
                0x08006346        0x8 .build/obj_cannonkeys_instant65_default/quantum/bootmagic/bootmagic.o
                0x08006346                bootmagic
 *fill*         0x0800634e        0x2 
 .text.mousekey_param_print
                0x08006350       0x48 .build/obj_cannonkeys_instant65_default/quantum/command.o
 .text.mousekey_console
                0x08006398      0x1c8 .build/obj_cannonkeys_instant65_default/quantum/command.o
 .text.switch_default_layer
                0x08006560       0x20 .build/obj_cannonkeys_instant65_default/quantum/command.o
 .text.command_common
                0x08006580      0x2e4 .build/obj_cannonkeys_instant65_default/quantum/command.o
 .text.command_extra
                0x08006864        0x4 .build/obj_cannonkeys_instant65_default/quantum/command.o
                0x08006864                command_extra
 .text.command_console_extra
                0x08006868        0x4 .build/obj_cannonkeys_instant65_default/quantum/command.o
                0x08006868                command_console_extra
 .text.command_proc
                0x0800686c       0xb0 .build/obj_cannonkeys_instant65_default/quantum/command.o
                0x0800686c                command_proc
 .text.process_grave_esc
                0x0800691c       0x54 .build/obj_cannonkeys_instant65_default/quantum/process_keycode/process_grave_esc.o
                0x0800691c                process_grave_esc
 .text.process_magic
                0x08006970      0x1c0 .build/obj_cannonkeys_instant65_default/quantum/process_keycode/process_magic.o
                0x08006970                process_magic
 .text.times_inv_sqrt2
                0x08006b30       0x1a .build/obj_cannonkeys_instant65_default/quantum/mousekey.o
 *fill*         0x08006b4a        0x2 
 .text.move_unit
                0x08006b4c       0x6c .build/obj_cannonkeys_instant65_default/quantum/mousekey.o
 .text.wheel_unit
                0x08006bb8       0x68 .build/obj_cannonkeys_instant65_default/quantum/mousekey.o
 .text.mousekey_on
                0x08006c20       0xb4 .build/obj_cannonkeys_instant65_default/quantum/mousekey.o
                0x08006c20                mousekey_on
 .text.mousekey_off
                0x08006cd4       0xf0 .build/obj_cannonkeys_instant65_default/quantum/mousekey.o
                0x08006cd4                mousekey_off
 .text.mousekey_send
                0x08006dc4       0xe8 .build/obj_cannonkeys_instant65_default/quantum/mousekey.o
                0x08006dc4                mousekey_send
 .text.mousekey_clear
                0x08006eac       0x2c .build/obj_cannonkeys_instant65_default/quantum/mousekey.o
                0x08006eac                mousekey_clear
 .text.should_mousekey_report_send
                0x08006ed8       0x26 .build/obj_cannonkeys_instant65_default/quantum/mousekey.o
                0x08006ed8                should_mousekey_report_send
 *fill*         0x08006efe        0x2 
 .text.mousekey_task
                0x08006f00      0x1ac .build/obj_cannonkeys_instant65_default/quantum/mousekey.o
                0x08006f00                mousekey_task
 .text.perform_space_cadet
                0x080070ac       0xb4 .build/obj_cannonkeys_instant65_default/quantum/process_keycode/process_space_cadet.o
                0x080070ac                perform_space_cadet
 .text.process_space_cadet
                0x08007160       0xac .build/obj_cannonkeys_instant65_default/quantum/process_keycode/process_space_cadet.o
                0x08007160                process_space_cadet
 .text.host_set_driver
                0x0800720c        0xc .build/obj_cannonkeys_instant65_default/protocol/host.o
                0x0800720c                host_set_driver
 .text.host_keyboard_leds
                0x08007218       0x14 .build/obj_cannonkeys_instant65_default/protocol/host.o
                0x08007218                host_keyboard_leds
 .text.host_keyboard_led_state
                0x0800722c        0x8 .build/obj_cannonkeys_instant65_default/protocol/host.o
                0x0800722c                host_keyboard_led_state
 .text.host_keyboard_send
                0x08007234       0x60 .build/obj_cannonkeys_instant65_default/protocol/host.o
                0x08007234                host_keyboard_send
 .text.host_nkro_send
                0x08007294       0x64 .build/obj_cannonkeys_instant65_default/protocol/host.o
                0x08007294                host_nkro_send
 .text.host_mouse_send
                0x080072f8       0x18 .build/obj_cannonkeys_instant65_default/protocol/host.o
                0x080072f8                host_mouse_send
 .text.host_system_send
                0x08007310       0x34 .build/obj_cannonkeys_instant65_default/protocol/host.o
                0x08007310                host_system_send
 .text.host_consumer_send
                0x08007344       0x34 .build/obj_cannonkeys_instant65_default/protocol/host.o
                0x08007344                host_consumer_send
 .text.has_anykey
                0x08007378       0x48 .build/obj_cannonkeys_instant65_default/protocol/report.o
                0x08007378                has_anykey
 .text.is_key_pressed
                0x080073c0       0x64 .build/obj_cannonkeys_instant65_default/protocol/report.o
                0x080073c0                is_key_pressed
 .text.add_key_byte
                0x08007424       0x2c .build/obj_cannonkeys_instant65_default/protocol/report.o
                0x08007424                add_key_byte
 .text.del_key_byte
                0x08007450       0x18 .build/obj_cannonkeys_instant65_default/protocol/report.o
                0x08007450                del_key_byte
 .text.add_key_bit
                0x08007468       0x34 .build/obj_cannonkeys_instant65_default/protocol/report.o
                0x08007468                add_key_bit
 .text.del_key_bit